[0.009s] Invoking command in '/home/gturrisi-iit.local/other_ws_home/iekf-legged-robot-pytorch/ros2_ws/build/dls2_interface': CONDA_PROMPT_MODIFIER=(ekf_legged_robot_env) DEBUGINFOD_URLS=https://debuginfod.ubuntu.com /home/gturrisi-iit.local/miniforge3/envs/ekf_legged_robot_env/bin/cmake /home/gturrisi-iit.local/other_ws_home/iekf-legged-robot-pytorch/ros2_ws/src/dls2_interface -DCMAKE_INSTALL_PREFIX=/home/gturrisi-iit.local/other_ws_home/iekf-legged-robot-pytorch/ros2_ws/install/dls2_interface
[0.054s] -- The C compiler identification is GNU 15.3.0
[0.123s] -- The CXX compiler identification is GNU 15.3.0
[0.128s] -- Detecting C compiler ABI info
[0.182s] -- Detecting C compiler ABI info - done
[0.194s] -- Check for working C compiler: /home/gturrisi-iit.local/miniforge3/envs/ekf_legged_robot_env/bin/x86_64-conda-linux-gnu-cc - skipped
[0.194s] -- Detecting C compile features
[0.194s] -- Detecting C compile features - done
[0.204s] -- Detecting CXX compiler ABI info
[0.271s] -- Detecting CXX compiler ABI info - done
[0.286s] -- Check for working CXX compiler: /home/gturrisi-iit.local/miniforge3/envs/ekf_legged_robot_env/bin/x86_64-conda-linux-gnu-c++ - skipped
[0.286s] -- Detecting CXX compile features
[0.286s] -- Detecting CXX compile features - done
[0.293s] -- Found ament_cmake: 1.3.14 (/home/gturrisi-iit.local/miniforge3/envs/ekf_legged_robot_env/share/ament_cmake/cmake)
[0.372s] -- Found Python3: /home/gturrisi-iit.local/miniforge3/envs/ekf_legged_robot_env/bin/python3 (found version "3.12.14") found components: Interpreter
[0.461s] -- Found rosidl_default_generators: 1.2.1 (/home/gturrisi-iit.local/miniforge3/envs/ekf_legged_robot_env/share/rosidl_default_generators/cmake)
[0.464s] -- Using all available rosidl_typesupport_c: rosidl_typesupport_fastrtps_c;rosidl_typesupport_introspection_c
[0.471s] -- Found rosidl_adapter: 3.1.8 (/home/gturrisi-iit.local/miniforge3/envs/ekf_legged_robot_env/share/rosidl_adapter/cmake)
[0.507s] -- Using all available rosidl_typesupport_cpp: rosidl_typesupport_fastrtps_cpp;rosidl_typesupport_introspection_cpp
[0.964s] -- Found ament_cmake_ros: 0.10.0 (/home/gturrisi-iit.local/miniforge3/envs/ekf_legged_robot_env/share/ament_cmake_ros/cmake)
[1.201s] -- Using all available rosidl_typesupport_c: rosidl_typesupport_fastrtps_c;rosidl_typesupport_introspection_c
[1.544s] -- Using all available rosidl_typesupport_cpp: rosidl_typesupport_fastrtps_cpp;rosidl_typesupport_introspection_cpp
[1.547s] -- Found python_cmake_module: 0.10.0 (/home/gturrisi-iit.local/miniforge3/envs/ekf_legged_robot_env/share/python_cmake_module/cmake)
[1.548s] [33mCMake Warning (dev) at /home/gturrisi-iit.local/miniforge3/envs/ekf_legged_robot_env/share/python_cmake_module/cmake/Modules/FindPythonExtra.cmake:52 (find_package):
[1.548s]   Policy CMP0148 is not set: The FindPythonInterp and FindPythonLibs modules
[1.548s]   are removed.  Run "cmake --help-policy CMP0148" for policy details.  Use
[1.548s]   the cmake_policy command to set the policy and suppress this warning.
[1.548s] 
[1.548s] Call Stack (most recent call first):
[1.548s]   /home/gturrisi-iit.local/miniforge3/envs/ekf_legged_robot_env/share/rosidl_generator_py/cmake/rosidl_generator_py_generate_interfaces.cmake:33 (find_package)
[1.548s]   /home/gturrisi-iit.local/miniforge3/envs/ekf_legged_robot_env/share/ament_cmake_core/cmake/core/ament_execute_extensions.cmake:48 (include)
[1.548s]   /home/gturrisi-iit.local/miniforge3/envs/ekf_legged_robot_env/share/rosidl_cmake/cmake/rosidl_generate_interfaces.cmake:286 (ament_execute_extensions)
[1.548s]   CMakeLists.txt:13 (rosidl_generate_interfaces)
[1.548s] This warning is for project developers.  Use -Wno-dev to suppress it.
[1.548s] [0m
[1.560s] [33mCMake Warning (dev) at /home/gturrisi-iit.local/miniforge3/envs/ekf_legged_robot_env/share/python_cmake_module/cmake/Modules/FindPythonExtra.cmake:140 (find_package):
[1.560s]   Policy CMP0148 is not set: The FindPythonInterp and FindPythonLibs modules
[1.560s]   are removed.  Run "cmake --help-policy CMP0148" for policy details.  Use
[1.560s]   the cmake_policy command to set the policy and suppress this warning.
[1.560s] 
[1.560s] Call Stack (most recent call first):
[1.561s]   /home/gturrisi-iit.local/miniforge3/envs/ekf_legged_robot_env/share/rosidl_generator_py/cmake/rosidl_generator_py_generate_interfaces.cmake:33 (find_package)
[1.561s]   /home/gturrisi-iit.local/miniforge3/envs/ekf_legged_robot_env/share/ament_cmake_core/cmake/core/ament_execute_extensions.cmake:48 (include)
[1.561s]   /home/gturrisi-iit.local/miniforge3/envs/ekf_legged_robot_env/share/rosidl_cmake/cmake/rosidl_generate_interfaces.cmake:286 (ament_execute_extensions)
[1.561s]   CMakeLists.txt:13 (rosidl_generate_interfaces)
[1.561s] This warning is for project developers.  Use -Wno-dev to suppress it.
[1.561s] [0m
[1.562s] -- Found PythonInterp: /home/gturrisi-iit.local/miniforge3/envs/ekf_legged_robot_env/bin/python3 (found suitable version "3.12.14", minimum required is "3.6")
[1.564s] -- Found PythonLibs: /home/gturrisi-iit.local/miniforge3/envs/ekf_legged_robot_env/lib/libpython3.12.so (found suitable version "3.12.14", minimum required is "3.5")
[1.564s] -- Using PYTHON_EXECUTABLE: /home/gturrisi-iit.local/miniforge3/envs/ekf_legged_robot_env/bin/python3
[1.564s] -- Using PYTHON_INCLUDE_DIRS: /home/gturrisi-iit.local/miniforge3/envs/ekf_legged_robot_env/include/python3.12
[1.564s] -- Using PYTHON_LIBRARIES: /home/gturrisi-iit.local/miniforge3/envs/ekf_legged_robot_env/lib/libpython3.12.so
[1.580s] -- Found PythonExtra: .so
[2.012s] -- Found Python: /home/gturrisi-iit.local/miniforge3/envs/ekf_legged_robot_env/bin/python3.12 (found version "3.12.14") found components: Interpreter Development NumPy Development.Module Development.Embed
[2.140s] -- Found ament_lint_auto: 0.12.15 (/home/gturrisi-iit.local/miniforge3/envs/ekf_legged_robot_env/share/ament_lint_auto/cmake)
[2.166s] -- Added test 'lint_cmake' to check CMake code style
[2.167s] -- Added test 'xmllint' to check XML markup files
[2.169s] -- Configuring done (2.2s)
[2.204s] -- Generating done (0.0s)
[2.215s] -- Build files have been written to: /home/gturrisi-iit.local/other_ws_home/iekf-legged-robot-pytorch/ros2_ws/build/dls2_interface
[2.226s] Invoked command in '/home/gturrisi-iit.local/other_ws_home/iekf-legged-robot-pytorch/ros2_ws/build/dls2_interface' returned '0': CONDA_PROMPT_MODIFIER=(ekf_legged_robot_env) DEBUGINFOD_URLS=https://debuginfod.ubuntu.com /home/gturrisi-iit.local/miniforge3/envs/ekf_legged_robot_env/bin/cmake /home/gturrisi-iit.local/other_ws_home/iekf-legged-robot-pytorch/ros2_ws/src/dls2_interface -DCMAKE_INSTALL_PREFIX=/home/gturrisi-iit.local/other_ws_home/iekf-legged-robot-pytorch/ros2_ws/install/dls2_interface
[2.228s] Invoking command in '/home/gturrisi-iit.local/other_ws_home/iekf-legged-robot-pytorch/ros2_ws/build/dls2_interface': CONDA_PROMPT_MODIFIER=(ekf_legged_robot_env) DEBUGINFOD_URLS=https://debuginfod.ubuntu.com /home/gturrisi-iit.local/miniforge3/envs/ekf_legged_robot_env/bin/cmake --build /home/gturrisi-iit.local/other_ws_home/iekf-legged-robot-pytorch/ros2_ws/build/dls2_interface -- -j16 -l16
[2.260s] [  1%] [1m[34mGenerating C code for ROS interfaces[0m
[2.266s] [  2%] [1m[34mGenerating C++ code for ROS interfaces[0m
[2.267s] [  3%] [1m[34mGenerating Rust code for ROS interfaces[0m
[2.272s] [  3%] Built target ament_cmake_python_copy_dls2_interface
[2.441s] running egg_info
[2.454s] creating dls2_interface.egg-info
[2.455s] writing dls2_interface.egg-info/PKG-INFO
[2.455s] writing dependency_links to dls2_interface.egg-info/dependency_links.txt
[2.455s] writing top-level names to dls2_interface.egg-info/top_level.txt
[2.455s] writing manifest file 'dls2_interface.egg-info/SOURCES.txt'
[2.495s] reading manifest file 'dls2_interface.egg-info/SOURCES.txt'
[2.497s] writing manifest file 'dls2_interface.egg-info/SOURCES.txt'
[2.575s] [  3%] Built target ament_cmake_python_build_dls2_interface_egg
[2.818s] [  3%] Built target dls2_interface__rs
[2.835s] [  3%] Built target dls2_interface__cpp
[2.856s] [  5%] [1m[34mGenerating C++ introspection for ROS interfaces[0m
[2.858s] [  6%] [1m[34mGenerating C++ type support dispatch for ROS interfaces[0m
[2.866s] [  7%] [1m[34mGenerating C++ type support for eProsima Fast-RTPS[0m
[3.263s] [ 11%] [32mBuilding C object CMakeFiles/dls2_interface__rosidl_generator_c.dir/rosidl_generator_c/dls2_interface/msg/detail/blind_state__functions.c.o[0m
[3.264s] [ 11%] [32mBuilding C object CMakeFiles/dls2_interface__rosidl_generator_c.dir/rosidl_generator_c/dls2_interface/msg/detail/base_state_debug__functions.c.o[0m
[3.264s] [ 11%] [32mBuilding C object CMakeFiles/dls2_interface__rosidl_generator_c.dir/rosidl_generator_c/dls2_interface/msg/detail/pose__functions.c.o[0m
[3.264s] [ 12%] [32mBuilding C object CMakeFiles/dls2_interface__rosidl_generator_c.dir/rosidl_generator_c/dls2_interface/msg/detail/screw__functions.c.o[0m
[3.265s] [ 13%] [32mBuilding C object CMakeFiles/dls2_interface__rosidl_generator_c.dir/rosidl_generator_c/dls2_interface/msg/detail/imu__functions.c.o[0m
[3.265s] [ 15%] [32mBuilding C object CMakeFiles/dls2_interface__rosidl_generator_c.dir/rosidl_generator_c/dls2_interface/msg/detail/base_state__functions.c.o[0m
[3.267s] [ 16%] [32mBuilding C object CMakeFiles/dls2_interface__rosidl_generator_c.dir/rosidl_generator_c/dls2_interface/msg/detail/trajectory_generator__functions.c.o[0m
[3.470s] [ 18%] [32mBuilding CXX object CMakeFiles/dls2_interface__rosidl_typesupport_introspection_cpp.dir/rosidl_typesupport_introspection_cpp/dls2_interface/msg/detail/base_state_debug__type_support.cpp.o[0m
[3.470s] [ 18%] [32mBuilding CXX object CMakeFiles/dls2_interface__rosidl_typesupport_introspection_cpp.dir/rosidl_typesupport_introspection_cpp/dls2_interface/msg/detail/screw__type_support.cpp.o[0m
[3.470s] [ 20%] [32mBuilding CXX object CMakeFiles/dls2_interface__rosidl_typesupport_introspection_cpp.dir/rosidl_typesupport_introspection_cpp/dls2_interface/msg/detail/base_state__type_support.cpp.o[0m
[3.470s] [ 21%] [32mBuilding CXX object CMakeFiles/dls2_interface__rosidl_typesupport_introspection_cpp.dir/rosidl_typesupport_introspection_cpp/dls2_interface/msg/detail/pose__type_support.cpp.o[0m
[3.470s] [ 22%] [32mBuilding CXX object CMakeFiles/dls2_interface__rosidl_typesupport_introspection_cpp.dir/rosidl_typesupport_introspection_cpp/dls2_interface/msg/detail/trajectory_generator__type_support.cpp.o[0m
[3.471s] [ 23%] [32mBuilding CXX object CMakeFiles/dls2_interface__rosidl_typesupport_introspection_cpp.dir/rosidl_typesupport_introspection_cpp/dls2_interface/msg/detail/imu__type_support.cpp.o[0m
[3.476s] [ 25%] [32mBuilding CXX object CMakeFiles/dls2_interface__rosidl_typesupport_introspection_cpp.dir/rosidl_typesupport_introspection_cpp/dls2_interface/msg/detail/blind_state__type_support.cpp.o[0m
[3.502s] [ 26%] [1m[32mLinking C shared library libdls2_interface__rosidl_generator_c.so[0m
[3.540s] [ 26%] Built target dls2_interface__rosidl_generator_c
[3.547s] [ 27%] [1m[34mGenerating C introspection for ROS interfaces[0m
[3.547s] [ 28%] [1m[34mGenerating C type support for eProsima Fast-RTPS[0m
[3.551s] [ 30%] [1m[34mGenerating C type support dispatch for ROS interfaces[0m
[3.562s] [ 31%] [32mBuilding CXX object CMakeFiles/dls2_interface__rosidl_typesupport_cpp.dir/rosidl_typesupport_cpp/dls2_interface/msg/base_state__type_support.cpp.o[0m
[3.565s] [ 32%] [32mBuilding CXX object CMakeFiles/dls2_interface__rosidl_typesupport_cpp.dir/rosidl_typesupport_cpp/dls2_interface/msg/pose__type_support.cpp.o[0m
[3.565s] [ 35%] [32mBuilding CXX object CMakeFiles/dls2_interface__rosidl_typesupport_cpp.dir/rosidl_typesupport_cpp/dls2_interface/msg/base_state_debug__type_support.cpp.o[0m
[3.565s] [ 35%] [32mBuilding CXX object CMakeFiles/dls2_interface__rosidl_typesupport_cpp.dir/rosidl_typesupport_cpp/dls2_interface/msg/blind_state__type_support.cpp.o[0m
[3.566s] [ 36%] [32mBuilding CXX object CMakeFiles/dls2_interface__rosidl_typesupport_cpp.dir/rosidl_typesupport_cpp/dls2_interface/msg/screw__type_support.cpp.o[0m
[3.683s] [ 37%] [32mBuilding CXX object CMakeFiles/dls2_interface__rosidl_typesupport_fastrtps_cpp.dir/rosidl_typesupport_fastrtps_cpp/dls2_interface/msg/detail/dds_fastrtps/pose__type_support.cpp.o[0m
[3.772s] [ 38%] [32mBuilding CXX object CMakeFiles/dls2_interface__rosidl_typesupport_cpp.dir/rosidl_typesupport_cpp/dls2_interface/msg/imu__type_support.cpp.o[0m
[3.810s] [ 40%] [32mBuilding CXX object CMakeFiles/dls2_interface__rosidl_typesupport_cpp.dir/rosidl_typesupport_cpp/dls2_interface/msg/trajectory_generator__type_support.cpp.o[0m
[3.857s] [ 41%] [32mBuilding CXX object CMakeFiles/dls2_interface__rosidl_typesupport_fastrtps_cpp.dir/rosidl_typesupport_fastrtps_cpp/dls2_interface/msg/detail/dds_fastrtps/screw__type_support.cpp.o[0m
[3.911s] [ 42%] [32mBuilding CXX object CMakeFiles/dls2_interface__rosidl_typesupport_fastrtps_cpp.dir/rosidl_typesupport_fastrtps_cpp/dls2_interface/msg/detail/dds_fastrtps/blind_state__type_support.cpp.o[0m
[3.955s] [ 43%] [32mBuilding CXX object CMakeFiles/dls2_interface__rosidl_typesupport_fastrtps_cpp.dir/rosidl_typesupport_fastrtps_cpp/dls2_interface/msg/detail/dds_fastrtps/base_state__type_support.cpp.o[0m
[3.965s] [ 45%] [32mBuilding CXX object CMakeFiles/dls2_interface__rosidl_typesupport_fastrtps_cpp.dir/rosidl_typesupport_fastrtps_cpp/dls2_interface/msg/detail/dds_fastrtps/base_state_debug__type_support.cpp.o[0m
[4.067s] [ 46%] [32mBuilding CXX object CMakeFiles/dls2_interface__rosidl_typesupport_fastrtps_cpp.dir/rosidl_typesupport_fastrtps_cpp/dls2_interface/msg/detail/dds_fastrtps/imu__type_support.cpp.o[0m
[4.085s] [ 47%] [32mBuilding CXX object CMakeFiles/dls2_interface__rosidl_typesupport_fastrtps_cpp.dir/rosidl_typesupport_fastrtps_cpp/dls2_interface/msg/detail/dds_fastrtps/trajectory_generator__type_support.cpp.o[0m
[4.157s] [ 48%] [32mBuilding CXX object CMakeFiles/dls2_interface__rosidl_typesupport_c.dir/rosidl_typesupport_c/dls2_interface/msg/pose__type_support.cpp.o[0m
[4.168s] [ 50%] [32mBuilding CXX object CMakeFiles/dls2_interface__rosidl_typesupport_c.dir/rosidl_typesupport_c/dls2_interface/msg/screw__type_support.cpp.o[0m
[4.189s] [ 51%] [32mBuilding CXX object CMakeFiles/dls2_interface__rosidl_typesupport_c.dir/rosidl_typesupport_c/dls2_interface/msg/blind_state__type_support.cpp.o[0m
[4.189s] [ 52%] [32mBuilding C object CMakeFiles/dls2_interface__rosidl_typesupport_introspection_c.dir/rosidl_typesupport_introspection_c/dls2_interface/msg/detail/pose__type_support.c.o[0m
[4.207s] [ 53%] [32mBuilding CXX object CMakeFiles/dls2_interface__rosidl_typesupport_c.dir/rosidl_typesupport_c/dls2_interface/msg/base_state__type_support.cpp.o[0m
[4.229s] [ 55%] [32mBuilding C object CMakeFiles/dls2_interface__rosidl_typesupport_introspection_c.dir/rosidl_typesupport_introspection_c/dls2_interface/msg/detail/screw__type_support.c.o[0m
[4.235s] [ 57%] [32mBuilding CXX object CMakeFiles/dls2_interface__rosidl_typesupport_c.dir/rosidl_typesupport_c/dls2_interface/msg/base_state_debug__type_support.cpp.o[0m
[4.235s] [ 57%] [1m[32mLinking CXX shared library libdls2_interface__rosidl_typesupport_cpp.so[0m
[4.239s] [ 58%] [32mBuilding C object CMakeFiles/dls2_interface__rosidl_typesupport_introspection_c.dir/rosidl_typesupport_introspection_c/dls2_interface/msg/detail/blind_state__type_support.c.o[0m
[4.282s] [ 60%] [32mBuilding CXX object CMakeFiles/dls2_interface__rosidl_typesupport_c.dir/rosidl_typesupport_c/dls2_interface/msg/trajectory_generator__type_support.cpp.o[0m
[4.284s] [ 61%] [32mBuilding CXX object CMakeFiles/dls2_interface__rosidl_typesupport_c.dir/rosidl_typesupport_c/dls2_interface/msg/imu__type_support.cpp.o[0m
[4.284s] [ 62%] [32mBuilding C object CMakeFiles/dls2_interface__rosidl_typesupport_introspection_c.dir/rosidl_typesupport_introspection_c/dls2_interface/msg/detail/base_state__type_support.c.o[0m
[4.300s] [ 63%] [32mBuilding C object CMakeFiles/dls2_interface__rosidl_typesupport_introspection_c.dir/rosidl_typesupport_introspection_c/dls2_interface/msg/detail/base_state_debug__type_support.c.o[0m
[4.311s] [ 63%] Built target dls2_interface__rosidl_typesupport_cpp
[4.317s] [ 65%] [32mBuilding C object CMakeFiles/dls2_interface__rosidl_typesupport_introspection_c.dir/rosidl_typesupport_introspection_c/dls2_interface/msg/detail/imu__type_support.c.o[0m
[4.324s] [ 66%] [32mBuilding C object CMakeFiles/dls2_interface__rosidl_typesupport_introspection_c.dir/rosidl_typesupport_introspection_c/dls2_interface/msg/detail/trajectory_generator__type_support.c.o[0m
[4.340s] [ 67%] [32mBuilding CXX object CMakeFiles/dls2_interface__rosidl_typesupport_fastrtps_c.dir/rosidl_typesupport_fastrtps_c/dls2_interface/msg/detail/pose__type_support_c.cpp.o[0m
[4.348s] [ 68%] [1m[32mLinking CXX shared library libdls2_interface__rosidl_typesupport_c.so[0m
[4.348s] [ 70%] [32mBuilding CXX object CMakeFiles/dls2_interface__rosidl_typesupport_fastrtps_c.dir/rosidl_typesupport_fastrtps_c/dls2_interface/msg/detail/screw__type_support_c.cpp.o[0m
[4.351s] [ 71%] [32mBuilding CXX object CMakeFiles/dls2_interface__rosidl_typesupport_fastrtps_c.dir/rosidl_typesupport_fastrtps_c/dls2_interface/msg/detail/blind_state__type_support_c.cpp.o[0m
[4.375s] [ 72%] [32mBuilding CXX object CMakeFiles/dls2_interface__rosidl_typesupport_fastrtps_c.dir/rosidl_typesupport_fastrtps_c/dls2_interface/msg/detail/base_state_debug__type_support_c.cpp.o[0m
[4.377s] [ 73%] [32mBuilding CXX object CMakeFiles/dls2_interface__rosidl_typesupport_fastrtps_c.dir/rosidl_typesupport_fastrtps_c/dls2_interface/msg/detail/base_state__type_support_c.cpp.o[0m
[4.400s] [ 75%] [32mBuilding CXX object CMakeFiles/dls2_interface__rosidl_typesupport_fastrtps_c.dir/rosidl_typesupport_fastrtps_c/dls2_interface/msg/detail/imu__type_support_c.cpp.o[0m
[4.420s] [ 76%] [32mBuilding CXX object CMakeFiles/dls2_interface__rosidl_typesupport_fastrtps_c.dir/rosidl_typesupport_fastrtps_c/dls2_interface/msg/detail/trajectory_generator__type_support_c.cpp.o[0m
[4.442s] [ 76%] Built target dls2_interface__rosidl_typesupport_c
[4.503s] [ 77%] [1m[32mLinking CXX shared library libdls2_interface__rosidl_typesupport_introspection_cpp.so[0m
[4.560s] [ 78%] [1m[32mLinking C shared library libdls2_interface__rosidl_typesupport_introspection_c.so[0m
[4.616s] [ 78%] Built target dls2_interface__rosidl_typesupport_introspection_c
[4.640s] [ 78%] Built target dls2_interface__rosidl_typesupport_introspection_cpp
[4.834s] [ 80%] [1m[32mLinking CXX shared library libdls2_interface__rosidl_typesupport_fastrtps_cpp.so[0m
[4.900s] [ 80%] Built target dls2_interface__rosidl_typesupport_fastrtps_cpp
[4.921s] [ 81%] [1m[32mLinking CXX shared library libdls2_interface__rosidl_typesupport_fastrtps_c.so[0m
[4.983s] [ 81%] Built target dls2_interface__rosidl_typesupport_fastrtps_c
[4.995s] [ 81%] Built target dls2_interface
[5.007s] [ 82%] [1m[34mGenerating Python code for ROS interfaces[0m
[5.538s] [ 82%] Built target dls2_interface__py
[5.550s] [ 88%] [32mBuilding C object CMakeFiles/dls2_interface__rosidl_generator_py.dir/rosidl_generator_py/dls2_interface/msg/_imu_s.c.o[0m
[5.550s] [ 88%] [32mBuilding C object CMakeFiles/dls2_interface__rosidl_generator_py.dir/rosidl_generator_py/dls2_interface/msg/_base_state_debug_s.c.o[0m
[5.550s] [ 88%] [32mBuilding C object CMakeFiles/dls2_interface__rosidl_generator_py.dir/rosidl_generator_py/dls2_interface/msg/_blind_state_s.c.o[0m
[5.550s] [ 88%] [32mBuilding C object CMakeFiles/dls2_interface__rosidl_generator_py.dir/rosidl_generator_py/dls2_interface/msg/_pose_s.c.o[0m
[5.550s] [ 88%] [32mBuilding C object CMakeFiles/dls2_interface__rosidl_generator_py.dir/rosidl_generator_py/dls2_interface/msg/_screw_s.c.o[0m
[5.550s] [ 90%] [32mBuilding C object CMakeFiles/dls2_interface__rosidl_generator_py.dir/rosidl_generator_py/dls2_interface/msg/_base_state_s.c.o[0m
[5.550s] [ 91%] [32mBuilding C object CMakeFiles/dls2_interface__rosidl_generator_py.dir/rosidl_generator_py/dls2_interface/msg/_trajectory_generator_s.c.o[0m
[6.038s] [ 92%] [1m[32mLinking C shared library rosidl_generator_py/dls2_interface/libdls2_interface__rosidl_generator_py.so[0m
[6.061s] [ 92%] Built target dls2_interface__rosidl_generator_py
[6.073s] [ 95%] [32mBuilding C object CMakeFiles/dls2_interface__rosidl_typesupport_fastrtps_c__pyext.dir/rosidl_generator_py/dls2_interface/_dls2_interface_s.ep.rosidl_typesupport_fastrtps_c.c.o[0m
[6.073s] [ 95%] [32mBuilding C object CMakeFiles/dls2_interface__rosidl_typesupport_introspection_c__pyext.dir/rosidl_generator_py/dls2_interface/_dls2_interface_s.ep.rosidl_typesupport_introspection_c.c.o[0m
[6.073s] [ 96%] [32mBuilding C object CMakeFiles/dls2_interface__rosidl_typesupport_c__pyext.dir/rosidl_generator_py/dls2_interface/_dls2_interface_s.ep.rosidl_typesupport_c.c.o[0m
[6.182s] [100%] [1m[32mLinking C shared module rosidl_generator_py/dls2_interface/dls2_interface_s__rosidl_typesupport_introspection_c.cpython-312-x86_64-linux-gnu.so[0m
[6.182s] [100%] [1m[32mLinking C shared module rosidl_generator_py/dls2_interface/dls2_interface_s__rosidl_typesupport_c.cpython-312-x86_64-linux-gnu.so[0m
[6.182s] [100%] [1m[32mLinking C shared module rosidl_generator_py/dls2_interface/dls2_interface_s__rosidl_typesupport_fastrtps_c.cpython-312-x86_64-linux-gnu.so[0m
[6.199s] [100%] Built target dls2_interface__rosidl_typesupport_fastrtps_c__pyext
[6.199s] [100%] Built target dls2_interface__rosidl_typesupport_c__pyext
[6.199s] [100%] Built target dls2_interface__rosidl_typesupport_introspection_c__pyext
[6.208s] Invoked command in '/home/gturrisi-iit.local/other_ws_home/iekf-legged-robot-pytorch/ros2_ws/build/dls2_interface' returned '0': CONDA_PROMPT_MODIFIER=(ekf_legged_robot_env) DEBUGINFOD_URLS=https://debuginfod.ubuntu.com /home/gturrisi-iit.local/miniforge3/envs/ekf_legged_robot_env/bin/cmake --build /home/gturrisi-iit.local/other_ws_home/iekf-legged-robot-pytorch/ros2_ws/build/dls2_interface -- -j16 -l16
[6.208s] Invoking command in '/home/gturrisi-iit.local/other_ws_home/iekf-legged-robot-pytorch/ros2_ws/build/dls2_interface': CONDA_PROMPT_MODIFIER=(ekf_legged_robot_env) DEBUGINFOD_URLS=https://debuginfod.ubuntu.com /home/gturrisi-iit.local/miniforge3/envs/ekf_legged_robot_env/bin/cmake --install /home/gturrisi-iit.local/other_ws_home/iekf-legged-robot-pytorch/ros2_ws/build/dls2_interface
[6.212s] -- Install configuration: ""
[6.213s] -- Installing: /home/gturrisi-iit.local/other_ws_home/iekf-legged-robot-pytorch/ros2_ws/install/dls2_interface/share/ament_index/resource_index/rosidl_interfaces/dls2_interface
[6.213s] -- Installing: /home/gturrisi-iit.local/other_ws_home/iekf-legged-robot-pytorch/ros2_ws/install/dls2_interface/include/dls2_interface/dls2_interface
[6.213s] -- Installing: /home/gturrisi-iit.local/other_ws_home/iekf-legged-robot-pytorch/ros2_ws/install/dls2_interface/include/dls2_interface/dls2_interface/msg
[6.213s] -- Installing: /home/gturrisi-iit.local/other_ws_home/iekf-legged-robot-pytorch/ros2_ws/install/dls2_interface/include/dls2_interface/dls2_interface/msg/detail
[6.213s] -- Installing: /home/gturrisi-iit.local/other_ws_home/iekf-legged-robot-pytorch/ros2_ws/install/dls2_interface/include/dls2_interface/dls2_interface/msg/detail/trajectory_generator__type_support.h
[6.213s] -- Installing: /home/gturrisi-iit.local/other_ws_home/iekf-legged-robot-pytorch/ros2_ws/install/dls2_interface/include/dls2_interface/dls2_interface/msg/detail/screw__functions.c
[6.213s] -- Installing: /home/gturrisi-iit.local/other_ws_home/iekf-legged-robot-pytorch/ros2_ws/install/dls2_interface/include/dls2_interface/dls2_interface/msg/detail/blind_state__type_support.h
[6.213s] -- Installing: /home/gturrisi-iit.local/other_ws_home/iekf-legged-robot-pytorch/ros2_ws/install/dls2_interface/include/dls2_interface/dls2_interface/msg/detail/pose__struct.h
[6.213s] -- Installing: /home/gturrisi-iit.local/other_ws_home/iekf-legged-robot-pytorch/ros2_ws/install/dls2_interface/include/dls2_interface/dls2_interface/msg/detail/imu__type_support.h
[6.214s] -- Installing: /home/gturrisi-iit.local/other_ws_home/iekf-legged-robot-pytorch/ros2_ws/install/dls2_interface/include/dls2_interface/dls2_interface/msg/detail/trajectory_generator__functions.c
[6.214s] -- Installing: /home/gturrisi-iit.local/other_ws_home/iekf-legged-robot-pytorch/ros2_ws/install/dls2_interface/include/dls2_interface/dls2_interface/msg/detail/base_state__struct.h
[6.214s] -- Installing: /home/gturrisi-iit.local/other_ws_home/iekf-legged-robot-pytorch/ros2_ws/install/dls2_interface/include/dls2_interface/dls2_interface/msg/detail/blind_state__functions.c
[6.214s] -- Installing: /home/gturrisi-iit.local/other_ws_home/iekf-legged-robot-pytorch/ros2_ws/install/dls2_interface/include/dls2_interface/dls2_interface/msg/detail/screw__struct.h
[6.214s] -- Installing: /home/gturrisi-iit.local/other_ws_home/iekf-legged-robot-pytorch/ros2_ws/install/dls2_interface/include/dls2_interface/dls2_interface/msg/detail/trajectory_generator__functions.h
[6.214s] -- Installing: /home/gturrisi-iit.local/other_ws_home/iekf-legged-robot-pytorch/ros2_ws/install/dls2_interface/include/dls2_interface/dls2_interface/msg/detail/blind_state__struct.h
[6.214s] -- Installing: /home/gturrisi-iit.local/other_ws_home/iekf-legged-robot-pytorch/ros2_ws/install/dls2_interface/include/dls2_interface/dls2_interface/msg/detail/blind_state__functions.h
[6.214s] -- Installing: /home/gturrisi-iit.local/other_ws_home/iekf-legged-robot-pytorch/ros2_ws/install/dls2_interface/include/dls2_interface/dls2_interface/msg/detail/base_state__functions.h
[6.214s] -- Installing: /home/gturrisi-iit.local/other_ws_home/iekf-legged-robot-pytorch/ros2_ws/install/dls2_interface/include/dls2_interface/dls2_interface/msg/detail/pose__type_support.h
[6.214s] -- Installing: /home/gturrisi-iit.local/other_ws_home/iekf-legged-robot-pytorch/ros2_ws/install/dls2_interface/include/dls2_interface/dls2_interface/msg/detail/base_state__type_support.h
[6.214s] -- Installing: /home/gturrisi-iit.local/other_ws_home/iekf-legged-robot-pytorch/ros2_ws/install/dls2_interface/include/dls2_interface/dls2_interface/msg/detail/screw__functions.h
[6.214s] -- Installing: /home/gturrisi-iit.local/other_ws_home/iekf-legged-robot-pytorch/ros2_ws/install/dls2_interface/include/dls2_interface/dls2_interface/msg/detail/base_state_debug__struct.h
[6.214s] -- Installing: /home/gturrisi-iit.local/other_ws_home/iekf-legged-robot-pytorch/ros2_ws/install/dls2_interface/include/dls2_interface/dls2_interface/msg/detail/pose__functions.c
[6.214s] -- Installing: /home/gturrisi-iit.local/other_ws_home/iekf-legged-robot-pytorch/ros2_ws/install/dls2_interface/include/dls2_interface/dls2_interface/msg/detail/trajectory_generator__struct.h
[6.214s] -- Installing: /home/gturrisi-iit.local/other_ws_home/iekf-legged-robot-pytorch/ros2_ws/install/dls2_interface/include/dls2_interface/dls2_interface/msg/detail/imu__struct.h
[6.214s] -- Installing: /home/gturrisi-iit.local/other_ws_home/iekf-legged-robot-pytorch/ros2_ws/install/dls2_interface/include/dls2_interface/dls2_interface/msg/detail/imu__functions.c
[6.214s] -- Installing: /home/gturrisi-iit.local/other_ws_home/iekf-legged-robot-pytorch/ros2_ws/install/dls2_interface/include/dls2_interface/dls2_interface/msg/detail/base_state_debug__type_support.h
[6.214s] -- Installing: /home/gturrisi-iit.local/other_ws_home/iekf-legged-robot-pytorch/ros2_ws/install/dls2_interface/include/dls2_interface/dls2_interface/msg/detail/base_state_debug__functions.h
[6.214s] -- Installing: /home/gturrisi-iit.local/other_ws_home/iekf-legged-robot-pytorch/ros2_ws/install/dls2_interface/include/dls2_interface/dls2_interface/msg/detail/base_state__functions.c
[6.214s] -- Installing: /home/gturrisi-iit.local/other_ws_home/iekf-legged-robot-pytorch/ros2_ws/install/dls2_interface/include/dls2_interface/dls2_interface/msg/detail/base_state_debug__functions.c
[6.214s] -- Installing: /home/gturrisi-iit.local/other_ws_home/iekf-legged-robot-pytorch/ros2_ws/install/dls2_interface/include/dls2_interface/dls2_interface/msg/detail/pose__functions.h
[6.214s] -- Installing: /home/gturrisi-iit.local/other_ws_home/iekf-legged-robot-pytorch/ros2_ws/install/dls2_interface/include/dls2_interface/dls2_interface/msg/detail/imu__functions.h
[6.214s] -- Installing: /home/gturrisi-iit.local/other_ws_home/iekf-legged-robot-pytorch/ros2_ws/install/dls2_interface/include/dls2_interface/dls2_interface/msg/detail/screw__type_support.h
[6.214s] -- Installing: /home/gturrisi-iit.local/other_ws_home/iekf-legged-robot-pytorch/ros2_ws/install/dls2_interface/include/dls2_interface/dls2_interface/msg/base_state.h
[6.214s] -- Installing: /home/gturrisi-iit.local/other_ws_home/iekf-legged-robot-pytorch/ros2_ws/install/dls2_interface/include/dls2_interface/dls2_interface/msg/blind_state.h
[6.215s] -- Installing: /home/gturrisi-iit.local/other_ws_home/iekf-legged-robot-pytorch/ros2_ws/install/dls2_interface/include/dls2_interface/dls2_interface/msg/imu.h
[6.215s] -- Installing: /home/gturrisi-iit.local/other_ws_home/iekf-legged-robot-pytorch/ros2_ws/install/dls2_interface/include/dls2_interface/dls2_interface/msg/base_state_debug.h
[6.215s] -- Installing: /home/gturrisi-iit.local/other_ws_home/iekf-legged-robot-pytorch/ros2_ws/install/dls2_interface/include/dls2_interface/dls2_interface/msg/screw.h
[6.215s] -- Installing: /home/gturrisi-iit.local/other_ws_home/iekf-legged-robot-pytorch/ros2_ws/install/dls2_interface/include/dls2_interface/dls2_interface/msg/rosidl_generator_c__visibility_control.h
[6.215s] -- Installing: /home/gturrisi-iit.local/other_ws_home/iekf-legged-robot-pytorch/ros2_ws/install/dls2_interface/include/dls2_interface/dls2_interface/msg/trajectory_generator.h
[6.215s] -- Installing: /home/gturrisi-iit.local/other_ws_home/iekf-legged-robot-pytorch/ros2_ws/install/dls2_interface/include/dls2_interface/dls2_interface/msg/pose.h
[6.215s] -- Installing: /home/gturrisi-iit.local/other_ws_home/iekf-legged-robot-pytorch/ros2_ws/install/dls2_interface/lib/libdls2_interface__rosidl_generator_c.so
[6.215s] -- Up-to-date: /home/gturrisi-iit.local/other_ws_home/iekf-legged-robot-pytorch/ros2_ws/install/dls2_interface/include/dls2_interface/dls2_interface
[6.215s] -- Up-to-date: /home/gturrisi-iit.local/other_ws_home/iekf-legged-robot-pytorch/ros2_ws/install/dls2_interface/include/dls2_interface/dls2_interface/msg
[6.215s] -- Up-to-date: /home/gturrisi-iit.local/other_ws_home/iekf-legged-robot-pytorch/ros2_ws/install/dls2_interface/include/dls2_interface/dls2_interface/msg/detail
[6.215s] -- Installing: /home/gturrisi-iit.local/other_ws_home/iekf-legged-robot-pytorch/ros2_ws/install/dls2_interface/include/dls2_interface/dls2_interface/msg/detail/blind_state__rosidl_typesupport_fastrtps_c.h
[6.215s] -- Installing: /home/gturrisi-iit.local/other_ws_home/iekf-legged-robot-pytorch/ros2_ws/install/dls2_interface/include/dls2_interface/dls2_interface/msg/detail/screw__rosidl_typesupport_fastrtps_c.h
[6.215s] -- Installing: /home/gturrisi-iit.local/other_ws_home/iekf-legged-robot-pytorch/ros2_ws/install/dls2_interface/include/dls2_interface/dls2_interface/msg/detail/base_state_debug__rosidl_typesupport_fastrtps_c.h
[6.215s] -- Installing: /home/gturrisi-iit.local/other_ws_home/iekf-legged-robot-pytorch/ros2_ws/install/dls2_interface/include/dls2_interface/dls2_interface/msg/detail/pose__rosidl_typesupport_fastrtps_c.h
[6.215s] -- Installing: /home/gturrisi-iit.local/other_ws_home/iekf-legged-robot-pytorch/ros2_ws/install/dls2_interface/include/dls2_interface/dls2_interface/msg/detail/imu__rosidl_typesupport_fastrtps_c.h
[6.215s] -- Installing: /home/gturrisi-iit.local/other_ws_home/iekf-legged-robot-pytorch/ros2_ws/install/dls2_interface/include/dls2_interface/dls2_interface/msg/detail/trajectory_generator__rosidl_typesupport_fastrtps_c.h
[6.215s] -- Installing: /home/gturrisi-iit.local/other_ws_home/iekf-legged-robot-pytorch/ros2_ws/install/dls2_interface/include/dls2_interface/dls2_interface/msg/detail/base_state__rosidl_typesupport_fastrtps_c.h
[6.215s] -- Installing: /home/gturrisi-iit.local/other_ws_home/iekf-legged-robot-pytorch/ros2_ws/install/dls2_interface/include/dls2_interface/dls2_interface/msg/rosidl_typesupport_fastrtps_c__visibility_control.h
[6.215s] -- Installing: /home/gturrisi-iit.local/other_ws_home/iekf-legged-robot-pytorch/ros2_ws/install/dls2_interface/lib/libdls2_interface__rosidl_typesupport_fastrtps_c.so
[6.215s] -- Set non-toolchain portion of runtime path of "/home/gturrisi-iit.local/other_ws_home/iekf-legged-robot-pytorch/ros2_ws/install/dls2_interface/lib/libdls2_interface__rosidl_typesupport_fastrtps_c.so" to ""
[6.215s] -- Up-to-date: /home/gturrisi-iit.local/other_ws_home/iekf-legged-robot-pytorch/ros2_ws/install/dls2_interface/include/dls2_interface/dls2_interface
[6.215s] -- Up-to-date: /home/gturrisi-iit.local/other_ws_home/iekf-legged-robot-pytorch/ros2_ws/install/dls2_interface/include/dls2_interface/dls2_interface/msg
[6.215s] -- Up-to-date: /home/gturrisi-iit.local/other_ws_home/iekf-legged-robot-pytorch/ros2_ws/install/dls2_interface/include/dls2_interface/dls2_interface/msg/detail
[6.215s] -- Installing: /home/gturrisi-iit.local/other_ws_home/iekf-legged-robot-pytorch/ros2_ws/install/dls2_interface/include/dls2_interface/dls2_interface/msg/detail/pose__type_support.c
[6.215s] -- Installing: /home/gturrisi-iit.local/other_ws_home/iekf-legged-robot-pytorch/ros2_ws/install/dls2_interface/include/dls2_interface/dls2_interface/msg/detail/base_state_debug__rosidl_typesupport_introspection_c.h
[6.215s] -- Installing: /home/gturrisi-iit.local/other_ws_home/iekf-legged-robot-pytorch/ros2_ws/install/dls2_interface/include/dls2_interface/dls2_interface/msg/detail/trajectory_generator__rosidl_typesupport_introspection_c.h
[6.215s] -- Installing: /home/gturrisi-iit.local/other_ws_home/iekf-legged-robot-pytorch/ros2_ws/install/dls2_interface/include/dls2_interface/dls2_interface/msg/detail/base_state__rosidl_typesupport_introspection_c.h
[6.215s] -- Installing: /home/gturrisi-iit.local/other_ws_home/iekf-legged-robot-pytorch/ros2_ws/install/dls2_interface/include/dls2_interface/dls2_interface/msg/detail/imu__rosidl_typesupport_introspection_c.h
[6.215s] -- Installing: /home/gturrisi-iit.local/other_ws_home/iekf-legged-robot-pytorch/ros2_ws/install/dls2_interface/include/dls2_interface/dls2_interface/msg/detail/screw__type_support.c
[6.215s] -- Installing: /home/gturrisi-iit.local/other_ws_home/iekf-legged-robot-pytorch/ros2_ws/install/dls2_interface/include/dls2_interface/dls2_interface/msg/detail/blind_state__type_support.c
[6.215s] -- Installing: /home/gturrisi-iit.local/other_ws_home/iekf-legged-robot-pytorch/ros2_ws/install/dls2_interface/include/dls2_interface/dls2_interface/msg/detail/base_state__type_support.c
[6.216s] -- Installing: /home/gturrisi-iit.local/other_ws_home/iekf-legged-robot-pytorch/ros2_ws/install/dls2_interface/include/dls2_interface/dls2_interface/msg/detail/screw__rosidl_typesupport_introspection_c.h
[6.216s] -- Installing: /home/gturrisi-iit.local/other_ws_home/iekf-legged-robot-pytorch/ros2_ws/install/dls2_interface/include/dls2_interface/dls2_interface/msg/detail/base_state_debug__type_support.c
[6.216s] -- Installing: /home/gturrisi-iit.local/other_ws_home/iekf-legged-robot-pytorch/ros2_ws/install/dls2_interface/include/dls2_interface/dls2_interface/msg/detail/pose__rosidl_typesupport_introspection_c.h
[6.216s] -- Installing: /home/gturrisi-iit.local/other_ws_home/iekf-legged-robot-pytorch/ros2_ws/install/dls2_interface/include/dls2_interface/dls2_interface/msg/detail/blind_state__rosidl_typesupport_introspection_c.h
[6.216s] -- Installing: /home/gturrisi-iit.local/other_ws_home/iekf-legged-robot-pytorch/ros2_ws/install/dls2_interface/include/dls2_interface/dls2_interface/msg/detail/trajectory_generator__type_support.c
[6.216s] -- Installing: /home/gturrisi-iit.local/other_ws_home/iekf-legged-robot-pytorch/ros2_ws/install/dls2_interface/include/dls2_interface/dls2_interface/msg/detail/imu__type_support.c
[6.216s] -- Installing: /home/gturrisi-iit.local/other_ws_home/iekf-legged-robot-pytorch/ros2_ws/install/dls2_interface/include/dls2_interface/dls2_interface/msg/rosidl_typesupport_introspection_c__visibility_control.h
[6.216s] -- Installing: /home/gturrisi-iit.local/other_ws_home/iekf-legged-robot-pytorch/ros2_ws/install/dls2_interface/lib/libdls2_interface__rosidl_typesupport_introspection_c.so
[6.216s] -- Set non-toolchain portion of runtime path of "/home/gturrisi-iit.local/other_ws_home/iekf-legged-robot-pytorch/ros2_ws/install/dls2_interface/lib/libdls2_interface__rosidl_typesupport_introspection_c.so" to ""
[6.217s] -- Installing: /home/gturrisi-iit.local/other_ws_home/iekf-legged-robot-pytorch/ros2_ws/install/dls2_interface/lib/libdls2_interface__rosidl_typesupport_c.so
[6.217s] -- Set non-toolchain portion of runtime path of "/home/gturrisi-iit.local/other_ws_home/iekf-legged-robot-pytorch/ros2_ws/install/dls2_interface/lib/libdls2_interface__rosidl_typesupport_c.so" to ""
[6.217s] -- Up-to-date: /home/gturrisi-iit.local/other_ws_home/iekf-legged-robot-pytorch/ros2_ws/install/dls2_interface/include/dls2_interface/dls2_interface
[6.217s] -- Up-to-date: /home/gturrisi-iit.local/other_ws_home/iekf-legged-robot-pytorch/ros2_ws/install/dls2_interface/include/dls2_interface/dls2_interface/msg
[6.217s] -- Installing: /home/gturrisi-iit.local/other_ws_home/iekf-legged-robot-pytorch/ros2_ws/install/dls2_interface/include/dls2_interface/dls2_interface/msg/imu.hpp
[6.217s] -- Installing: /home/gturrisi-iit.local/other_ws_home/iekf-legged-robot-pytorch/ros2_ws/install/dls2_interface/include/dls2_interface/dls2_interface/msg/blind_state.hpp
[6.217s] -- Up-to-date: /home/gturrisi-iit.local/other_ws_home/iekf-legged-robot-pytorch/ros2_ws/install/dls2_interface/include/dls2_interface/dls2_interface/msg/detail
[6.217s] -- Installing: /home/gturrisi-iit.local/other_ws_home/iekf-legged-robot-pytorch/ros2_ws/install/dls2_interface/include/dls2_interface/dls2_interface/msg/detail/imu__traits.hpp
[6.217s] -- Installing: /home/gturrisi-iit.local/other_ws_home/iekf-legged-robot-pytorch/ros2_ws/install/dls2_interface/include/dls2_interface/dls2_interface/msg/detail/blind_state__builder.hpp
[6.217s] -- Installing: /home/gturrisi-iit.local/other_ws_home/iekf-legged-robot-pytorch/ros2_ws/install/dls2_interface/include/dls2_interface/dls2_interface/msg/detail/screw__traits.hpp
[6.217s] -- Installing: /home/gturrisi-iit.local/other_ws_home/iekf-legged-robot-pytorch/ros2_ws/install/dls2_interface/include/dls2_interface/dls2_interface/msg/detail/base_state_debug__type_support.hpp
[6.217s] -- Installing: /home/gturrisi-iit.local/other_ws_home/iekf-legged-robot-pytorch/ros2_ws/install/dls2_interface/include/dls2_interface/dls2_interface/msg/detail/trajectory_generator__struct.hpp
[6.218s] -- Installing: /home/gturrisi-iit.local/other_ws_home/iekf-legged-robot-pytorch/ros2_ws/install/dls2_interface/include/dls2_interface/dls2_interface/msg/detail/base_state__type_support.hpp
[6.218s] -- Installing: /home/gturrisi-iit.local/other_ws_home/iekf-legged-robot-pytorch/ros2_ws/install/dls2_interface/include/dls2_interface/dls2_interface/msg/detail/base_state_debug__traits.hpp
[6.218s] -- Installing: /home/gturrisi-iit.local/other_ws_home/iekf-legged-robot-pytorch/ros2_ws/install/dls2_interface/include/dls2_interface/dls2_interface/msg/detail/screw__type_support.hpp
[6.218s] -- Installing: /home/gturrisi-iit.local/other_ws_home/iekf-legged-robot-pytorch/ros2_ws/install/dls2_interface/include/dls2_interface/dls2_interface/msg/detail/pose__builder.hpp
[6.218s] -- Installing: /home/gturrisi-iit.local/other_ws_home/iekf-legged-robot-pytorch/ros2_ws/install/dls2_interface/include/dls2_interface/dls2_interface/msg/detail/pose__type_support.hpp
[6.218s] -- Installing: /home/gturrisi-iit.local/other_ws_home/iekf-legged-robot-pytorch/ros2_ws/install/dls2_interface/include/dls2_interface/dls2_interface/msg/detail/trajectory_generator__traits.hpp
[6.218s] -- Installing: /home/gturrisi-iit.local/other_ws_home/iekf-legged-robot-pytorch/ros2_ws/install/dls2_interface/include/dls2_interface/dls2_interface/msg/detail/base_state__struct.hpp
[6.218s] -- Installing: /home/gturrisi-iit.local/other_ws_home/iekf-legged-robot-pytorch/ros2_ws/install/dls2_interface/include/dls2_interface/dls2_interface/msg/detail/base_state__builder.hpp
[6.218s] -- Installing: /home/gturrisi-iit.local/other_ws_home/iekf-legged-robot-pytorch/ros2_ws/install/dls2_interface/include/dls2_interface/dls2_interface/msg/detail/blind_state__struct.hpp
[6.220s] -- Installing: /home/gturrisi-iit.local/other_ws_home/iekf-legged-robot-pytorch/ros2_ws/install/dls2_interface/include/dls2_interface/dls2_interface/msg/detail/imu__struct.hpp
[6.220s] -- Installing: /home/gturrisi-iit.local/other_ws_home/iekf-legged-robot-pytorch/ros2_ws/install/dls2_interface/include/dls2_interface/dls2_interface/msg/detail/trajectory_generator__type_support.hpp
[6.220s] -- Installing: /home/gturrisi-iit.local/other_ws_home/iekf-legged-robot-pytorch/ros2_ws/install/dls2_interface/include/dls2_interface/dls2_interface/msg/detail/screw__builder.hpp
[6.220s] -- Installing: /home/gturrisi-iit.local/other_ws_home/iekf-legged-robot-pytorch/ros2_ws/install/dls2_interface/include/dls2_interface/dls2_interface/msg/detail/blind_state__traits.hpp
[6.220s] -- Installing: /home/gturrisi-iit.local/other_ws_home/iekf-legged-robot-pytorch/ros2_ws/install/dls2_interface/include/dls2_interface/dls2_interface/msg/detail/pose__struct.hpp
[6.220s] -- Installing: /home/gturrisi-iit.local/other_ws_home/iekf-legged-robot-pytorch/ros2_ws/install/dls2_interface/include/dls2_interface/dls2_interface/msg/detail/base_state_debug__struct.hpp
[6.220s] -- Installing: /home/gturrisi-iit.local/other_ws_home/iekf-legged-robot-pytorch/ros2_ws/install/dls2_interface/include/dls2_interface/dls2_interface/msg/detail/imu__type_support.hpp
[6.220s] -- Installing: /home/gturrisi-iit.local/other_ws_home/iekf-legged-robot-pytorch/ros2_ws/install/dls2_interface/include/dls2_interface/dls2_interface/msg/detail/blind_state__type_support.hpp
[6.220s] -- Installing: /home/gturrisi-iit.local/other_ws_home/iekf-legged-robot-pytorch/ros2_ws/install/dls2_interface/include/dls2_interface/dls2_interface/msg/detail/pose__traits.hpp
[6.220s] -- Installing: /home/gturrisi-iit.local/other_ws_home/iekf-legged-robot-pytorch/ros2_ws/install/dls2_interface/include/dls2_interface/dls2_interface/msg/detail/imu__builder.hpp
[6.220s] -- Installing: /home/gturrisi-iit.local/other_ws_home/iekf-legged-robot-pytorch/ros2_ws/install/dls2_interface/include/dls2_interface/dls2_interface/msg/detail/trajectory_generator__builder.hpp
[6.220s] -- Installing: /home/gturrisi-iit.local/other_ws_home/iekf-legged-robot-pytorch/ros2_ws/install/dls2_interface/include/dls2_interface/dls2_interface/msg/detail/base_state_debug__builder.hpp
[6.220s] -- Installing: /home/gturrisi-iit.local/other_ws_home/iekf-legged-robot-pytorch/ros2_ws/install/dls2_interface/include/dls2_interface/dls2_interface/msg/detail/screw__struct.hpp
[6.220s] -- Installing: /home/gturrisi-iit.local/other_ws_home/iekf-legged-robot-pytorch/ros2_ws/install/dls2_interface/include/dls2_interface/dls2_interface/msg/detail/base_state__traits.hpp
[6.220s] -- Installing: /home/gturrisi-iit.local/other_ws_home/iekf-legged-robot-pytorch/ros2_ws/install/dls2_interface/include/dls2_interface/dls2_interface/msg/rosidl_generator_cpp__visibility_control.hpp
[6.220s] -- Installing: /home/gturrisi-iit.local/other_ws_home/iekf-legged-robot-pytorch/ros2_ws/install/dls2_interface/include/dls2_interface/dls2_interface/msg/base_state_debug.hpp
[6.221s] -- Installing: /home/gturrisi-iit.local/other_ws_home/iekf-legged-robot-pytorch/ros2_ws/install/dls2_interface/include/dls2_interface/dls2_interface/msg/screw.hpp
[6.221s] -- Installing: /home/gturrisi-iit.local/other_ws_home/iekf-legged-robot-pytorch/ros2_ws/install/dls2_interface/include/dls2_interface/dls2_interface/msg/pose.hpp
[6.221s] -- Installing: /home/gturrisi-iit.local/other_ws_home/iekf-legged-robot-pytorch/ros2_ws/install/dls2_interface/include/dls2_interface/dls2_interface/msg/trajectory_generator.hpp
[6.221s] -- Installing: /home/gturrisi-iit.local/other_ws_home/iekf-legged-robot-pytorch/ros2_ws/install/dls2_interface/include/dls2_interface/dls2_interface/msg/base_state.hpp
[6.221s] -- Up-to-date: /home/gturrisi-iit.local/other_ws_home/iekf-legged-robot-pytorch/ros2_ws/install/dls2_interface/include/dls2_interface/dls2_interface
[6.221s] -- Up-to-date: /home/gturrisi-iit.local/other_ws_home/iekf-legged-robot-pytorch/ros2_ws/install/dls2_interface/include/dls2_interface/dls2_interface/msg
[6.221s] -- Installing: /home/gturrisi-iit.local/other_ws_home/iekf-legged-robot-pytorch/ros2_ws/install/dls2_interface/include/dls2_interface/dls2_interface/msg/rosidl_typesupport_fastrtps_cpp__visibility_control.h
[6.221s] -- Up-to-date: /home/gturrisi-iit.local/other_ws_home/iekf-legged-robot-pytorch/ros2_ws/install/dls2_interface/include/dls2_interface/dls2_interface/msg/detail
[6.221s] -- Installing: /home/gturrisi-iit.local/other_ws_home/iekf-legged-robot-pytorch/ros2_ws/install/dls2_interface/include/dls2_interface/dls2_interface/msg/detail/base_state__rosidl_typesupport_fastrtps_cpp.hpp
[6.221s] -- Installing: /home/gturrisi-iit.local/other_ws_home/iekf-legged-robot-pytorch/ros2_ws/install/dls2_interface/include/dls2_interface/dls2_interface/msg/detail/trajectory_generator__rosidl_typesupport_fastrtps_cpp.hpp
[6.221s] -- Installing: /home/gturrisi-iit.local/other_ws_home/iekf-legged-robot-pytorch/ros2_ws/install/dls2_interface/include/dls2_interface/dls2_interface/msg/detail/screw__rosidl_typesupport_fastrtps_cpp.hpp
[6.221s] -- Installing: /home/gturrisi-iit.local/other_ws_home/iekf-legged-robot-pytorch/ros2_ws/install/dls2_interface/include/dls2_interface/dls2_interface/msg/detail/blind_state__rosidl_typesupport_fastrtps_cpp.hpp
[6.221s] -- Installing: /home/gturrisi-iit.local/other_ws_home/iekf-legged-robot-pytorch/ros2_ws/install/dls2_interface/include/dls2_interface/dls2_interface/msg/detail/base_state_debug__rosidl_typesupport_fastrtps_cpp.hpp
[6.221s] -- Installing: /home/gturrisi-iit.local/other_ws_home/iekf-legged-robot-pytorch/ros2_ws/install/dls2_interface/include/dls2_interface/dls2_interface/msg/detail/dds_fastrtps
[6.221s] -- Installing: /home/gturrisi-iit.local/other_ws_home/iekf-legged-robot-pytorch/ros2_ws/install/dls2_interface/include/dls2_interface/dls2_interface/msg/detail/pose__rosidl_typesupport_fastrtps_cpp.hpp
[6.221s] -- Installing: /home/gturrisi-iit.local/other_ws_home/iekf-legged-robot-pytorch/ros2_ws/install/dls2_interface/include/dls2_interface/dls2_interface/msg/detail/imu__rosidl_typesupport_fastrtps_cpp.hpp
[6.221s] -- Installing: /home/gturrisi-iit.local/other_ws_home/iekf-legged-robot-pytorch/ros2_ws/install/dls2_interface/lib/libdls2_interface__rosidl_typesupport_fastrtps_cpp.so
[6.221s] -- Up-to-date: /home/gturrisi-iit.local/other_ws_home/iekf-legged-robot-pytorch/ros2_ws/install/dls2_interface/include/dls2_interface/dls2_interface
[6.221s] -- Up-to-date: /home/gturrisi-iit.local/other_ws_home/iekf-legged-robot-pytorch/ros2_ws/install/dls2_interface/include/dls2_interface/dls2_interface/msg
[6.221s] -- Up-to-date: /home/gturrisi-iit.local/other_ws_home/iekf-legged-robot-pytorch/ros2_ws/install/dls2_interface/include/dls2_interface/dls2_interface/msg/detail
[6.221s] -- Installing: /home/gturrisi-iit.local/other_ws_home/iekf-legged-robot-pytorch/ros2_ws/install/dls2_interface/include/dls2_interface/dls2_interface/msg/detail/base_state_debug__rosidl_typesupport_introspection_cpp.hpp
[6.222s] -- Installing: /home/gturrisi-iit.local/other_ws_home/iekf-legged-robot-pytorch/ros2_ws/install/dls2_interface/include/dls2_interface/dls2_interface/msg/detail/base_state__type_support.cpp
[6.222s] -- Installing: /home/gturrisi-iit.local/other_ws_home/iekf-legged-robot-pytorch/ros2_ws/install/dls2_interface/include/dls2_interface/dls2_interface/msg/detail/pose__type_support.cpp
[6.222s] -- Installing: /home/gturrisi-iit.local/other_ws_home/iekf-legged-robot-pytorch/ros2_ws/install/dls2_interface/include/dls2_interface/dls2_interface/msg/detail/blind_state__type_support.cpp
[6.222s] -- Installing: /home/gturrisi-iit.local/other_ws_home/iekf-legged-robot-pytorch/ros2_ws/install/dls2_interface/include/dls2_interface/dls2_interface/msg/detail/trajectory_generator__type_support.cpp
[6.222s] -- Installing: /home/gturrisi-iit.local/other_ws_home/iekf-legged-robot-pytorch/ros2_ws/install/dls2_interface/include/dls2_interface/dls2_interface/msg/detail/blind_state__rosidl_typesupport_introspection_cpp.hpp
[6.222s] -- Installing: /home/gturrisi-iit.local/other_ws_home/iekf-legged-robot-pytorch/ros2_ws/install/dls2_interface/include/dls2_interface/dls2_interface/msg/detail/imu__type_support.cpp
[6.222s] -- Installing: /home/gturrisi-iit.local/other_ws_home/iekf-legged-robot-pytorch/ros2_ws/install/dls2_interface/include/dls2_interface/dls2_interface/msg/detail/trajectory_generator__rosidl_typesupport_introspection_cpp.hpp
[6.222s] -- Installing: /home/gturrisi-iit.local/other_ws_home/iekf-legged-robot-pytorch/ros2_ws/install/dls2_interface/include/dls2_interface/dls2_interface/msg/detail/screw__rosidl_typesupport_introspection_cpp.hpp
[6.222s] -- Installing: /home/gturrisi-iit.local/other_ws_home/iekf-legged-robot-pytorch/ros2_ws/install/dls2_interface/include/dls2_interface/dls2_interface/msg/detail/imu__rosidl_typesupport_introspection_cpp.hpp
[6.222s] -- Installing: /home/gturrisi-iit.local/other_ws_home/iekf-legged-robot-pytorch/ros2_ws/install/dls2_interface/include/dls2_interface/dls2_interface/msg/detail/base_state_debug__type_support.cpp
[6.223s] -- Installing: /home/gturrisi-iit.local/other_ws_home/iekf-legged-robot-pytorch/ros2_ws/install/dls2_interface/include/dls2_interface/dls2_interface/msg/detail/pose__rosidl_typesupport_introspection_cpp.hpp
[6.223s] -- Installing: /home/gturrisi-iit.local/other_ws_home/iekf-legged-robot-pytorch/ros2_ws/install/dls2_interface/include/dls2_interface/dls2_interface/msg/detail/screw__type_support.cpp
[6.223s] -- Installing: /home/gturrisi-iit.local/other_ws_home/iekf-legged-robot-pytorch/ros2_ws/install/dls2_interface/include/dls2_interface/dls2_interface/msg/detail/base_state__rosidl_typesupport_introspection_cpp.hpp
[6.223s] -- Installing: /home/gturrisi-iit.local/other_ws_home/iekf-legged-robot-pytorch/ros2_ws/install/dls2_interface/lib/libdls2_interface__rosidl_typesupport_introspection_cpp.so
[6.223s] -- Installing: /home/gturrisi-iit.local/other_ws_home/iekf-legged-robot-pytorch/ros2_ws/install/dls2_interface/lib/libdls2_interface__rosidl_typesupport_cpp.so
[6.223s] -- Installing: /home/gturrisi-iit.local/other_ws_home/iekf-legged-robot-pytorch/ros2_ws/install/dls2_interface/share/dls2_interface/environment/pythonpath.sh
[6.223s] -- Installing: /home/gturrisi-iit.local/other_ws_home/iekf-legged-robot-pytorch/ros2_ws/install/dls2_interface/share/dls2_interface/environment/pythonpath.dsv
[6.223s] -- Installing: /home/gturrisi-iit.local/other_ws_home/iekf-legged-robot-pytorch/ros2_ws/install/dls2_interface/lib/python3.12/site-packages/dls2_interface-0.0.0-py3.12.egg-info
[6.223s] -- Installing: /home/gturrisi-iit.local/other_ws_home/iekf-legged-robot-pytorch/ros2_ws/install/dls2_interface/lib/python3.12/site-packages/dls2_interface-0.0.0-py3.12.egg-info/dependency_links.txt
[6.224s] -- Installing: /home/gturrisi-iit.local/other_ws_home/iekf-legged-robot-pytorch/ros2_ws/install/dls2_interface/lib/python3.12/site-packages/dls2_interface-0.0.0-py3.12.egg-info/top_level.txt
[6.224s] -- Installing: /home/gturrisi-iit.local/other_ws_home/iekf-legged-robot-pytorch/ros2_ws/install/dls2_interface/lib/python3.12/site-packages/dls2_interface-0.0.0-py3.12.egg-info/SOURCES.txt
[6.224s] -- Installing: /home/gturrisi-iit.local/other_ws_home/iekf-legged-robot-pytorch/ros2_ws/install/dls2_interface/lib/python3.12/site-packages/dls2_interface-0.0.0-py3.12.egg-info/PKG-INFO
[6.226s] -- Installing: /home/gturrisi-iit.local/other_ws_home/iekf-legged-robot-pytorch/ros2_ws/install/dls2_interface/lib/python3.12/site-packages/dls2_interface
[6.226s] -- Installing: /home/gturrisi-iit.local/other_ws_home/iekf-legged-robot-pytorch/ros2_ws/install/dls2_interface/lib/python3.12/site-packages/dls2_interface/msg
[6.226s] -- Installing: /home/gturrisi-iit.local/other_ws_home/iekf-legged-robot-pytorch/ros2_ws/install/dls2_interface/lib/python3.12/site-packages/dls2_interface/msg/_imu.py
[6.226s] -- Installing: /home/gturrisi-iit.local/other_ws_home/iekf-legged-robot-pytorch/ros2_ws/install/dls2_interface/lib/python3.12/site-packages/dls2_interface/msg/_trajectory_generator.py
[6.226s] -- Installing: /home/gturrisi-iit.local/other_ws_home/iekf-legged-robot-pytorch/ros2_ws/install/dls2_interface/lib/python3.12/site-packages/dls2_interface/msg/_screw_s.c
[6.226s] -- Installing: /home/gturrisi-iit.local/other_ws_home/iekf-legged-robot-pytorch/ros2_ws/install/dls2_interface/lib/python3.12/site-packages/dls2_interface/msg/_screw.py
[6.226s] -- Installing: /home/gturrisi-iit.local/other_ws_home/iekf-legged-robot-pytorch/ros2_ws/install/dls2_interface/lib/python3.12/site-packages/dls2_interface/msg/_pose.py
[6.226s] -- Installing: /home/gturrisi-iit.local/other_ws_home/iekf-legged-robot-pytorch/ros2_ws/install/dls2_interface/lib/python3.12/site-packages/dls2_interface/msg/_imu_s.c
[6.226s] -- Installing: /home/gturrisi-iit.local/other_ws_home/iekf-legged-robot-pytorch/ros2_ws/install/dls2_interface/lib/python3.12/site-packages/dls2_interface/msg/_base_state.py
[6.226s] -- Installing: /home/gturrisi-iit.local/other_ws_home/iekf-legged-robot-pytorch/ros2_ws/install/dls2_interface/lib/python3.12/site-packages/dls2_interface/msg/__init__.py
[6.226s] -- Installing: /home/gturrisi-iit.local/other_ws_home/iekf-legged-robot-pytorch/ros2_ws/install/dls2_interface/lib/python3.12/site-packages/dls2_interface/msg/_base_state_debug_s.c
[6.226s] -- Installing: /home/gturrisi-iit.local/other_ws_home/iekf-legged-robot-pytorch/ros2_ws/install/dls2_interface/lib/python3.12/site-packages/dls2_interface/msg/_trajectory_generator_s.c
[6.226s] -- Installing: /home/gturrisi-iit.local/other_ws_home/iekf-legged-robot-pytorch/ros2_ws/install/dls2_interface/lib/python3.12/site-packages/dls2_interface/msg/_base_state_debug.py
[6.226s] -- Installing: /home/gturrisi-iit.local/other_ws_home/iekf-legged-robot-pytorch/ros2_ws/install/dls2_interface/lib/python3.12/site-packages/dls2_interface/msg/_blind_state.py
[6.226s] -- Installing: /home/gturrisi-iit.local/other_ws_home/iekf-legged-robot-pytorch/ros2_ws/install/dls2_interface/lib/python3.12/site-packages/dls2_interface/msg/_pose_s.c
[6.227s] -- Installing: /home/gturrisi-iit.local/other_ws_home/iekf-legged-robot-pytorch/ros2_ws/install/dls2_interface/lib/python3.12/site-packages/dls2_interface/msg/_base_state_s.c
[6.227s] -- Installing: /home/gturrisi-iit.local/other_ws_home/iekf-legged-robot-pytorch/ros2_ws/install/dls2_interface/lib/python3.12/site-packages/dls2_interface/msg/_blind_state_s.c
[6.227s] -- Installing: /home/gturrisi-iit.local/other_ws_home/iekf-legged-robot-pytorch/ros2_ws/install/dls2_interface/lib/python3.12/site-packages/dls2_interface/__init__.py
[6.228s] -- Installing: /home/gturrisi-iit.local/other_ws_home/iekf-legged-robot-pytorch/ros2_ws/install/dls2_interface/lib/python3.12/site-packages/dls2_interface/libdls2_interface__rosidl_generator_py.so
[6.228s] -- Installing: /home/gturrisi-iit.local/other_ws_home/iekf-legged-robot-pytorch/ros2_ws/install/dls2_interface/lib/python3.12/site-packages/dls2_interface/dls2_interface_s__rosidl_typesupport_fastrtps_c.cpython-312-x86_64-linux-gnu.so
[6.228s] -- Installing: /home/gturrisi-iit.local/other_ws_home/iekf-legged-robot-pytorch/ros2_ws/install/dls2_interface/lib/python3.12/site-packages/dls2_interface/_dls2_interface_s.ep.rosidl_typesupport_c.c
[6.228s] -- Installing: /home/gturrisi-iit.local/other_ws_home/iekf-legged-robot-pytorch/ros2_ws/install/dls2_interface/lib/python3.12/site-packages/dls2_interface/_dls2_interface_s.ep.rosidl_typesupport_introspection_c.c
[6.229s] -- Installing: /home/gturrisi-iit.local/other_ws_home/iekf-legged-robot-pytorch/ros2_ws/install/dls2_interface/lib/python3.12/site-packages/dls2_interface/dls2_interface_s__rosidl_typesupport_c.cpython-312-x86_64-linux-gnu.so
[6.229s] -- Installing: /home/gturrisi-iit.local/other_ws_home/iekf-legged-robot-pytorch/ros2_ws/install/dls2_interface/lib/python3.12/site-packages/dls2_interface/_dls2_interface_s.ep.rosidl_typesupport_fastrtps_c.c
[6.229s] -- Installing: /home/gturrisi-iit.local/other_ws_home/iekf-legged-robot-pytorch/ros2_ws/install/dls2_interface/lib/python3.12/site-packages/dls2_interface/dls2_interface_s__rosidl_typesupport_introspection_c.cpython-312-x86_64-linux-gnu.so
[6.249s] Listing 'lib/python3.12/site-packages/dls2_interface'...
[6.249s] Can't list 'lib/python3.12/site-packages/dls2_interface'
[6.254s] -- Installing: /home/gturrisi-iit.local/other_ws_home/iekf-legged-robot-pytorch/ros2_ws/install/dls2_interface/lib/python3.12/site-packages/dls2_interface/dls2_interface_s__rosidl_typesupport_fastrtps_c.cpython-312-x86_64-linux-gnu.so
[6.254s] -- Set non-toolchain portion of runtime path of "/home/gturrisi-iit.local/other_ws_home/iekf-legged-robot-pytorch/ros2_ws/install/dls2_interface/lib/python3.12/site-packages/dls2_interface/dls2_interface_s__rosidl_typesupport_fastrtps_c.cpython-312-x86_64-linux-gnu.so" to ""
[6.254s] -- Installing: /home/gturrisi-iit.local/other_ws_home/iekf-legged-robot-pytorch/ros2_ws/install/dls2_interface/lib/python3.12/site-packages/dls2_interface/dls2_interface_s__rosidl_typesupport_introspection_c.cpython-312-x86_64-linux-gnu.so
[6.254s] -- Set non-toolchain portion of runtime path of "/home/gturrisi-iit.local/other_ws_home/iekf-legged-robot-pytorch/ros2_ws/install/dls2_interface/lib/python3.12/site-packages/dls2_interface/dls2_interface_s__rosidl_typesupport_introspection_c.cpython-312-x86_64-linux-gnu.so" to ""
[6.254s] -- Installing: /home/gturrisi-iit.local/other_ws_home/iekf-legged-robot-pytorch/ros2_ws/install/dls2_interface/lib/python3.12/site-packages/dls2_interface/dls2_interface_s__rosidl_typesupport_c.cpython-312-x86_64-linux-gnu.so
[6.254s] -- Set non-toolchain portion of runtime path of "/home/gturrisi-iit.local/other_ws_home/iekf-legged-robot-pytorch/ros2_ws/install/dls2_interface/lib/python3.12/site-packages/dls2_interface/dls2_interface_s__rosidl_typesupport_c.cpython-312-x86_64-linux-gnu.so" to ""
[6.254s] -- Installing: /home/gturrisi-iit.local/other_ws_home/iekf-legged-robot-pytorch/ros2_ws/install/dls2_interface/lib/libdls2_interface__rosidl_generator_py.so
[6.254s] -- Set non-toolchain portion of runtime path of "/home/gturrisi-iit.local/other_ws_home/iekf-legged-robot-pytorch/ros2_ws/install/dls2_interface/lib/libdls2_interface__rosidl_generator_py.so" to ""
[6.255s] -- Installing: /home/gturrisi-iit.local/other_ws_home/iekf-legged-robot-pytorch/ros2_ws/install/dls2_interface/share/ament_index/resource_index/rust_packages/dls2_interface
[6.255s] -- Installing: /home/gturrisi-iit.local/other_ws_home/iekf-legged-robot-pytorch/ros2_ws/install/dls2_interface/share/dls2_interface/rust
[6.255s] -- Installing: /home/gturrisi-iit.local/other_ws_home/iekf-legged-robot-pytorch/ros2_ws/install/dls2_interface/share/dls2_interface/rust/build.rs
[6.255s] -- Installing: /home/gturrisi-iit.local/other_ws_home/iekf-legged-robot-pytorch/ros2_ws/install/dls2_interface/share/dls2_interface/rust/src
[6.255s] -- Installing: /home/gturrisi-iit.local/other_ws_home/iekf-legged-robot-pytorch/ros2_ws/install/dls2_interface/share/dls2_interface/rust/src/msg
[6.255s] -- Installing: /home/gturrisi-iit.local/other_ws_home/iekf-legged-robot-pytorch/ros2_ws/install/dls2_interface/share/dls2_interface/rust/src/msg/rmw.rs
[6.255s] -- Installing: /home/gturrisi-iit.local/other_ws_home/iekf-legged-robot-pytorch/ros2_ws/install/dls2_interface/share/dls2_interface/rust/src/msg.rs
[6.255s] -- Installing: /home/gturrisi-iit.local/other_ws_home/iekf-legged-robot-pytorch/ros2_ws/install/dls2_interface/share/dls2_interface/rust/src/lib.rs
[6.255s] -- Installing: /home/gturrisi-iit.local/other_ws_home/iekf-legged-robot-pytorch/ros2_ws/install/dls2_interface/share/dls2_interface/rust/Cargo.toml
[6.255s] -- Installing: /home/gturrisi-iit.local/other_ws_home/iekf-legged-robot-pytorch/ros2_ws/install/dls2_interface/share/dls2_interface/msg/Pose.idl
[6.255s] -- Installing: /home/gturrisi-iit.local/other_ws_home/iekf-legged-robot-pytorch/ros2_ws/install/dls2_interface/share/dls2_interface/msg/Screw.idl
[6.255s] -- Installing: /home/gturrisi-iit.local/other_ws_home/iekf-legged-robot-pytorch/ros2_ws/install/dls2_interface/share/dls2_interface/msg/BlindState.idl
[6.255s] -- Installing: /home/gturrisi-iit.local/other_ws_home/iekf-legged-robot-pytorch/ros2_ws/install/dls2_interface/share/dls2_interface/msg/BaseState.idl
[6.255s] -- Installing: /home/gturrisi-iit.local/other_ws_home/iekf-legged-robot-pytorch/ros2_ws/install/dls2_interface/share/dls2_interface/msg/BaseStateDebug.idl
[6.255s] -- Installing: /home/gturrisi-iit.local/other_ws_home/iekf-legged-robot-pytorch/ros2_ws/install/dls2_interface/share/dls2_interface/msg/Imu.idl
[6.255s] -- Installing: /home/gturrisi-iit.local/other_ws_home/iekf-legged-robot-pytorch/ros2_ws/install/dls2_interface/share/dls2_interface/msg/TrajectoryGenerator.idl
[6.255s] -- Installing: /home/gturrisi-iit.local/other_ws_home/iekf-legged-robot-pytorch/ros2_ws/install/dls2_interface/share/dls2_interface/msg/Pose.msg
[6.255s] -- Installing: /home/gturrisi-iit.local/other_ws_home/iekf-legged-robot-pytorch/ros2_ws/install/dls2_interface/share/dls2_interface/msg/Screw.msg
[6.256s] -- Installing: /home/gturrisi-iit.local/other_ws_home/iekf-legged-robot-pytorch/ros2_ws/install/dls2_interface/share/dls2_interface/msg/BlindState.msg
[6.256s] -- Installing: /home/gturrisi-iit.local/other_ws_home/iekf-legged-robot-pytorch/ros2_ws/install/dls2_interface/share/dls2_interface/msg/BaseState.msg
[6.256s] -- Installing: /home/gturrisi-iit.local/other_ws_home/iekf-legged-robot-pytorch/ros2_ws/install/dls2_interface/share/dls2_interface/msg/BaseStateDebug.msg
[6.256s] -- Installing: /home/gturrisi-iit.local/other_ws_home/iekf-legged-robot-pytorch/ros2_ws/install/dls2_interface/share/dls2_interface/msg/Imu.msg
[6.256s] -- Installing: /home/gturrisi-iit.local/other_ws_home/iekf-legged-robot-pytorch/ros2_ws/install/dls2_interface/share/dls2_interface/msg/TrajectoryGenerator.msg
[6.256s] -- Installing: /home/gturrisi-iit.local/other_ws_home/iekf-legged-robot-pytorch/ros2_ws/install/dls2_interface/share/ament_index/resource_index/package_run_dependencies/dls2_interface
[6.256s] -- Installing: /home/gturrisi-iit.local/other_ws_home/iekf-legged-robot-pytorch/ros2_ws/install/dls2_interface/share/ament_index/resource_index/parent_prefix_path/dls2_interface
[6.256s] -- Installing: /home/gturrisi-iit.local/other_ws_home/iekf-legged-robot-pytorch/ros2_ws/install/dls2_interface/share/dls2_interface/environment/ament_prefix_path.sh
[6.256s] -- Installing: /home/gturrisi-iit.local/other_ws_home/iekf-legged-robot-pytorch/ros2_ws/install/dls2_interface/share/dls2_interface/environment/ament_prefix_path.dsv
[6.256s] -- Installing: /home/gturrisi-iit.local/other_ws_home/iekf-legged-robot-pytorch/ros2_ws/install/dls2_interface/share/dls2_interface/environment/path.sh
[6.256s] -- Installing: /home/gturrisi-iit.local/other_ws_home/iekf-legged-robot-pytorch/ros2_ws/install/dls2_interface/share/dls2_interface/environment/path.dsv
[6.256s] -- Installing: /home/gturrisi-iit.local/other_ws_home/iekf-legged-robot-pytorch/ros2_ws/install/dls2_interface/share/dls2_interface/local_setup.bash
[6.256s] -- Installing: /home/gturrisi-iit.local/other_ws_home/iekf-legged-robot-pytorch/ros2_ws/install/dls2_interface/share/dls2_interface/local_setup.sh
[6.256s] -- Installing: /home/gturrisi-iit.local/other_ws_home/iekf-legged-robot-pytorch/ros2_ws/install/dls2_interface/share/dls2_interface/local_setup.zsh
[6.257s] -- Installing: /home/gturrisi-iit.local/other_ws_home/iekf-legged-robot-pytorch/ros2_ws/install/dls2_interface/share/dls2_interface/local_setup.dsv
[6.257s] -- Installing: /home/gturrisi-iit.local/other_ws_home/iekf-legged-robot-pytorch/ros2_ws/install/dls2_interface/share/dls2_interface/package.dsv
[6.257s] -- Installing: /home/gturrisi-iit.local/other_ws_home/iekf-legged-robot-pytorch/ros2_ws/install/dls2_interface/share/ament_index/resource_index/packages/dls2_interface
[6.257s] -- Installing: /home/gturrisi-iit.local/other_ws_home/iekf-legged-robot-pytorch/ros2_ws/install/dls2_interface/share/dls2_interface/cmake/export_dls2_interface__rosidl_generator_cExport.cmake
[6.257s] -- Installing: /home/gturrisi-iit.local/other_ws_home/iekf-legged-robot-pytorch/ros2_ws/install/dls2_interface/share/dls2_interface/cmake/export_dls2_interface__rosidl_generator_cExport-noconfig.cmake
[6.257s] -- Installing: /home/gturrisi-iit.local/other_ws_home/iekf-legged-robot-pytorch/ros2_ws/install/dls2_interface/share/dls2_interface/cmake/export_dls2_interface__rosidl_typesupport_fastrtps_cExport.cmake
[6.257s] -- Installing: /home/gturrisi-iit.local/other_ws_home/iekf-legged-robot-pytorch/ros2_ws/install/dls2_interface/share/dls2_interface/cmake/export_dls2_interface__rosidl_typesupport_fastrtps_cExport-noconfig.cmake
[6.257s] -- Installing: /home/gturrisi-iit.local/other_ws_home/iekf-legged-robot-pytorch/ros2_ws/install/dls2_interface/share/dls2_interface/cmake/dls2_interface__rosidl_typesupport_introspection_cExport.cmake
[6.257s] -- Installing: /home/gturrisi-iit.local/other_ws_home/iekf-legged-robot-pytorch/ros2_ws/install/dls2_interface/share/dls2_interface/cmake/dls2_interface__rosidl_typesupport_introspection_cExport-noconfig.cmake
[6.257s] -- Installing: /home/gturrisi-iit.local/other_ws_home/iekf-legged-robot-pytorch/ros2_ws/install/dls2_interface/share/dls2_interface/cmake/dls2_interface__rosidl_typesupport_cExport.cmake
[6.257s] -- Installing: /home/gturrisi-iit.local/other_ws_home/iekf-legged-robot-pytorch/ros2_ws/install/dls2_interface/share/dls2_interface/cmake/dls2_interface__rosidl_typesupport_cExport-noconfig.cmake
[6.257s] -- Installing: /home/gturrisi-iit.local/other_ws_home/iekf-legged-robot-pytorch/ros2_ws/install/dls2_interface/share/dls2_interface/cmake/export_dls2_interface__rosidl_generator_cppExport.cmake
[6.257s] -- Installing: /home/gturrisi-iit.local/other_ws_home/iekf-legged-robot-pytorch/ros2_ws/install/dls2_interface/share/dls2_interface/cmake/export_dls2_interface__rosidl_typesupport_fastrtps_cppExport.cmake
[6.257s] -- Installing: /home/gturrisi-iit.local/other_ws_home/iekf-legged-robot-pytorch/ros2_ws/install/dls2_interface/share/dls2_interface/cmake/export_dls2_interface__rosidl_typesupport_fastrtps_cppExport-noconfig.cmake
[6.257s] -- Installing: /home/gturrisi-iit.local/other_ws_home/iekf-legged-robot-pytorch/ros2_ws/install/dls2_interface/share/dls2_interface/cmake/dls2_interface__rosidl_typesupport_introspection_cppExport.cmake
[6.257s] -- Installing: /home/gturrisi-iit.local/other_ws_home/iekf-legged-robot-pytorch/ros2_ws/install/dls2_interface/share/dls2_interface/cmake/dls2_interface__rosidl_typesupport_introspection_cppExport-noconfig.cmake
[6.257s] -- Installing: /home/gturrisi-iit.local/other_ws_home/iekf-legged-robot-pytorch/ros2_ws/install/dls2_interface/share/dls2_interface/cmake/dls2_interface__rosidl_typesupport_cppExport.cmake
[6.257s] -- Installing: /home/gturrisi-iit.local/other_ws_home/iekf-legged-robot-pytorch/ros2_ws/install/dls2_interface/share/dls2_interface/cmake/dls2_interface__rosidl_typesupport_cppExport-noconfig.cmake
[6.258s] -- Installing: /home/gturrisi-iit.local/other_ws_home/iekf-legged-robot-pytorch/ros2_ws/install/dls2_interface/share/dls2_interface/cmake/export_dls2_interface__rosidl_generator_pyExport.cmake
[6.258s] -- Installing: /home/gturrisi-iit.local/other_ws_home/iekf-legged-robot-pytorch/ros2_ws/install/dls2_interface/share/dls2_interface/cmake/export_dls2_interface__rosidl_generator_pyExport-noconfig.cmake
[6.258s] -- Installing: /home/gturrisi-iit.local/other_ws_home/iekf-legged-robot-pytorch/ros2_ws/install/dls2_interface/share/dls2_interface/cmake/rosidl_cmake-extras.cmake
[6.258s] -- Installing: /home/gturrisi-iit.local/other_ws_home/iekf-legged-robot-pytorch/ros2_ws/install/dls2_interface/share/dls2_interface/cmake/ament_cmake_export_include_directories-extras.cmake
[6.258s] -- Installing: /home/gturrisi-iit.local/other_ws_home/iekf-legged-robot-pytorch/ros2_ws/install/dls2_interface/share/dls2_interface/cmake/ament_cmake_export_libraries-extras.cmake
[6.258s] -- Installing: /home/gturrisi-iit.local/other_ws_home/iekf-legged-robot-pytorch/ros2_ws/install/dls2_interface/share/dls2_interface/cmake/ament_cmake_export_targets-extras.cmake
[6.258s] -- Installing: /home/gturrisi-iit.local/other_ws_home/iekf-legged-robot-pytorch/ros2_ws/install/dls2_interface/share/dls2_interface/cmake/rosidl_cmake_export_typesupport_targets-extras.cmake
[6.258s] -- Installing: /home/gturrisi-iit.local/other_ws_home/iekf-legged-robot-pytorch/ros2_ws/install/dls2_interface/share/dls2_interface/cmake/ament_cmake_export_dependencies-extras.cmake
[6.258s] -- Installing: /home/gturrisi-iit.local/other_ws_home/iekf-legged-robot-pytorch/ros2_ws/install/dls2_interface/share/dls2_interface/cmake/rosidl_cmake_export_typesupport_libraries-extras.cmake
[6.258s] -- Installing: /home/gturrisi-iit.local/other_ws_home/iekf-legged-robot-pytorch/ros2_ws/install/dls2_interface/share/dls2_interface/cmake/dls2_interfaceConfig.cmake
[6.258s] -- Installing: /home/gturrisi-iit.local/other_ws_home/iekf-legged-robot-pytorch/ros2_ws/install/dls2_interface/share/dls2_interface/cmake/dls2_interfaceConfig-version.cmake
[6.258s] -- Installing: /home/gturrisi-iit.local/other_ws_home/iekf-legged-robot-pytorch/ros2_ws/install/dls2_interface/share/dls2_interface/package.xml
[6.260s] Invoked command in '/home/gturrisi-iit.local/other_ws_home/iekf-legged-robot-pytorch/ros2_ws/build/dls2_interface' returned '0': CONDA_PROMPT_MODIFIER=(ekf_legged_robot_env) DEBUGINFOD_URLS=https://debuginfod.ubuntu.com /home/gturrisi-iit.local/miniforge3/envs/ekf_legged_robot_env/bin/cmake --install /home/gturrisi-iit.local/other_ws_home/iekf-legged-robot-pytorch/ros2_ws/build/dls2_interface
