-- The C compiler identification is GNU 15.3.0
-- The CXX compiler identification is GNU 15.3.0
-- Detecting C compiler ABI info
-- Detecting C compiler ABI info - done
-- Check for working C compiler: /home/gturrisi-iit.local/miniforge3/envs/ekf_legged_robot_env/bin/x86_64-conda-linux-gnu-cc - skipped
-- Detecting C compile features
-- Detecting C compile features - done
-- Detecting CXX compiler ABI info
-- Detecting CXX compiler ABI info - done
-- Check for working CXX compiler: /home/gturrisi-iit.local/miniforge3/envs/ekf_legged_robot_env/bin/x86_64-conda-linux-gnu-c++ - skipped
-- Detecting CXX compile features
-- Detecting CXX compile features - done
-- Found ament_cmake: 1.3.14 (/home/gturrisi-iit.local/miniforge3/envs/ekf_legged_robot_env/share/ament_cmake/cmake)
-- Found Python3: /home/gturrisi-iit.local/miniforge3/envs/ekf_legged_robot_env/bin/python3 (found version "3.12.14") found components: Interpreter
-- Found rosidl_default_generators: 1.2.1 (/home/gturrisi-iit.local/miniforge3/envs/ekf_legged_robot_env/share/rosidl_default_generators/cmake)
-- Using all available rosidl_typesupport_c: rosidl_typesupport_fastrtps_c;rosidl_typesupport_introspection_c
-- Found rosidl_adapter: 3.1.8 (/home/gturrisi-iit.local/miniforge3/envs/ekf_legged_robot_env/share/rosidl_adapter/cmake)
-- Using all available rosidl_typesupport_cpp: rosidl_typesupport_fastrtps_cpp;rosidl_typesupport_introspection_cpp
-- Found Python3: /home/gturrisi-iit.local/miniforge3/envs/ekf_legged_robot_env/bin/python3 (found version "3.12.14") found components: Interpreter Development NumPy Development.Module Development.Embed
-- Found Python3: /home/gturrisi-iit.local/miniforge3/envs/ekf_legged_robot_env/bin/python3 (found version "3.12.14") found components: Interpreter
-- Found ament_cmake_ros: 0.10.0 (/home/gturrisi-iit.local/miniforge3/envs/ekf_legged_robot_env/share/ament_cmake_ros/cmake)
-- Using all available rosidl_typesupport_c: rosidl_typesupport_fastrtps_c;rosidl_typesupport_introspection_c
-- Using all available rosidl_typesupport_cpp: rosidl_typesupport_fastrtps_cpp;rosidl_typesupport_introspection_cpp
-- Found python_cmake_module: 0.10.0 (/home/gturrisi-iit.local/miniforge3/envs/ekf_legged_robot_env/share/python_cmake_module/cmake)
-- Found PythonInterp: /home/gturrisi-iit.local/miniforge3/envs/ekf_legged_robot_env/bin/python3 (found suitable version "3.12.14", minimum required is "3.6")
-- Found PythonLibs: /home/gturrisi-iit.local/miniforge3/envs/ekf_legged_robot_env/lib/libpython3.12.so (found suitable version "3.12.14", minimum required is "3.5")
-- Using PYTHON_EXECUTABLE: /home/gturrisi-iit.local/miniforge3/envs/ekf_legged_robot_env/bin/python3
-- Using PYTHON_INCLUDE_DIRS: /home/gturrisi-iit.local/miniforge3/envs/ekf_legged_robot_env/include/python3.12
-- Using PYTHON_LIBRARIES: /home/gturrisi-iit.local/miniforge3/envs/ekf_legged_robot_env/lib/libpython3.12.so
-- Found PythonExtra: .so
-- Found Python: /home/gturrisi-iit.local/miniforge3/envs/ekf_legged_robot_env/bin/python3 (found version "3.12.14") found components: Interpreter Development NumPy Development.Module Development.Embed
-- Configuring done (1.7s)
-- Generating done (0.0s)
-- Build files have been written to: /home/gturrisi-iit.local/other_ws_home/iekf-legged-robot-pytorch/ros2_ws/build/unitree_go
[  1%] [1m[34mGenerating C code for ROS interfaces[0m
[  5%] [1m[34mGenerating Rust code for ROS interfaces[0m
[  5%] [1m[34mGenerating C++ code for ROS interfaces[0m
[  5%] Built target ament_cmake_python_copy_unitree_go
running egg_info
creating unitree_go.egg-info
writing unitree_go.egg-info/PKG-INFO
writing dependency_links to unitree_go.egg-info/dependency_links.txt
writing top-level names to unitree_go.egg-info/top_level.txt
writing manifest file 'unitree_go.egg-info/SOURCES.txt'
reading manifest file 'unitree_go.egg-info/SOURCES.txt'
writing manifest file 'unitree_go.egg-info/SOURCES.txt'
[  5%] Built target ament_cmake_python_build_unitree_go_egg
[  5%] Built target unitree_go__rs
[ 12%] [32mBuilding C object CMakeFiles/unitree_go__rosidl_generator_c.dir/rosidl_generator_c/unitree_go/msg/detail/motor_state__functions.c.o[0m
[ 12%] [32mBuilding C object CMakeFiles/unitree_go__rosidl_generator_c.dir/rosidl_generator_c/unitree_go/msg/detail/low_state__functions.c.o[0m
[ 12%] [32mBuilding C object CMakeFiles/unitree_go__rosidl_generator_c.dir/rosidl_generator_c/unitree_go/msg/detail/bms_state__functions.c.o[0m
[ 12%] [32mBuilding C object CMakeFiles/unitree_go__rosidl_generator_c.dir/rosidl_generator_c/unitree_go/msg/detail/imu_state__functions.c.o[0m
[ 12%] Built target unitree_go__cpp
[ 14%] [1m[34mGenerating C++ type support for eProsima Fast-RTPS[0m
[ 16%] [1m[34mGenerating C++ introspection for ROS interfaces[0m
[ 17%] [1m[34mGenerating C++ type support dispatch for ROS interfaces[0m
[ 19%] [1m[32mLinking C shared library libunitree_go__rosidl_generator_c.so[0m
[ 19%] Built target unitree_go__rosidl_generator_c
[ 23%] [1m[34mGenerating C type support for eProsima Fast-RTPS[0m
[ 23%] [1m[34mGenerating C introspection for ROS interfaces[0m
[ 25%] [1m[34mGenerating C type support dispatch for ROS interfaces[0m
[ 26%] [32mBuilding CXX object CMakeFiles/unitree_go__rosidl_typesupport_fastrtps_cpp.dir/rosidl_typesupport_fastrtps_cpp/unitree_go/msg/detail/dds_fastrtps/bms_state__type_support.cpp.o[0m
[ 28%] [32mBuilding CXX object CMakeFiles/unitree_go__rosidl_typesupport_fastrtps_cpp.dir/rosidl_typesupport_fastrtps_cpp/unitree_go/msg/detail/dds_fastrtps/imu_state__type_support.cpp.o[0m
[ 30%] [32mBuilding CXX object CMakeFiles/unitree_go__rosidl_typesupport_fastrtps_cpp.dir/rosidl_typesupport_fastrtps_cpp/unitree_go/msg/detail/dds_fastrtps/low_state__type_support.cpp.o[0m
[ 32%] [32mBuilding CXX object CMakeFiles/unitree_go__rosidl_typesupport_fastrtps_cpp.dir/rosidl_typesupport_fastrtps_cpp/unitree_go/msg/detail/dds_fastrtps/motor_state__type_support.cpp.o[0m
[ 33%] [32mBuilding CXX object CMakeFiles/unitree_go__rosidl_typesupport_cpp.dir/rosidl_typesupport_cpp/unitree_go/msg/bms_state__type_support.cpp.o[0m
[ 35%] [32mBuilding CXX object CMakeFiles/unitree_go__rosidl_typesupport_cpp.dir/rosidl_typesupport_cpp/unitree_go/msg/imu_state__type_support.cpp.o[0m
[ 41%] [32mBuilding CXX object CMakeFiles/unitree_go__rosidl_typesupport_introspection_cpp.dir/rosidl_typesupport_introspection_cpp/unitree_go/msg/detail/bms_state__type_support.cpp.o[0m
[ 41%] [32mBuilding CXX object CMakeFiles/unitree_go__rosidl_typesupport_introspection_cpp.dir/rosidl_typesupport_introspection_cpp/unitree_go/msg/detail/imu_state__type_support.cpp.o[0m
[ 41%] [32mBuilding CXX object CMakeFiles/unitree_go__rosidl_typesupport_cpp.dir/rosidl_typesupport_cpp/unitree_go/msg/low_state__type_support.cpp.o[0m
[ 42%] [32mBuilding CXX object CMakeFiles/unitree_go__rosidl_typesupport_introspection_cpp.dir/rosidl_typesupport_introspection_cpp/unitree_go/msg/detail/motor_state__type_support.cpp.o[0m
[ 44%] [32mBuilding CXX object CMakeFiles/unitree_go__rosidl_typesupport_cpp.dir/rosidl_typesupport_cpp/unitree_go/msg/motor_state__type_support.cpp.o[0m
[ 46%] [32mBuilding CXX object CMakeFiles/unitree_go__rosidl_typesupport_introspection_cpp.dir/rosidl_typesupport_introspection_cpp/unitree_go/msg/detail/low_state__type_support.cpp.o[0m
[ 48%] [32mBuilding CXX object CMakeFiles/unitree_go__rosidl_typesupport_c.dir/rosidl_typesupport_c/unitree_go/msg/bms_state__type_support.cpp.o[0m
[ 50%] [32mBuilding CXX object CMakeFiles/unitree_go__rosidl_typesupport_fastrtps_c.dir/rosidl_typesupport_fastrtps_c/unitree_go/msg/detail/bms_state__type_support_c.cpp.o[0m
[ 51%] [32mBuilding CXX object CMakeFiles/unitree_go__rosidl_typesupport_c.dir/rosidl_typesupport_c/unitree_go/msg/imu_state__type_support.cpp.o[0m
[ 53%] [32mBuilding C object CMakeFiles/unitree_go__rosidl_typesupport_introspection_c.dir/rosidl_typesupport_introspection_c/unitree_go/msg/detail/bms_state__type_support.c.o[0m
[ 55%] [32mBuilding C object CMakeFiles/unitree_go__rosidl_typesupport_introspection_c.dir/rosidl_typesupport_introspection_c/unitree_go/msg/detail/imu_state__type_support.c.o[0m
[ 57%] [32mBuilding CXX object CMakeFiles/unitree_go__rosidl_typesupport_c.dir/rosidl_typesupport_c/unitree_go/msg/low_state__type_support.cpp.o[0m
[ 58%] [32mBuilding CXX object CMakeFiles/unitree_go__rosidl_typesupport_c.dir/rosidl_typesupport_c/unitree_go/msg/motor_state__type_support.cpp.o[0m
[ 60%] [32mBuilding CXX object CMakeFiles/unitree_go__rosidl_typesupport_fastrtps_c.dir/rosidl_typesupport_fastrtps_c/unitree_go/msg/detail/imu_state__type_support_c.cpp.o[0m
[ 62%] [32mBuilding C object CMakeFiles/unitree_go__rosidl_typesupport_introspection_c.dir/rosidl_typesupport_introspection_c/unitree_go/msg/detail/low_state__type_support.c.o[0m
[ 64%] [1m[32mLinking CXX shared library libunitree_go__rosidl_typesupport_c.so[0m
[ 64%] Built target unitree_go__rosidl_typesupport_c
[ 66%] [32mBuilding CXX object CMakeFiles/unitree_go__rosidl_typesupport_fastrtps_c.dir/rosidl_typesupport_fastrtps_c/unitree_go/msg/detail/low_state__type_support_c.cpp.o[0m
[ 67%] [32mBuilding C object CMakeFiles/unitree_go__rosidl_typesupport_introspection_c.dir/rosidl_typesupport_introspection_c/unitree_go/msg/detail/motor_state__type_support.c.o[0m
[ 69%] [32mBuilding CXX object CMakeFiles/unitree_go__rosidl_typesupport_fastrtps_c.dir/rosidl_typesupport_fastrtps_c/unitree_go/msg/detail/motor_state__type_support_c.cpp.o[0m
[ 71%] [1m[32mLinking C shared library libunitree_go__rosidl_typesupport_introspection_c.so[0m
[ 71%] Built target unitree_go__rosidl_typesupport_introspection_c
[ 73%] [1m[32mLinking CXX shared library libunitree_go__rosidl_typesupport_cpp.so[0m
[ 73%] Built target unitree_go__rosidl_typesupport_cpp
[ 75%] [1m[32mLinking CXX shared library libunitree_go__rosidl_typesupport_introspection_cpp.so[0m
[ 76%] [1m[32mLinking CXX shared library libunitree_go__rosidl_typesupport_fastrtps_cpp.so[0m
[ 76%] Built target unitree_go__rosidl_typesupport_introspection_cpp
[ 76%] Built target unitree_go__rosidl_typesupport_fastrtps_cpp
[ 78%] [1m[32mLinking CXX shared library libunitree_go__rosidl_typesupport_fastrtps_c.so[0m
[ 78%] Built target unitree_go__rosidl_typesupport_fastrtps_c
[ 78%] Built target unitree_go
[ 80%] [1m[34mGenerating Python code for ROS interfaces[0m
[ 80%] Built target unitree_go__py
[ 82%] [32mBuilding C object CMakeFiles/unitree_go__rosidl_generator_py.dir/rosidl_generator_py/unitree_go/msg/_bms_state_s.c.o[0m
[ 83%] [32mBuilding C object CMakeFiles/unitree_go__rosidl_generator_py.dir/rosidl_generator_py/unitree_go/msg/_imu_state_s.c.o[0m
[ 85%] [32mBuilding C object CMakeFiles/unitree_go__rosidl_generator_py.dir/rosidl_generator_py/unitree_go/msg/_motor_state_s.c.o[0m
[ 87%] [32mBuilding C object CMakeFiles/unitree_go__rosidl_generator_py.dir/rosidl_generator_py/unitree_go/msg/_low_state_s.c.o[0m
[ 89%] [1m[32mLinking C shared library rosidl_generator_py/unitree_go/libunitree_go__rosidl_generator_py.so[0m
[ 89%] Built target unitree_go__rosidl_generator_py
[ 94%] [32mBuilding C object CMakeFiles/unitree_go__rosidl_typesupport_introspection_c__pyext.dir/rosidl_generator_py/unitree_go/_unitree_go_s.ep.rosidl_typesupport_introspection_c.c.o[0m
[ 94%] [32mBuilding C object CMakeFiles/unitree_go__rosidl_typesupport_fastrtps_c__pyext.dir/rosidl_generator_py/unitree_go/_unitree_go_s.ep.rosidl_typesupport_fastrtps_c.c.o[0m
[ 94%] [32mBuilding C object CMakeFiles/unitree_go__rosidl_typesupport_c__pyext.dir/rosidl_generator_py/unitree_go/_unitree_go_s.ep.rosidl_typesupport_c.c.o[0m
[ 98%] [1m[32mLinking C shared module rosidl_generator_py/unitree_go/unitree_go_s__rosidl_typesupport_introspection_c.cpython-312-x86_64-linux-gnu.so[0m
[ 98%] [1m[32mLinking C shared module rosidl_generator_py/unitree_go/unitree_go_s__rosidl_typesupport_c.cpython-312-x86_64-linux-gnu.so[0m
[ 98%] Built target unitree_go__rosidl_typesupport_introspection_c__pyext
[ 98%] Built target unitree_go__rosidl_typesupport_c__pyext
[100%] [1m[32mLinking C shared module rosidl_generator_py/unitree_go/unitree_go_s__rosidl_typesupport_fastrtps_c.cpython-312-x86_64-linux-gnu.so[0m
[100%] Built target unitree_go__rosidl_typesupport_fastrtps_c__pyext
-- Install configuration: ""
-- Installing: /home/gturrisi-iit.local/other_ws_home/iekf-legged-robot-pytorch/ros2_ws/install/unitree_go/share/ament_index/resource_index/rosidl_interfaces/unitree_go
-- Installing: /home/gturrisi-iit.local/other_ws_home/iekf-legged-robot-pytorch/ros2_ws/install/unitree_go/include/unitree_go/unitree_go
-- Installing: /home/gturrisi-iit.local/other_ws_home/iekf-legged-robot-pytorch/ros2_ws/install/unitree_go/include/unitree_go/unitree_go/msg
-- Installing: /home/gturrisi-iit.local/other_ws_home/iekf-legged-robot-pytorch/ros2_ws/install/unitree_go/include/unitree_go/unitree_go/msg/detail
-- Installing: /home/gturrisi-iit.local/other_ws_home/iekf-legged-robot-pytorch/ros2_ws/install/unitree_go/include/unitree_go/unitree_go/msg/detail/imu_state__struct.h
-- Installing: /home/gturrisi-iit.local/other_ws_home/iekf-legged-robot-pytorch/ros2_ws/install/unitree_go/include/unitree_go/unitree_go/msg/detail/motor_state__struct.h
-- Installing: /home/gturrisi-iit.local/other_ws_home/iekf-legged-robot-pytorch/ros2_ws/install/unitree_go/include/unitree_go/unitree_go/msg/detail/low_state__struct.h
-- Installing: /home/gturrisi-iit.local/other_ws_home/iekf-legged-robot-pytorch/ros2_ws/install/unitree_go/include/unitree_go/unitree_go/msg/detail/motor_state__type_support.h
-- Installing: /home/gturrisi-iit.local/other_ws_home/iekf-legged-robot-pytorch/ros2_ws/install/unitree_go/include/unitree_go/unitree_go/msg/detail/bms_state__type_support.h
-- Installing: /home/gturrisi-iit.local/other_ws_home/iekf-legged-robot-pytorch/ros2_ws/install/unitree_go/include/unitree_go/unitree_go/msg/detail/bms_state__functions.c
-- Installing: /home/gturrisi-iit.local/other_ws_home/iekf-legged-robot-pytorch/ros2_ws/install/unitree_go/include/unitree_go/unitree_go/msg/detail/motor_state__functions.c
-- Installing: /home/gturrisi-iit.local/other_ws_home/iekf-legged-robot-pytorch/ros2_ws/install/unitree_go/include/unitree_go/unitree_go/msg/detail/motor_state__functions.h
-- Installing: /home/gturrisi-iit.local/other_ws_home/iekf-legged-robot-pytorch/ros2_ws/install/unitree_go/include/unitree_go/unitree_go/msg/detail/imu_state__functions.c
-- Installing: /home/gturrisi-iit.local/other_ws_home/iekf-legged-robot-pytorch/ros2_ws/install/unitree_go/include/unitree_go/unitree_go/msg/detail/bms_state__functions.h
-- Installing: /home/gturrisi-iit.local/other_ws_home/iekf-legged-robot-pytorch/ros2_ws/install/unitree_go/include/unitree_go/unitree_go/msg/detail/low_state__functions.c
-- Installing: /home/gturrisi-iit.local/other_ws_home/iekf-legged-robot-pytorch/ros2_ws/install/unitree_go/include/unitree_go/unitree_go/msg/detail/bms_state__struct.h
-- Installing: /home/gturrisi-iit.local/other_ws_home/iekf-legged-robot-pytorch/ros2_ws/install/unitree_go/include/unitree_go/unitree_go/msg/detail/low_state__functions.h
-- Installing: /home/gturrisi-iit.local/other_ws_home/iekf-legged-robot-pytorch/ros2_ws/install/unitree_go/include/unitree_go/unitree_go/msg/detail/imu_state__functions.h
-- Installing: /home/gturrisi-iit.local/other_ws_home/iekf-legged-robot-pytorch/ros2_ws/install/unitree_go/include/unitree_go/unitree_go/msg/detail/low_state__type_support.h
-- Installing: /home/gturrisi-iit.local/other_ws_home/iekf-legged-robot-pytorch/ros2_ws/install/unitree_go/include/unitree_go/unitree_go/msg/detail/imu_state__type_support.h
-- Installing: /home/gturrisi-iit.local/other_ws_home/iekf-legged-robot-pytorch/ros2_ws/install/unitree_go/include/unitree_go/unitree_go/msg/low_state.h
-- Installing: /home/gturrisi-iit.local/other_ws_home/iekf-legged-robot-pytorch/ros2_ws/install/unitree_go/include/unitree_go/unitree_go/msg/motor_state.h
-- Installing: /home/gturrisi-iit.local/other_ws_home/iekf-legged-robot-pytorch/ros2_ws/install/unitree_go/include/unitree_go/unitree_go/msg/rosidl_generator_c__visibility_control.h
-- Installing: /home/gturrisi-iit.local/other_ws_home/iekf-legged-robot-pytorch/ros2_ws/install/unitree_go/include/unitree_go/unitree_go/msg/bms_state.h
-- Installing: /home/gturrisi-iit.local/other_ws_home/iekf-legged-robot-pytorch/ros2_ws/install/unitree_go/include/unitree_go/unitree_go/msg/imu_state.h
-- Installing: /home/gturrisi-iit.local/other_ws_home/iekf-legged-robot-pytorch/ros2_ws/install/unitree_go/lib/libunitree_go__rosidl_generator_c.so
-- Up-to-date: /home/gturrisi-iit.local/other_ws_home/iekf-legged-robot-pytorch/ros2_ws/install/unitree_go/include/unitree_go/unitree_go
-- Up-to-date: /home/gturrisi-iit.local/other_ws_home/iekf-legged-robot-pytorch/ros2_ws/install/unitree_go/include/unitree_go/unitree_go/msg
-- Up-to-date: /home/gturrisi-iit.local/other_ws_home/iekf-legged-robot-pytorch/ros2_ws/install/unitree_go/include/unitree_go/unitree_go/msg/detail
-- Installing: /home/gturrisi-iit.local/other_ws_home/iekf-legged-robot-pytorch/ros2_ws/install/unitree_go/include/unitree_go/unitree_go/msg/detail/imu_state__rosidl_typesupport_fastrtps_c.h
-- Installing: /home/gturrisi-iit.local/other_ws_home/iekf-legged-robot-pytorch/ros2_ws/install/unitree_go/include/unitree_go/unitree_go/msg/detail/low_state__rosidl_typesupport_fastrtps_c.h
-- Installing: /home/gturrisi-iit.local/other_ws_home/iekf-legged-robot-pytorch/ros2_ws/install/unitree_go/include/unitree_go/unitree_go/msg/detail/motor_state__rosidl_typesupport_fastrtps_c.h
-- Installing: /home/gturrisi-iit.local/other_ws_home/iekf-legged-robot-pytorch/ros2_ws/install/unitree_go/include/unitree_go/unitree_go/msg/detail/bms_state__rosidl_typesupport_fastrtps_c.h
-- Installing: /home/gturrisi-iit.local/other_ws_home/iekf-legged-robot-pytorch/ros2_ws/install/unitree_go/include/unitree_go/unitree_go/msg/rosidl_typesupport_fastrtps_c__visibility_control.h
-- Installing: /home/gturrisi-iit.local/other_ws_home/iekf-legged-robot-pytorch/ros2_ws/install/unitree_go/lib/libunitree_go__rosidl_typesupport_fastrtps_c.so
-- Set non-toolchain portion of runtime path of "/home/gturrisi-iit.local/other_ws_home/iekf-legged-robot-pytorch/ros2_ws/install/unitree_go/lib/libunitree_go__rosidl_typesupport_fastrtps_c.so" to ""
-- Up-to-date: /home/gturrisi-iit.local/other_ws_home/iekf-legged-robot-pytorch/ros2_ws/install/unitree_go/include/unitree_go/unitree_go
-- Up-to-date: /home/gturrisi-iit.local/other_ws_home/iekf-legged-robot-pytorch/ros2_ws/install/unitree_go/include/unitree_go/unitree_go/msg
-- Up-to-date: /home/gturrisi-iit.local/other_ws_home/iekf-legged-robot-pytorch/ros2_ws/install/unitree_go/include/unitree_go/unitree_go/msg/detail
-- Installing: /home/gturrisi-iit.local/other_ws_home/iekf-legged-robot-pytorch/ros2_ws/install/unitree_go/include/unitree_go/unitree_go/msg/detail/motor_state__rosidl_typesupport_introspection_c.h
-- Installing: /home/gturrisi-iit.local/other_ws_home/iekf-legged-robot-pytorch/ros2_ws/install/unitree_go/include/unitree_go/unitree_go/msg/detail/bms_state__rosidl_typesupport_introspection_c.h
-- Installing: /home/gturrisi-iit.local/other_ws_home/iekf-legged-robot-pytorch/ros2_ws/install/unitree_go/include/unitree_go/unitree_go/msg/detail/bms_state__type_support.c
-- Installing: /home/gturrisi-iit.local/other_ws_home/iekf-legged-robot-pytorch/ros2_ws/install/unitree_go/include/unitree_go/unitree_go/msg/detail/low_state__type_support.c
-- Installing: /home/gturrisi-iit.local/other_ws_home/iekf-legged-robot-pytorch/ros2_ws/install/unitree_go/include/unitree_go/unitree_go/msg/detail/imu_state__type_support.c
-- Installing: /home/gturrisi-iit.local/other_ws_home/iekf-legged-robot-pytorch/ros2_ws/install/unitree_go/include/unitree_go/unitree_go/msg/detail/low_state__rosidl_typesupport_introspection_c.h
-- Installing: /home/gturrisi-iit.local/other_ws_home/iekf-legged-robot-pytorch/ros2_ws/install/unitree_go/include/unitree_go/unitree_go/msg/detail/motor_state__type_support.c
-- Installing: /home/gturrisi-iit.local/other_ws_home/iekf-legged-robot-pytorch/ros2_ws/install/unitree_go/include/unitree_go/unitree_go/msg/detail/imu_state__rosidl_typesupport_introspection_c.h
-- Installing: /home/gturrisi-iit.local/other_ws_home/iekf-legged-robot-pytorch/ros2_ws/install/unitree_go/include/unitree_go/unitree_go/msg/rosidl_typesupport_introspection_c__visibility_control.h
-- Installing: /home/gturrisi-iit.local/other_ws_home/iekf-legged-robot-pytorch/ros2_ws/install/unitree_go/lib/libunitree_go__rosidl_typesupport_introspection_c.so
-- Set non-toolchain portion of runtime path of "/home/gturrisi-iit.local/other_ws_home/iekf-legged-robot-pytorch/ros2_ws/install/unitree_go/lib/libunitree_go__rosidl_typesupport_introspection_c.so" to ""
-- Installing: /home/gturrisi-iit.local/other_ws_home/iekf-legged-robot-pytorch/ros2_ws/install/unitree_go/lib/libunitree_go__rosidl_typesupport_c.so
-- Set non-toolchain portion of runtime path of "/home/gturrisi-iit.local/other_ws_home/iekf-legged-robot-pytorch/ros2_ws/install/unitree_go/lib/libunitree_go__rosidl_typesupport_c.so" to ""
-- Up-to-date: /home/gturrisi-iit.local/other_ws_home/iekf-legged-robot-pytorch/ros2_ws/install/unitree_go/include/unitree_go/unitree_go
-- Up-to-date: /home/gturrisi-iit.local/other_ws_home/iekf-legged-robot-pytorch/ros2_ws/install/unitree_go/include/unitree_go/unitree_go/msg
-- Up-to-date: /home/gturrisi-iit.local/other_ws_home/iekf-legged-robot-pytorch/ros2_ws/install/unitree_go/include/unitree_go/unitree_go/msg/detail
-- Installing: /home/gturrisi-iit.local/other_ws_home/iekf-legged-robot-pytorch/ros2_ws/install/unitree_go/include/unitree_go/unitree_go/msg/detail/motor_state__builder.hpp
-- Installing: /home/gturrisi-iit.local/other_ws_home/iekf-legged-robot-pytorch/ros2_ws/install/unitree_go/include/unitree_go/unitree_go/msg/detail/bms_state__type_support.hpp
-- Installing: /home/gturrisi-iit.local/other_ws_home/iekf-legged-robot-pytorch/ros2_ws/install/unitree_go/include/unitree_go/unitree_go/msg/detail/imu_state__builder.hpp
-- Installing: /home/gturrisi-iit.local/other_ws_home/iekf-legged-robot-pytorch/ros2_ws/install/unitree_go/include/unitree_go/unitree_go/msg/detail/bms_state__struct.hpp
-- Installing: /home/gturrisi-iit.local/other_ws_home/iekf-legged-robot-pytorch/ros2_ws/install/unitree_go/include/unitree_go/unitree_go/msg/detail/motor_state__struct.hpp
-- Installing: /home/gturrisi-iit.local/other_ws_home/iekf-legged-robot-pytorch/ros2_ws/install/unitree_go/include/unitree_go/unitree_go/msg/detail/low_state__builder.hpp
-- Installing: /home/gturrisi-iit.local/other_ws_home/iekf-legged-robot-pytorch/ros2_ws/install/unitree_go/include/unitree_go/unitree_go/msg/detail/motor_state__type_support.hpp
-- Installing: /home/gturrisi-iit.local/other_ws_home/iekf-legged-robot-pytorch/ros2_ws/install/unitree_go/include/unitree_go/unitree_go/msg/detail/motor_state__traits.hpp
-- Installing: /home/gturrisi-iit.local/other_ws_home/iekf-legged-robot-pytorch/ros2_ws/install/unitree_go/include/unitree_go/unitree_go/msg/detail/low_state__traits.hpp
-- Installing: /home/gturrisi-iit.local/other_ws_home/iekf-legged-robot-pytorch/ros2_ws/install/unitree_go/include/unitree_go/unitree_go/msg/detail/imu_state__traits.hpp
-- Installing: /home/gturrisi-iit.local/other_ws_home/iekf-legged-robot-pytorch/ros2_ws/install/unitree_go/include/unitree_go/unitree_go/msg/detail/bms_state__builder.hpp
-- Installing: /home/gturrisi-iit.local/other_ws_home/iekf-legged-robot-pytorch/ros2_ws/install/unitree_go/include/unitree_go/unitree_go/msg/detail/imu_state__type_support.hpp
-- Installing: /home/gturrisi-iit.local/other_ws_home/iekf-legged-robot-pytorch/ros2_ws/install/unitree_go/include/unitree_go/unitree_go/msg/detail/low_state__struct.hpp
-- Installing: /home/gturrisi-iit.local/other_ws_home/iekf-legged-robot-pytorch/ros2_ws/install/unitree_go/include/unitree_go/unitree_go/msg/detail/bms_state__traits.hpp
-- Installing: /home/gturrisi-iit.local/other_ws_home/iekf-legged-robot-pytorch/ros2_ws/install/unitree_go/include/unitree_go/unitree_go/msg/detail/imu_state__struct.hpp
-- Installing: /home/gturrisi-iit.local/other_ws_home/iekf-legged-robot-pytorch/ros2_ws/install/unitree_go/include/unitree_go/unitree_go/msg/detail/low_state__type_support.hpp
-- Installing: /home/gturrisi-iit.local/other_ws_home/iekf-legged-robot-pytorch/ros2_ws/install/unitree_go/include/unitree_go/unitree_go/msg/rosidl_generator_cpp__visibility_control.hpp
-- Installing: /home/gturrisi-iit.local/other_ws_home/iekf-legged-robot-pytorch/ros2_ws/install/unitree_go/include/unitree_go/unitree_go/msg/bms_state.hpp
-- Installing: /home/gturrisi-iit.local/other_ws_home/iekf-legged-robot-pytorch/ros2_ws/install/unitree_go/include/unitree_go/unitree_go/msg/imu_state.hpp
-- Installing: /home/gturrisi-iit.local/other_ws_home/iekf-legged-robot-pytorch/ros2_ws/install/unitree_go/include/unitree_go/unitree_go/msg/low_state.hpp
-- Installing: /home/gturrisi-iit.local/other_ws_home/iekf-legged-robot-pytorch/ros2_ws/install/unitree_go/include/unitree_go/unitree_go/msg/motor_state.hpp
-- Up-to-date: /home/gturrisi-iit.local/other_ws_home/iekf-legged-robot-pytorch/ros2_ws/install/unitree_go/include/unitree_go/unitree_go
-- Up-to-date: /home/gturrisi-iit.local/other_ws_home/iekf-legged-robot-pytorch/ros2_ws/install/unitree_go/include/unitree_go/unitree_go/msg
-- Installing: /home/gturrisi-iit.local/other_ws_home/iekf-legged-robot-pytorch/ros2_ws/install/unitree_go/include/unitree_go/unitree_go/msg/rosidl_typesupport_fastrtps_cpp__visibility_control.h
-- Up-to-date: /home/gturrisi-iit.local/other_ws_home/iekf-legged-robot-pytorch/ros2_ws/install/unitree_go/include/unitree_go/unitree_go/msg/detail
-- Installing: /home/gturrisi-iit.local/other_ws_home/iekf-legged-robot-pytorch/ros2_ws/install/unitree_go/include/unitree_go/unitree_go/msg/detail/low_state__rosidl_typesupport_fastrtps_cpp.hpp
-- Installing: /home/gturrisi-iit.local/other_ws_home/iekf-legged-robot-pytorch/ros2_ws/install/unitree_go/include/unitree_go/unitree_go/msg/detail/imu_state__rosidl_typesupport_fastrtps_cpp.hpp
-- Installing: /home/gturrisi-iit.local/other_ws_home/iekf-legged-robot-pytorch/ros2_ws/install/unitree_go/include/unitree_go/unitree_go/msg/detail/bms_state__rosidl_typesupport_fastrtps_cpp.hpp
-- Installing: /home/gturrisi-iit.local/other_ws_home/iekf-legged-robot-pytorch/ros2_ws/install/unitree_go/include/unitree_go/unitree_go/msg/detail/motor_state__rosidl_typesupport_fastrtps_cpp.hpp
-- Installing: /home/gturrisi-iit.local/other_ws_home/iekf-legged-robot-pytorch/ros2_ws/install/unitree_go/include/unitree_go/unitree_go/msg/detail/dds_fastrtps
-- Installing: /home/gturrisi-iit.local/other_ws_home/iekf-legged-robot-pytorch/ros2_ws/install/unitree_go/lib/libunitree_go__rosidl_typesupport_fastrtps_cpp.so
-- Up-to-date: /home/gturrisi-iit.local/other_ws_home/iekf-legged-robot-pytorch/ros2_ws/install/unitree_go/include/unitree_go/unitree_go
-- Up-to-date: /home/gturrisi-iit.local/other_ws_home/iekf-legged-robot-pytorch/ros2_ws/install/unitree_go/include/unitree_go/unitree_go/msg
-- Up-to-date: /home/gturrisi-iit.local/other_ws_home/iekf-legged-robot-pytorch/ros2_ws/install/unitree_go/include/unitree_go/unitree_go/msg/detail
-- Installing: /home/gturrisi-iit.local/other_ws_home/iekf-legged-robot-pytorch/ros2_ws/install/unitree_go/include/unitree_go/unitree_go/msg/detail/bms_state__type_support.cpp
-- Installing: /home/gturrisi-iit.local/other_ws_home/iekf-legged-robot-pytorch/ros2_ws/install/unitree_go/include/unitree_go/unitree_go/msg/detail/imu_state__type_support.cpp
-- Installing: /home/gturrisi-iit.local/other_ws_home/iekf-legged-robot-pytorch/ros2_ws/install/unitree_go/include/unitree_go/unitree_go/msg/detail/low_state__type_support.cpp
-- Installing: /home/gturrisi-iit.local/other_ws_home/iekf-legged-robot-pytorch/ros2_ws/install/unitree_go/include/unitree_go/unitree_go/msg/detail/bms_state__rosidl_typesupport_introspection_cpp.hpp
-- Installing: /home/gturrisi-iit.local/other_ws_home/iekf-legged-robot-pytorch/ros2_ws/install/unitree_go/include/unitree_go/unitree_go/msg/detail/low_state__rosidl_typesupport_introspection_cpp.hpp
-- Installing: /home/gturrisi-iit.local/other_ws_home/iekf-legged-robot-pytorch/ros2_ws/install/unitree_go/include/unitree_go/unitree_go/msg/detail/motor_state__type_support.cpp
-- Installing: /home/gturrisi-iit.local/other_ws_home/iekf-legged-robot-pytorch/ros2_ws/install/unitree_go/include/unitree_go/unitree_go/msg/detail/imu_state__rosidl_typesupport_introspection_cpp.hpp
-- Installing: /home/gturrisi-iit.local/other_ws_home/iekf-legged-robot-pytorch/ros2_ws/install/unitree_go/include/unitree_go/unitree_go/msg/detail/motor_state__rosidl_typesupport_introspection_cpp.hpp
-- Installing: /home/gturrisi-iit.local/other_ws_home/iekf-legged-robot-pytorch/ros2_ws/install/unitree_go/lib/libunitree_go__rosidl_typesupport_introspection_cpp.so
-- Installing: /home/gturrisi-iit.local/other_ws_home/iekf-legged-robot-pytorch/ros2_ws/install/unitree_go/lib/libunitree_go__rosidl_typesupport_cpp.so
-- Installing: /home/gturrisi-iit.local/other_ws_home/iekf-legged-robot-pytorch/ros2_ws/install/unitree_go/share/unitree_go/environment/pythonpath.sh
-- Installing: /home/gturrisi-iit.local/other_ws_home/iekf-legged-robot-pytorch/ros2_ws/install/unitree_go/share/unitree_go/environment/pythonpath.dsv
-- Installing: /home/gturrisi-iit.local/other_ws_home/iekf-legged-robot-pytorch/ros2_ws/install/unitree_go/lib/python3.12/site-packages/unitree_go-0.0.1-py3.12.egg-info
-- Installing: /home/gturrisi-iit.local/other_ws_home/iekf-legged-robot-pytorch/ros2_ws/install/unitree_go/lib/python3.12/site-packages/unitree_go-0.0.1-py3.12.egg-info/dependency_links.txt
-- Installing: /home/gturrisi-iit.local/other_ws_home/iekf-legged-robot-pytorch/ros2_ws/install/unitree_go/lib/python3.12/site-packages/unitree_go-0.0.1-py3.12.egg-info/top_level.txt
-- Installing: /home/gturrisi-iit.local/other_ws_home/iekf-legged-robot-pytorch/ros2_ws/install/unitree_go/lib/python3.12/site-packages/unitree_go-0.0.1-py3.12.egg-info/SOURCES.txt
-- Installing: /home/gturrisi-iit.local/other_ws_home/iekf-legged-robot-pytorch/ros2_ws/install/unitree_go/lib/python3.12/site-packages/unitree_go-0.0.1-py3.12.egg-info/PKG-INFO
-- Installing: /home/gturrisi-iit.local/other_ws_home/iekf-legged-robot-pytorch/ros2_ws/install/unitree_go/lib/python3.12/site-packages/unitree_go
-- Installing: /home/gturrisi-iit.local/other_ws_home/iekf-legged-robot-pytorch/ros2_ws/install/unitree_go/lib/python3.12/site-packages/unitree_go/msg
-- Installing: /home/gturrisi-iit.local/other_ws_home/iekf-legged-robot-pytorch/ros2_ws/install/unitree_go/lib/python3.12/site-packages/unitree_go/msg/_imu_state_s.c
-- Installing: /home/gturrisi-iit.local/other_ws_home/iekf-legged-robot-pytorch/ros2_ws/install/unitree_go/lib/python3.12/site-packages/unitree_go/msg/_low_state.py
-- Installing: /home/gturrisi-iit.local/other_ws_home/iekf-legged-robot-pytorch/ros2_ws/install/unitree_go/lib/python3.12/site-packages/unitree_go/msg/__init__.py
-- Installing: /home/gturrisi-iit.local/other_ws_home/iekf-legged-robot-pytorch/ros2_ws/install/unitree_go/lib/python3.12/site-packages/unitree_go/msg/_imu_state.py
-- Installing: /home/gturrisi-iit.local/other_ws_home/iekf-legged-robot-pytorch/ros2_ws/install/unitree_go/lib/python3.12/site-packages/unitree_go/msg/_motor_state.py
-- Installing: /home/gturrisi-iit.local/other_ws_home/iekf-legged-robot-pytorch/ros2_ws/install/unitree_go/lib/python3.12/site-packages/unitree_go/msg/_bms_state.py
-- Installing: /home/gturrisi-iit.local/other_ws_home/iekf-legged-robot-pytorch/ros2_ws/install/unitree_go/lib/python3.12/site-packages/unitree_go/msg/_low_state_s.c
-- Installing: /home/gturrisi-iit.local/other_ws_home/iekf-legged-robot-pytorch/ros2_ws/install/unitree_go/lib/python3.12/site-packages/unitree_go/msg/_motor_state_s.c
-- Installing: /home/gturrisi-iit.local/other_ws_home/iekf-legged-robot-pytorch/ros2_ws/install/unitree_go/lib/python3.12/site-packages/unitree_go/msg/_bms_state_s.c
-- Installing: /home/gturrisi-iit.local/other_ws_home/iekf-legged-robot-pytorch/ros2_ws/install/unitree_go/lib/python3.12/site-packages/unitree_go/unitree_go_s__rosidl_typesupport_introspection_c.cpython-312-x86_64-linux-gnu.so
-- Installing: /home/gturrisi-iit.local/other_ws_home/iekf-legged-robot-pytorch/ros2_ws/install/unitree_go/lib/python3.12/site-packages/unitree_go/__init__.py
-- Installing: /home/gturrisi-iit.local/other_ws_home/iekf-legged-robot-pytorch/ros2_ws/install/unitree_go/lib/python3.12/site-packages/unitree_go/unitree_go_s__rosidl_typesupport_fastrtps_c.cpython-312-x86_64-linux-gnu.so
-- Installing: /home/gturrisi-iit.local/other_ws_home/iekf-legged-robot-pytorch/ros2_ws/install/unitree_go/lib/python3.12/site-packages/unitree_go/_unitree_go_s.ep.rosidl_typesupport_c.c
-- Installing: /home/gturrisi-iit.local/other_ws_home/iekf-legged-robot-pytorch/ros2_ws/install/unitree_go/lib/python3.12/site-packages/unitree_go/unitree_go_s__rosidl_typesupport_c.cpython-312-x86_64-linux-gnu.so
-- Installing: /home/gturrisi-iit.local/other_ws_home/iekf-legged-robot-pytorch/ros2_ws/install/unitree_go/lib/python3.12/site-packages/unitree_go/libunitree_go__rosidl_generator_py.so
-- Installing: /home/gturrisi-iit.local/other_ws_home/iekf-legged-robot-pytorch/ros2_ws/install/unitree_go/lib/python3.12/site-packages/unitree_go/_unitree_go_s.ep.rosidl_typesupport_fastrtps_c.c
-- Installing: /home/gturrisi-iit.local/other_ws_home/iekf-legged-robot-pytorch/ros2_ws/install/unitree_go/lib/python3.12/site-packages/unitree_go/_unitree_go_s.ep.rosidl_typesupport_introspection_c.c
Listing 'lib/python3.12/site-packages/unitree_go'...
Can't list 'lib/python3.12/site-packages/unitree_go'
-- Installing: /home/gturrisi-iit.local/other_ws_home/iekf-legged-robot-pytorch/ros2_ws/install/unitree_go/lib/python3.12/site-packages/unitree_go/unitree_go_s__rosidl_typesupport_fastrtps_c.cpython-312-x86_64-linux-gnu.so
-- Set non-toolchain portion of runtime path of "/home/gturrisi-iit.local/other_ws_home/iekf-legged-robot-pytorch/ros2_ws/install/unitree_go/lib/python3.12/site-packages/unitree_go/unitree_go_s__rosidl_typesupport_fastrtps_c.cpython-312-x86_64-linux-gnu.so" to ""
-- Installing: /home/gturrisi-iit.local/other_ws_home/iekf-legged-robot-pytorch/ros2_ws/install/unitree_go/lib/python3.12/site-packages/unitree_go/unitree_go_s__rosidl_typesupport_introspection_c.cpython-312-x86_64-linux-gnu.so
-- Set non-toolchain portion of runtime path of "/home/gturrisi-iit.local/other_ws_home/iekf-legged-robot-pytorch/ros2_ws/install/unitree_go/lib/python3.12/site-packages/unitree_go/unitree_go_s__rosidl_typesupport_introspection_c.cpython-312-x86_64-linux-gnu.so" to ""
-- Installing: /home/gturrisi-iit.local/other_ws_home/iekf-legged-robot-pytorch/ros2_ws/install/unitree_go/lib/python3.12/site-packages/unitree_go/unitree_go_s__rosidl_typesupport_c.cpython-312-x86_64-linux-gnu.so
-- Set non-toolchain portion of runtime path of "/home/gturrisi-iit.local/other_ws_home/iekf-legged-robot-pytorch/ros2_ws/install/unitree_go/lib/python3.12/site-packages/unitree_go/unitree_go_s__rosidl_typesupport_c.cpython-312-x86_64-linux-gnu.so" to ""
-- Installing: /home/gturrisi-iit.local/other_ws_home/iekf-legged-robot-pytorch/ros2_ws/install/unitree_go/lib/libunitree_go__rosidl_generator_py.so
-- Set non-toolchain portion of runtime path of "/home/gturrisi-iit.local/other_ws_home/iekf-legged-robot-pytorch/ros2_ws/install/unitree_go/lib/libunitree_go__rosidl_generator_py.so" to ""
-- Installing: /home/gturrisi-iit.local/other_ws_home/iekf-legged-robot-pytorch/ros2_ws/install/unitree_go/share/ament_index/resource_index/rust_packages/unitree_go
-- Installing: /home/gturrisi-iit.local/other_ws_home/iekf-legged-robot-pytorch/ros2_ws/install/unitree_go/share/unitree_go/rust
-- Installing: /home/gturrisi-iit.local/other_ws_home/iekf-legged-robot-pytorch/ros2_ws/install/unitree_go/share/unitree_go/rust/build.rs
-- Installing: /home/gturrisi-iit.local/other_ws_home/iekf-legged-robot-pytorch/ros2_ws/install/unitree_go/share/unitree_go/rust/src
-- Installing: /home/gturrisi-iit.local/other_ws_home/iekf-legged-robot-pytorch/ros2_ws/install/unitree_go/share/unitree_go/rust/src/msg
-- Installing: /home/gturrisi-iit.local/other_ws_home/iekf-legged-robot-pytorch/ros2_ws/install/unitree_go/share/unitree_go/rust/src/msg/rmw.rs
-- Installing: /home/gturrisi-iit.local/other_ws_home/iekf-legged-robot-pytorch/ros2_ws/install/unitree_go/share/unitree_go/rust/src/msg.rs
-- Installing: /home/gturrisi-iit.local/other_ws_home/iekf-legged-robot-pytorch/ros2_ws/install/unitree_go/share/unitree_go/rust/src/lib.rs
-- Installing: /home/gturrisi-iit.local/other_ws_home/iekf-legged-robot-pytorch/ros2_ws/install/unitree_go/share/unitree_go/rust/Cargo.toml
-- Installing: /home/gturrisi-iit.local/other_ws_home/iekf-legged-robot-pytorch/ros2_ws/install/unitree_go/share/unitree_go/msg/BmsState.idl
-- Installing: /home/gturrisi-iit.local/other_ws_home/iekf-legged-robot-pytorch/ros2_ws/install/unitree_go/share/unitree_go/msg/IMUState.idl
-- Installing: /home/gturrisi-iit.local/other_ws_home/iekf-legged-robot-pytorch/ros2_ws/install/unitree_go/share/unitree_go/msg/LowState.idl
-- Installing: /home/gturrisi-iit.local/other_ws_home/iekf-legged-robot-pytorch/ros2_ws/install/unitree_go/share/unitree_go/msg/MotorState.idl
-- Installing: /home/gturrisi-iit.local/other_ws_home/iekf-legged-robot-pytorch/ros2_ws/install/unitree_go/share/unitree_go/msg/BmsState.msg
-- Installing: /home/gturrisi-iit.local/other_ws_home/iekf-legged-robot-pytorch/ros2_ws/install/unitree_go/share/unitree_go/msg/IMUState.msg
-- Installing: /home/gturrisi-iit.local/other_ws_home/iekf-legged-robot-pytorch/ros2_ws/install/unitree_go/share/unitree_go/msg/LowState.msg
-- Installing: /home/gturrisi-iit.local/other_ws_home/iekf-legged-robot-pytorch/ros2_ws/install/unitree_go/share/unitree_go/msg/MotorState.msg
-- Installing: /home/gturrisi-iit.local/other_ws_home/iekf-legged-robot-pytorch/ros2_ws/install/unitree_go/share/ament_index/resource_index/package_run_dependencies/unitree_go
-- Installing: /home/gturrisi-iit.local/other_ws_home/iekf-legged-robot-pytorch/ros2_ws/install/unitree_go/share/ament_index/resource_index/parent_prefix_path/unitree_go
-- Installing: /home/gturrisi-iit.local/other_ws_home/iekf-legged-robot-pytorch/ros2_ws/install/unitree_go/share/unitree_go/environment/ament_prefix_path.sh
-- Installing: /home/gturrisi-iit.local/other_ws_home/iekf-legged-robot-pytorch/ros2_ws/install/unitree_go/share/unitree_go/environment/ament_prefix_path.dsv
-- Installing: /home/gturrisi-iit.local/other_ws_home/iekf-legged-robot-pytorch/ros2_ws/install/unitree_go/share/unitree_go/environment/path.sh
-- Installing: /home/gturrisi-iit.local/other_ws_home/iekf-legged-robot-pytorch/ros2_ws/install/unitree_go/share/unitree_go/environment/path.dsv
-- Installing: /home/gturrisi-iit.local/other_ws_home/iekf-legged-robot-pytorch/ros2_ws/install/unitree_go/share/unitree_go/local_setup.bash
-- Installing: /home/gturrisi-iit.local/other_ws_home/iekf-legged-robot-pytorch/ros2_ws/install/unitree_go/share/unitree_go/local_setup.sh
-- Installing: /home/gturrisi-iit.local/other_ws_home/iekf-legged-robot-pytorch/ros2_ws/install/unitree_go/share/unitree_go/local_setup.zsh
-- Installing: /home/gturrisi-iit.local/other_ws_home/iekf-legged-robot-pytorch/ros2_ws/install/unitree_go/share/unitree_go/local_setup.dsv
-- Installing: /home/gturrisi-iit.local/other_ws_home/iekf-legged-robot-pytorch/ros2_ws/install/unitree_go/share/unitree_go/package.dsv
-- Installing: /home/gturrisi-iit.local/other_ws_home/iekf-legged-robot-pytorch/ros2_ws/install/unitree_go/share/ament_index/resource_index/packages/unitree_go
-- Installing: /home/gturrisi-iit.local/other_ws_home/iekf-legged-robot-pytorch/ros2_ws/install/unitree_go/share/unitree_go/cmake/export_unitree_go__rosidl_generator_cExport.cmake
-- Installing: /home/gturrisi-iit.local/other_ws_home/iekf-legged-robot-pytorch/ros2_ws/install/unitree_go/share/unitree_go/cmake/export_unitree_go__rosidl_generator_cExport-noconfig.cmake
-- Installing: /home/gturrisi-iit.local/other_ws_home/iekf-legged-robot-pytorch/ros2_ws/install/unitree_go/share/unitree_go/cmake/export_unitree_go__rosidl_typesupport_fastrtps_cExport.cmake
-- Installing: /home/gturrisi-iit.local/other_ws_home/iekf-legged-robot-pytorch/ros2_ws/install/unitree_go/share/unitree_go/cmake/export_unitree_go__rosidl_typesupport_fastrtps_cExport-noconfig.cmake
-- Installing: /home/gturrisi-iit.local/other_ws_home/iekf-legged-robot-pytorch/ros2_ws/install/unitree_go/share/unitree_go/cmake/unitree_go__rosidl_typesupport_introspection_cExport.cmake
-- Installing: /home/gturrisi-iit.local/other_ws_home/iekf-legged-robot-pytorch/ros2_ws/install/unitree_go/share/unitree_go/cmake/unitree_go__rosidl_typesupport_introspection_cExport-noconfig.cmake
-- Installing: /home/gturrisi-iit.local/other_ws_home/iekf-legged-robot-pytorch/ros2_ws/install/unitree_go/share/unitree_go/cmake/unitree_go__rosidl_typesupport_cExport.cmake
-- Installing: /home/gturrisi-iit.local/other_ws_home/iekf-legged-robot-pytorch/ros2_ws/install/unitree_go/share/unitree_go/cmake/unitree_go__rosidl_typesupport_cExport-noconfig.cmake
-- Installing: /home/gturrisi-iit.local/other_ws_home/iekf-legged-robot-pytorch/ros2_ws/install/unitree_go/share/unitree_go/cmake/export_unitree_go__rosidl_generator_cppExport.cmake
-- Installing: /home/gturrisi-iit.local/other_ws_home/iekf-legged-robot-pytorch/ros2_ws/install/unitree_go/share/unitree_go/cmake/export_unitree_go__rosidl_typesupport_fastrtps_cppExport.cmake
-- Installing: /home/gturrisi-iit.local/other_ws_home/iekf-legged-robot-pytorch/ros2_ws/install/unitree_go/share/unitree_go/cmake/export_unitree_go__rosidl_typesupport_fastrtps_cppExport-noconfig.cmake
-- Installing: /home/gturrisi-iit.local/other_ws_home/iekf-legged-robot-pytorch/ros2_ws/install/unitree_go/share/unitree_go/cmake/unitree_go__rosidl_typesupport_introspection_cppExport.cmake
-- Installing: /home/gturrisi-iit.local/other_ws_home/iekf-legged-robot-pytorch/ros2_ws/install/unitree_go/share/unitree_go/cmake/unitree_go__rosidl_typesupport_introspection_cppExport-noconfig.cmake
-- Installing: /home/gturrisi-iit.local/other_ws_home/iekf-legged-robot-pytorch/ros2_ws/install/unitree_go/share/unitree_go/cmake/unitree_go__rosidl_typesupport_cppExport.cmake
-- Installing: /home/gturrisi-iit.local/other_ws_home/iekf-legged-robot-pytorch/ros2_ws/install/unitree_go/share/unitree_go/cmake/unitree_go__rosidl_typesupport_cppExport-noconfig.cmake
-- Installing: /home/gturrisi-iit.local/other_ws_home/iekf-legged-robot-pytorch/ros2_ws/install/unitree_go/share/unitree_go/cmake/export_unitree_go__rosidl_generator_pyExport.cmake
-- Installing: /home/gturrisi-iit.local/other_ws_home/iekf-legged-robot-pytorch/ros2_ws/install/unitree_go/share/unitree_go/cmake/export_unitree_go__rosidl_generator_pyExport-noconfig.cmake
-- Installing: /home/gturrisi-iit.local/other_ws_home/iekf-legged-robot-pytorch/ros2_ws/install/unitree_go/share/unitree_go/cmake/rosidl_cmake-extras.cmake
-- Installing: /home/gturrisi-iit.local/other_ws_home/iekf-legged-robot-pytorch/ros2_ws/install/unitree_go/share/unitree_go/cmake/ament_cmake_export_include_directories-extras.cmake
-- Installing: /home/gturrisi-iit.local/other_ws_home/iekf-legged-robot-pytorch/ros2_ws/install/unitree_go/share/unitree_go/cmake/ament_cmake_export_libraries-extras.cmake
-- Installing: /home/gturrisi-iit.local/other_ws_home/iekf-legged-robot-pytorch/ros2_ws/install/unitree_go/share/unitree_go/cmake/ament_cmake_export_targets-extras.cmake
-- Installing: /home/gturrisi-iit.local/other_ws_home/iekf-legged-robot-pytorch/ros2_ws/install/unitree_go/share/unitree_go/cmake/rosidl_cmake_export_typesupport_targets-extras.cmake
-- Installing: /home/gturrisi-iit.local/other_ws_home/iekf-legged-robot-pytorch/ros2_ws/install/unitree_go/share/unitree_go/cmake/ament_cmake_export_dependencies-extras.cmake
-- Installing: /home/gturrisi-iit.local/other_ws_home/iekf-legged-robot-pytorch/ros2_ws/install/unitree_go/share/unitree_go/cmake/rosidl_cmake_export_typesupport_libraries-extras.cmake
-- Installing: /home/gturrisi-iit.local/other_ws_home/iekf-legged-robot-pytorch/ros2_ws/install/unitree_go/share/unitree_go/cmake/unitree_goConfig.cmake
-- Installing: /home/gturrisi-iit.local/other_ws_home/iekf-legged-robot-pytorch/ros2_ws/install/unitree_go/share/unitree_go/cmake/unitree_goConfig-version.cmake
-- Installing: /home/gturrisi-iit.local/other_ws_home/iekf-legged-robot-pytorch/ros2_ws/install/unitree_go/share/unitree_go/package.xml
