[0.007s] Invoking command in '/home/gturrisi-iit.local/other_ws_home/iekf-legged-robot-pytorch/ros2_ws/build/unitree_go': CONDA_PROMPT_MODIFIER=(ekf_legged_robot_env) DEBUGINFOD_URLS=https://debuginfod.ubuntu.com /home/gturrisi-iit.local/miniforge3/envs/ekf_legged_robot_env/bin/cmake /home/gturrisi-iit.local/other_ws_home/iekf-legged-robot-pytorch/ros2_ws/src/unitree_go -DCMAKE_INSTALL_PREFIX=/home/gturrisi-iit.local/other_ws_home/iekf-legged-robot-pytorch/ros2_ws/install/unitree_go
[0.014s] [0mCMake Deprecation Warning at CMakeLists.txt:1 (cmake_minimum_required):
[0.014s]   Compatibility with CMake < 3.10 will be removed from a future version of
[0.014s]   CMake.
[0.014s] 
[0.014s]   Update the VERSION argument <min> value.  Or, use the <min>...<max> syntax
[0.014s]   to tell CMake that the project requires at least <min> but has been updated
[0.014s]   to work with policies introduced by <max> or earlier.
[0.014s] 
[0.014s] [0m
[0.048s] -- The C compiler identification is GNU 15.3.0
[0.119s] -- The CXX compiler identification is GNU 15.3.0
[0.124s] -- Detecting C compiler ABI info
[0.178s] -- Detecting C compiler ABI info - done
[0.191s] -- Check for working C compiler: /home/gturrisi-iit.local/miniforge3/envs/ekf_legged_robot_env/bin/x86_64-conda-linux-gnu-cc - skipped
[0.191s] -- Detecting C compile features
[0.192s] -- Detecting C compile features - done
[0.200s] -- Detecting CXX compiler ABI info
[0.265s] -- Detecting CXX compiler ABI info - done
[0.280s] -- Check for working CXX compiler: /home/gturrisi-iit.local/miniforge3/envs/ekf_legged_robot_env/bin/x86_64-conda-linux-gnu-c++ - skipped
[0.280s] -- Detecting CXX compile features
[0.280s] -- Detecting CXX compile features - done
[0.287s] -- Found ament_cmake: 1.3.14 (/home/gturrisi-iit.local/miniforge3/envs/ekf_legged_robot_env/share/ament_cmake/cmake)
[0.368s] -- Found Python3: /home/gturrisi-iit.local/miniforge3/envs/ekf_legged_robot_env/bin/python3 (found version "3.12.14") found components: Interpreter
[0.444s] -- Found rosidl_default_generators: 1.2.1 (/home/gturrisi-iit.local/miniforge3/envs/ekf_legged_robot_env/share/rosidl_default_generators/cmake)
[0.447s] -- Using all available rosidl_typesupport_c: rosidl_typesupport_fastrtps_c;rosidl_typesupport_introspection_c
[0.455s] -- Found rosidl_adapter: 3.1.8 (/home/gturrisi-iit.local/miniforge3/envs/ekf_legged_robot_env/share/rosidl_adapter/cmake)
[0.493s] -- Using all available rosidl_typesupport_cpp: rosidl_typesupport_fastrtps_cpp;rosidl_typesupport_introspection_cpp
[0.934s] -- Found Python3: /home/gturrisi-iit.local/miniforge3/envs/ekf_legged_robot_env/bin/python3 (found version "3.12.14") found components: Interpreter Development NumPy Development.Module Development.Embed
[0.950s] -- Found Python3: /home/gturrisi-iit.local/miniforge3/envs/ekf_legged_robot_env/bin/python3 (found version "3.12.14") found components: Interpreter
[1.088s] -- Found ament_cmake_ros: 0.10.0 (/home/gturrisi-iit.local/miniforge3/envs/ekf_legged_robot_env/share/ament_cmake_ros/cmake)
[1.141s] -- Using all available rosidl_typesupport_c: rosidl_typesupport_fastrtps_c;rosidl_typesupport_introspection_c
[1.205s] -- Using all available rosidl_typesupport_cpp: rosidl_typesupport_fastrtps_cpp;rosidl_typesupport_introspection_cpp
[1.208s] -- Found python_cmake_module: 0.10.0 (/home/gturrisi-iit.local/miniforge3/envs/ekf_legged_robot_env/share/python_cmake_module/cmake)
[1.209s] [33mCMake Warning (dev) at /home/gturrisi-iit.local/miniforge3/envs/ekf_legged_robot_env/share/python_cmake_module/cmake/Modules/FindPythonExtra.cmake:52 (find_package):
[1.209s]   Policy CMP0148 is not set: The FindPythonInterp and FindPythonLibs modules
[1.209s]   are removed.  Run "cmake --help-policy CMP0148" for policy details.  Use
[1.209s]   the cmake_policy command to set the policy and suppress this warning.
[1.209s] 
[1.209s] Call Stack (most recent call first):
[1.209s]   /home/gturrisi-iit.local/miniforge3/envs/ekf_legged_robot_env/share/rosidl_generator_py/cmake/rosidl_generator_py_generate_interfaces.cmake:33 (find_package)
[1.209s]   /home/gturrisi-iit.local/miniforge3/envs/ekf_legged_robot_env/share/ament_cmake_core/cmake/core/ament_execute_extensions.cmake:48 (include)
[1.209s]   /home/gturrisi-iit.local/miniforge3/envs/ekf_legged_robot_env/share/rosidl_cmake/cmake/rosidl_generate_interfaces.cmake:286 (ament_execute_extensions)
[1.209s]   CMakeLists.txt:13 (rosidl_generate_interfaces)
[1.209s] This warning is for project developers.  Use -Wno-dev to suppress it.
[1.209s] [0m
[1.222s] -- Found PythonInterp: /home/gturrisi-iit.local/miniforge3/envs/ekf_legged_robot_env/bin/python3 (found suitable version "3.12.14", minimum required is "3.6")
[1.222s] [33mCMake Warning (dev) at /home/gturrisi-iit.local/miniforge3/envs/ekf_legged_robot_env/share/python_cmake_module/cmake/Modules/FindPythonExtra.cmake:140 (find_package):
[1.222s]   Policy CMP0148 is not set: The FindPythonInterp and FindPythonLibs modules
[1.222s]   are removed.  Run "cmake --help-policy CMP0148" for policy details.  Use
[1.222s]   the cmake_policy command to set the policy and suppress this warning.
[1.222s] 
[1.222s] Call Stack (most recent call first):
[1.222s]   /home/gturrisi-iit.local/miniforge3/envs/ekf_legged_robot_env/share/rosidl_generator_py/cmake/rosidl_generator_py_generate_interfaces.cmake:33 (find_package)
[1.222s]   /home/gturrisi-iit.local/miniforge3/envs/ekf_legged_robot_env/share/ament_cmake_core/cmake/core/ament_execute_extensions.cmake:48 (include)
[1.222s]   /home/gturrisi-iit.local/miniforge3/envs/ekf_legged_robot_env/share/rosidl_cmake/cmake/rosidl_generate_interfaces.cmake:286 (ament_execute_extensions)
[1.222s]   CMakeLists.txt:13 (rosidl_generate_interfaces)
[1.222s] This warning is for project developers.  Use -Wno-dev to suppress it.
[1.222s] [0m
[1.226s] -- Found PythonLibs: /home/gturrisi-iit.local/miniforge3/envs/ekf_legged_robot_env/lib/libpython3.12.so (found suitable version "3.12.14", minimum required is "3.5")
[1.226s] -- Using PYTHON_EXECUTABLE: /home/gturrisi-iit.local/miniforge3/envs/ekf_legged_robot_env/bin/python3
[1.226s] -- Using PYTHON_INCLUDE_DIRS: /home/gturrisi-iit.local/miniforge3/envs/ekf_legged_robot_env/include/python3.12
[1.226s] -- Using PYTHON_LIBRARIES: /home/gturrisi-iit.local/miniforge3/envs/ekf_legged_robot_env/lib/libpython3.12.so
[1.240s] -- Found PythonExtra: .so
[1.692s] -- Found Python: /home/gturrisi-iit.local/miniforge3/envs/ekf_legged_robot_env/bin/python3 (found version "3.12.14") found components: Interpreter Development NumPy Development.Module Development.Embed
[1.731s] -- Configuring done (1.7s)
[1.764s] -- Generating done (0.0s)
[1.774s] -- Build files have been written to: /home/gturrisi-iit.local/other_ws_home/iekf-legged-robot-pytorch/ros2_ws/build/unitree_go
[1.778s] Invoked command in '/home/gturrisi-iit.local/other_ws_home/iekf-legged-robot-pytorch/ros2_ws/build/unitree_go' returned '0': CONDA_PROMPT_MODIFIER=(ekf_legged_robot_env) DEBUGINFOD_URLS=https://debuginfod.ubuntu.com /home/gturrisi-iit.local/miniforge3/envs/ekf_legged_robot_env/bin/cmake /home/gturrisi-iit.local/other_ws_home/iekf-legged-robot-pytorch/ros2_ws/src/unitree_go -DCMAKE_INSTALL_PREFIX=/home/gturrisi-iit.local/other_ws_home/iekf-legged-robot-pytorch/ros2_ws/install/unitree_go
[1.779s] Invoking command in '/home/gturrisi-iit.local/other_ws_home/iekf-legged-robot-pytorch/ros2_ws/build/unitree_go': CONDA_PROMPT_MODIFIER=(ekf_legged_robot_env) DEBUGINFOD_URLS=https://debuginfod.ubuntu.com /home/gturrisi-iit.local/miniforge3/envs/ekf_legged_robot_env/bin/cmake --build /home/gturrisi-iit.local/other_ws_home/iekf-legged-robot-pytorch/ros2_ws/build/unitree_go -- -j16 -l16
[1.855s] [  1%] [1m[34mGenerating C code for ROS interfaces[0m
[1.882s] [  5%] [1m[34mGenerating Rust code for ROS interfaces[0m
[1.884s] [  5%] [1m[34mGenerating C++ code for ROS interfaces[0m
[1.900s] [  5%] Built target ament_cmake_python_copy_unitree_go
[2.041s] running egg_info
[2.048s] creating unitree_go.egg-info
[2.048s] writing unitree_go.egg-info/PKG-INFO
[2.048s] writing dependency_links to unitree_go.egg-info/dependency_links.txt
[2.048s] writing top-level names to unitree_go.egg-info/top_level.txt
[2.048s] writing manifest file 'unitree_go.egg-info/SOURCES.txt'
[2.070s] reading manifest file 'unitree_go.egg-info/SOURCES.txt'
[2.071s] writing manifest file 'unitree_go.egg-info/SOURCES.txt'
[2.104s] [  5%] Built target ament_cmake_python_build_unitree_go_egg
[2.111s] [  5%] Built target unitree_go__rs
[2.156s] [ 12%] [32mBuilding C object CMakeFiles/unitree_go__rosidl_generator_c.dir/rosidl_generator_c/unitree_go/msg/detail/motor_state__functions.c.o[0m
[2.156s] [ 12%] [32mBuilding C object CMakeFiles/unitree_go__rosidl_generator_c.dir/rosidl_generator_c/unitree_go/msg/detail/low_state__functions.c.o[0m
[2.156s] [ 12%] [32mBuilding C object CMakeFiles/unitree_go__rosidl_generator_c.dir/rosidl_generator_c/unitree_go/msg/detail/bms_state__functions.c.o[0m
[2.156s] [ 12%] [32mBuilding C object CMakeFiles/unitree_go__rosidl_generator_c.dir/rosidl_generator_c/unitree_go/msg/detail/imu_state__functions.c.o[0m
[2.242s] [ 12%] Built target unitree_go__cpp
[2.249s] [ 14%] [1m[34mGenerating C++ type support for eProsima Fast-RTPS[0m
[2.249s] [ 16%] [1m[34mGenerating C++ introspection for ROS interfaces[0m
[2.249s] [ 17%] [1m[34mGenerating C++ type support dispatch for ROS interfaces[0m
[2.282s] [ 19%] [1m[32mLinking C shared library libunitree_go__rosidl_generator_c.so[0m
[2.317s] [ 19%] Built target unitree_go__rosidl_generator_c
[2.324s] [ 23%] [1m[34mGenerating C type support for eProsima Fast-RTPS[0m
[2.324s] [ 23%] [1m[34mGenerating C introspection for ROS interfaces[0m
[2.325s] [ 25%] [1m[34mGenerating C type support dispatch for ROS interfaces[0m
[2.597s] [ 26%] [32mBuilding CXX object CMakeFiles/unitree_go__rosidl_typesupport_fastrtps_cpp.dir/rosidl_typesupport_fastrtps_cpp/unitree_go/msg/detail/dds_fastrtps/bms_state__type_support.cpp.o[0m
[2.597s] [ 28%] [32mBuilding CXX object CMakeFiles/unitree_go__rosidl_typesupport_fastrtps_cpp.dir/rosidl_typesupport_fastrtps_cpp/unitree_go/msg/detail/dds_fastrtps/imu_state__type_support.cpp.o[0m
[2.597s] [ 30%] [32mBuilding CXX object CMakeFiles/unitree_go__rosidl_typesupport_fastrtps_cpp.dir/rosidl_typesupport_fastrtps_cpp/unitree_go/msg/detail/dds_fastrtps/low_state__type_support.cpp.o[0m
[2.604s] [ 32%] [32mBuilding CXX object CMakeFiles/unitree_go__rosidl_typesupport_fastrtps_cpp.dir/rosidl_typesupport_fastrtps_cpp/unitree_go/msg/detail/dds_fastrtps/motor_state__type_support.cpp.o[0m
[2.651s] [ 33%] [32mBuilding CXX object CMakeFiles/unitree_go__rosidl_typesupport_cpp.dir/rosidl_typesupport_cpp/unitree_go/msg/bms_state__type_support.cpp.o[0m
[2.652s] [ 35%] [32mBuilding CXX object CMakeFiles/unitree_go__rosidl_typesupport_cpp.dir/rosidl_typesupport_cpp/unitree_go/msg/imu_state__type_support.cpp.o[0m
[2.672s] [ 41%] [32mBuilding CXX object CMakeFiles/unitree_go__rosidl_typesupport_introspection_cpp.dir/rosidl_typesupport_introspection_cpp/unitree_go/msg/detail/bms_state__type_support.cpp.o[0m
[2.672s] [ 41%] [32mBuilding CXX object CMakeFiles/unitree_go__rosidl_typesupport_introspection_cpp.dir/rosidl_typesupport_introspection_cpp/unitree_go/msg/detail/imu_state__type_support.cpp.o[0m
[2.672s] [ 41%] [32mBuilding CXX object CMakeFiles/unitree_go__rosidl_typesupport_cpp.dir/rosidl_typesupport_cpp/unitree_go/msg/low_state__type_support.cpp.o[0m
[2.672s] [ 42%] [32mBuilding CXX object CMakeFiles/unitree_go__rosidl_typesupport_introspection_cpp.dir/rosidl_typesupport_introspection_cpp/unitree_go/msg/detail/motor_state__type_support.cpp.o[0m
[2.672s] [ 44%] [32mBuilding CXX object CMakeFiles/unitree_go__rosidl_typesupport_cpp.dir/rosidl_typesupport_cpp/unitree_go/msg/motor_state__type_support.cpp.o[0m
[2.672s] [ 46%] [32mBuilding CXX object CMakeFiles/unitree_go__rosidl_typesupport_introspection_cpp.dir/rosidl_typesupport_introspection_cpp/unitree_go/msg/detail/low_state__type_support.cpp.o[0m
[2.672s] [ 48%] [32mBuilding CXX object CMakeFiles/unitree_go__rosidl_typesupport_c.dir/rosidl_typesupport_c/unitree_go/msg/bms_state__type_support.cpp.o[0m
[2.672s] [ 50%] [32mBuilding CXX object CMakeFiles/unitree_go__rosidl_typesupport_fastrtps_c.dir/rosidl_typesupport_fastrtps_c/unitree_go/msg/detail/bms_state__type_support_c.cpp.o[0m
[2.683s] [ 51%] [32mBuilding CXX object CMakeFiles/unitree_go__rosidl_typesupport_c.dir/rosidl_typesupport_c/unitree_go/msg/imu_state__type_support.cpp.o[0m
[2.701s] [ 53%] [32mBuilding C object CMakeFiles/unitree_go__rosidl_typesupport_introspection_c.dir/rosidl_typesupport_introspection_c/unitree_go/msg/detail/bms_state__type_support.c.o[0m
[2.754s] [ 55%] [32mBuilding C object CMakeFiles/unitree_go__rosidl_typesupport_introspection_c.dir/rosidl_typesupport_introspection_c/unitree_go/msg/detail/imu_state__type_support.c.o[0m
[2.770s] [ 57%] [32mBuilding CXX object CMakeFiles/unitree_go__rosidl_typesupport_c.dir/rosidl_typesupport_c/unitree_go/msg/low_state__type_support.cpp.o[0m
[2.820s] [ 58%] [32mBuilding CXX object CMakeFiles/unitree_go__rosidl_typesupport_c.dir/rosidl_typesupport_c/unitree_go/msg/motor_state__type_support.cpp.o[0m
[2.855s] [ 60%] [32mBuilding CXX object CMakeFiles/unitree_go__rosidl_typesupport_fastrtps_c.dir/rosidl_typesupport_fastrtps_c/unitree_go/msg/detail/imu_state__type_support_c.cpp.o[0m
[2.871s] [ 62%] [32mBuilding C object CMakeFiles/unitree_go__rosidl_typesupport_introspection_c.dir/rosidl_typesupport_introspection_c/unitree_go/msg/detail/low_state__type_support.c.o[0m
[2.896s] [ 64%] [1m[32mLinking CXX shared library libunitree_go__rosidl_typesupport_c.so[0m
[2.995s] [ 64%] Built target unitree_go__rosidl_typesupport_c
[3.000s] [ 66%] [32mBuilding CXX object CMakeFiles/unitree_go__rosidl_typesupport_fastrtps_c.dir/rosidl_typesupport_fastrtps_c/unitree_go/msg/detail/low_state__type_support_c.cpp.o[0m
[3.010s] [ 67%] [32mBuilding C object CMakeFiles/unitree_go__rosidl_typesupport_introspection_c.dir/rosidl_typesupport_introspection_c/unitree_go/msg/detail/motor_state__type_support.c.o[0m
[3.014s] [ 69%] [32mBuilding CXX object CMakeFiles/unitree_go__rosidl_typesupport_fastrtps_c.dir/rosidl_typesupport_fastrtps_c/unitree_go/msg/detail/motor_state__type_support_c.cpp.o[0m
[3.053s] [ 71%] [1m[32mLinking C shared library libunitree_go__rosidl_typesupport_introspection_c.so[0m
[3.127s] [ 71%] Built target unitree_go__rosidl_typesupport_introspection_c
[3.162s] [ 73%] [1m[32mLinking CXX shared library libunitree_go__rosidl_typesupport_cpp.so[0m
[3.234s] [ 73%] Built target unitree_go__rosidl_typesupport_cpp
[3.385s] [ 75%] [1m[32mLinking CXX shared library libunitree_go__rosidl_typesupport_introspection_cpp.so[0m
[3.388s] [ 76%] [1m[32mLinking CXX shared library libunitree_go__rosidl_typesupport_fastrtps_cpp.so[0m
[3.429s] [ 76%] Built target unitree_go__rosidl_typesupport_introspection_cpp
[3.503s] [ 76%] Built target unitree_go__rosidl_typesupport_fastrtps_cpp
[3.534s] [ 78%] [1m[32mLinking CXX shared library libunitree_go__rosidl_typesupport_fastrtps_c.so[0m
[3.677s] [ 78%] Built target unitree_go__rosidl_typesupport_fastrtps_c
[3.701s] [ 78%] Built target unitree_go
[3.720s] [ 80%] [1m[34mGenerating Python code for ROS interfaces[0m
[4.562s] [ 80%] Built target unitree_go__py
[4.581s] [ 82%] [32mBuilding C object CMakeFiles/unitree_go__rosidl_generator_py.dir/rosidl_generator_py/unitree_go/msg/_bms_state_s.c.o[0m
[4.584s] [ 83%] [32mBuilding C object CMakeFiles/unitree_go__rosidl_generator_py.dir/rosidl_generator_py/unitree_go/msg/_imu_state_s.c.o[0m
[4.584s] [ 85%] [32mBuilding C object CMakeFiles/unitree_go__rosidl_generator_py.dir/rosidl_generator_py/unitree_go/msg/_motor_state_s.c.o[0m
[4.586s] [ 87%] [32mBuilding C object CMakeFiles/unitree_go__rosidl_generator_py.dir/rosidl_generator_py/unitree_go/msg/_low_state_s.c.o[0m
[4.913s] [ 89%] [1m[32mLinking C shared library rosidl_generator_py/unitree_go/libunitree_go__rosidl_generator_py.so[0m
[4.938s] [ 89%] Built target unitree_go__rosidl_generator_py
[4.949s] [ 94%] [32mBuilding C object CMakeFiles/unitree_go__rosidl_typesupport_introspection_c__pyext.dir/rosidl_generator_py/unitree_go/_unitree_go_s.ep.rosidl_typesupport_introspection_c.c.o[0m
[4.949s] [ 94%] [32mBuilding C object CMakeFiles/unitree_go__rosidl_typesupport_fastrtps_c__pyext.dir/rosidl_generator_py/unitree_go/_unitree_go_s.ep.rosidl_typesupport_fastrtps_c.c.o[0m
[4.949s] [ 94%] [32mBuilding C object CMakeFiles/unitree_go__rosidl_typesupport_c__pyext.dir/rosidl_generator_py/unitree_go/_unitree_go_s.ep.rosidl_typesupport_c.c.o[0m
[5.038s] [ 98%] [1m[32mLinking C shared module rosidl_generator_py/unitree_go/unitree_go_s__rosidl_typesupport_introspection_c.cpython-312-x86_64-linux-gnu.so[0m
[5.038s] [ 98%] [1m[32mLinking C shared module rosidl_generator_py/unitree_go/unitree_go_s__rosidl_typesupport_c.cpython-312-x86_64-linux-gnu.so[0m
[5.054s] [ 98%] Built target unitree_go__rosidl_typesupport_introspection_c__pyext
[5.054s] [ 98%] Built target unitree_go__rosidl_typesupport_c__pyext
[5.072s] [100%] [1m[32mLinking C shared module rosidl_generator_py/unitree_go/unitree_go_s__rosidl_typesupport_fastrtps_c.cpython-312-x86_64-linux-gnu.so[0m
[5.090s] [100%] Built target unitree_go__rosidl_typesupport_fastrtps_c__pyext
[5.096s] Invoked command in '/home/gturrisi-iit.local/other_ws_home/iekf-legged-robot-pytorch/ros2_ws/build/unitree_go' returned '0': CONDA_PROMPT_MODIFIER=(ekf_legged_robot_env) DEBUGINFOD_URLS=https://debuginfod.ubuntu.com /home/gturrisi-iit.local/miniforge3/envs/ekf_legged_robot_env/bin/cmake --build /home/gturrisi-iit.local/other_ws_home/iekf-legged-robot-pytorch/ros2_ws/build/unitree_go -- -j16 -l16
[5.102s] Invoking command in '/home/gturrisi-iit.local/other_ws_home/iekf-legged-robot-pytorch/ros2_ws/build/unitree_go': CONDA_PROMPT_MODIFIER=(ekf_legged_robot_env) DEBUGINFOD_URLS=https://debuginfod.ubuntu.com /home/gturrisi-iit.local/miniforge3/envs/ekf_legged_robot_env/bin/cmake --install /home/gturrisi-iit.local/other_ws_home/iekf-legged-robot-pytorch/ros2_ws/build/unitree_go
[5.106s] -- Install configuration: ""
[5.106s] -- Installing: /home/gturrisi-iit.local/other_ws_home/iekf-legged-robot-pytorch/ros2_ws/install/unitree_go/share/ament_index/resource_index/rosidl_interfaces/unitree_go
[5.106s] -- Installing: /home/gturrisi-iit.local/other_ws_home/iekf-legged-robot-pytorch/ros2_ws/install/unitree_go/include/unitree_go/unitree_go
[5.106s] -- Installing: /home/gturrisi-iit.local/other_ws_home/iekf-legged-robot-pytorch/ros2_ws/install/unitree_go/include/unitree_go/unitree_go/msg
[5.106s] -- Installing: /home/gturrisi-iit.local/other_ws_home/iekf-legged-robot-pytorch/ros2_ws/install/unitree_go/include/unitree_go/unitree_go/msg/detail
[5.107s] -- Installing: /home/gturrisi-iit.local/other_ws_home/iekf-legged-robot-pytorch/ros2_ws/install/unitree_go/include/unitree_go/unitree_go/msg/detail/imu_state__struct.h
[5.107s] -- Installing: /home/gturrisi-iit.local/other_ws_home/iekf-legged-robot-pytorch/ros2_ws/install/unitree_go/include/unitree_go/unitree_go/msg/detail/motor_state__struct.h
[5.107s] -- Installing: /home/gturrisi-iit.local/other_ws_home/iekf-legged-robot-pytorch/ros2_ws/install/unitree_go/include/unitree_go/unitree_go/msg/detail/low_state__struct.h
[5.107s] -- Installing: /home/gturrisi-iit.local/other_ws_home/iekf-legged-robot-pytorch/ros2_ws/install/unitree_go/include/unitree_go/unitree_go/msg/detail/motor_state__type_support.h
[5.107s] -- Installing: /home/gturrisi-iit.local/other_ws_home/iekf-legged-robot-pytorch/ros2_ws/install/unitree_go/include/unitree_go/unitree_go/msg/detail/bms_state__type_support.h
[5.107s] -- Installing: /home/gturrisi-iit.local/other_ws_home/iekf-legged-robot-pytorch/ros2_ws/install/unitree_go/include/unitree_go/unitree_go/msg/detail/bms_state__functions.c
[5.107s] -- Installing: /home/gturrisi-iit.local/other_ws_home/iekf-legged-robot-pytorch/ros2_ws/install/unitree_go/include/unitree_go/unitree_go/msg/detail/motor_state__functions.c
[5.107s] -- Installing: /home/gturrisi-iit.local/other_ws_home/iekf-legged-robot-pytorch/ros2_ws/install/unitree_go/include/unitree_go/unitree_go/msg/detail/motor_state__functions.h
[5.107s] -- Installing: /home/gturrisi-iit.local/other_ws_home/iekf-legged-robot-pytorch/ros2_ws/install/unitree_go/include/unitree_go/unitree_go/msg/detail/imu_state__functions.c
[5.108s] -- Installing: /home/gturrisi-iit.local/other_ws_home/iekf-legged-robot-pytorch/ros2_ws/install/unitree_go/include/unitree_go/unitree_go/msg/detail/bms_state__functions.h
[5.108s] -- Installing: /home/gturrisi-iit.local/other_ws_home/iekf-legged-robot-pytorch/ros2_ws/install/unitree_go/include/unitree_go/unitree_go/msg/detail/low_state__functions.c
[5.108s] -- Installing: /home/gturrisi-iit.local/other_ws_home/iekf-legged-robot-pytorch/ros2_ws/install/unitree_go/include/unitree_go/unitree_go/msg/detail/bms_state__struct.h
[5.108s] -- Installing: /home/gturrisi-iit.local/other_ws_home/iekf-legged-robot-pytorch/ros2_ws/install/unitree_go/include/unitree_go/unitree_go/msg/detail/low_state__functions.h
[5.108s] -- Installing: /home/gturrisi-iit.local/other_ws_home/iekf-legged-robot-pytorch/ros2_ws/install/unitree_go/include/unitree_go/unitree_go/msg/detail/imu_state__functions.h
[5.108s] -- Installing: /home/gturrisi-iit.local/other_ws_home/iekf-legged-robot-pytorch/ros2_ws/install/unitree_go/include/unitree_go/unitree_go/msg/detail/low_state__type_support.h
[5.108s] -- Installing: /home/gturrisi-iit.local/other_ws_home/iekf-legged-robot-pytorch/ros2_ws/install/unitree_go/include/unitree_go/unitree_go/msg/detail/imu_state__type_support.h
[5.108s] -- Installing: /home/gturrisi-iit.local/other_ws_home/iekf-legged-robot-pytorch/ros2_ws/install/unitree_go/include/unitree_go/unitree_go/msg/low_state.h
[5.108s] -- Installing: /home/gturrisi-iit.local/other_ws_home/iekf-legged-robot-pytorch/ros2_ws/install/unitree_go/include/unitree_go/unitree_go/msg/motor_state.h
[5.108s] -- Installing: /home/gturrisi-iit.local/other_ws_home/iekf-legged-robot-pytorch/ros2_ws/install/unitree_go/include/unitree_go/unitree_go/msg/rosidl_generator_c__visibility_control.h
[5.108s] -- Installing: /home/gturrisi-iit.local/other_ws_home/iekf-legged-robot-pytorch/ros2_ws/install/unitree_go/include/unitree_go/unitree_go/msg/bms_state.h
[5.108s] -- Installing: /home/gturrisi-iit.local/other_ws_home/iekf-legged-robot-pytorch/ros2_ws/install/unitree_go/include/unitree_go/unitree_go/msg/imu_state.h
[5.108s] -- Installing: /home/gturrisi-iit.local/other_ws_home/iekf-legged-robot-pytorch/ros2_ws/install/unitree_go/lib/libunitree_go__rosidl_generator_c.so
[5.108s] -- Up-to-date: /home/gturrisi-iit.local/other_ws_home/iekf-legged-robot-pytorch/ros2_ws/install/unitree_go/include/unitree_go/unitree_go
[5.108s] -- Up-to-date: /home/gturrisi-iit.local/other_ws_home/iekf-legged-robot-pytorch/ros2_ws/install/unitree_go/include/unitree_go/unitree_go/msg
[5.108s] -- Up-to-date: /home/gturrisi-iit.local/other_ws_home/iekf-legged-robot-pytorch/ros2_ws/install/unitree_go/include/unitree_go/unitree_go/msg/detail
[5.108s] -- Installing: /home/gturrisi-iit.local/other_ws_home/iekf-legged-robot-pytorch/ros2_ws/install/unitree_go/include/unitree_go/unitree_go/msg/detail/imu_state__rosidl_typesupport_fastrtps_c.h
[5.108s] -- Installing: /home/gturrisi-iit.local/other_ws_home/iekf-legged-robot-pytorch/ros2_ws/install/unitree_go/include/unitree_go/unitree_go/msg/detail/low_state__rosidl_typesupport_fastrtps_c.h
[5.108s] -- Installing: /home/gturrisi-iit.local/other_ws_home/iekf-legged-robot-pytorch/ros2_ws/install/unitree_go/include/unitree_go/unitree_go/msg/detail/motor_state__rosidl_typesupport_fastrtps_c.h
[5.108s] -- Installing: /home/gturrisi-iit.local/other_ws_home/iekf-legged-robot-pytorch/ros2_ws/install/unitree_go/include/unitree_go/unitree_go/msg/detail/bms_state__rosidl_typesupport_fastrtps_c.h
[5.108s] -- Installing: /home/gturrisi-iit.local/other_ws_home/iekf-legged-robot-pytorch/ros2_ws/install/unitree_go/include/unitree_go/unitree_go/msg/rosidl_typesupport_fastrtps_c__visibility_control.h
[5.108s] -- Installing: /home/gturrisi-iit.local/other_ws_home/iekf-legged-robot-pytorch/ros2_ws/install/unitree_go/lib/libunitree_go__rosidl_typesupport_fastrtps_c.so
[5.108s] -- Set non-toolchain portion of runtime path of "/home/gturrisi-iit.local/other_ws_home/iekf-legged-robot-pytorch/ros2_ws/install/unitree_go/lib/libunitree_go__rosidl_typesupport_fastrtps_c.so" to ""
[5.108s] -- Up-to-date: /home/gturrisi-iit.local/other_ws_home/iekf-legged-robot-pytorch/ros2_ws/install/unitree_go/include/unitree_go/unitree_go
[5.108s] -- Up-to-date: /home/gturrisi-iit.local/other_ws_home/iekf-legged-robot-pytorch/ros2_ws/install/unitree_go/include/unitree_go/unitree_go/msg
[5.108s] -- Up-to-date: /home/gturrisi-iit.local/other_ws_home/iekf-legged-robot-pytorch/ros2_ws/install/unitree_go/include/unitree_go/unitree_go/msg/detail
[5.108s] -- Installing: /home/gturrisi-iit.local/other_ws_home/iekf-legged-robot-pytorch/ros2_ws/install/unitree_go/include/unitree_go/unitree_go/msg/detail/motor_state__rosidl_typesupport_introspection_c.h
[5.108s] -- Installing: /home/gturrisi-iit.local/other_ws_home/iekf-legged-robot-pytorch/ros2_ws/install/unitree_go/include/unitree_go/unitree_go/msg/detail/bms_state__rosidl_typesupport_introspection_c.h
[5.108s] -- Installing: /home/gturrisi-iit.local/other_ws_home/iekf-legged-robot-pytorch/ros2_ws/install/unitree_go/include/unitree_go/unitree_go/msg/detail/bms_state__type_support.c
[5.108s] -- Installing: /home/gturrisi-iit.local/other_ws_home/iekf-legged-robot-pytorch/ros2_ws/install/unitree_go/include/unitree_go/unitree_go/msg/detail/low_state__type_support.c
[5.108s] -- Installing: /home/gturrisi-iit.local/other_ws_home/iekf-legged-robot-pytorch/ros2_ws/install/unitree_go/include/unitree_go/unitree_go/msg/detail/imu_state__type_support.c
[5.109s] -- Installing: /home/gturrisi-iit.local/other_ws_home/iekf-legged-robot-pytorch/ros2_ws/install/unitree_go/include/unitree_go/unitree_go/msg/detail/low_state__rosidl_typesupport_introspection_c.h
[5.109s] -- Installing: /home/gturrisi-iit.local/other_ws_home/iekf-legged-robot-pytorch/ros2_ws/install/unitree_go/include/unitree_go/unitree_go/msg/detail/motor_state__type_support.c
[5.109s] -- Installing: /home/gturrisi-iit.local/other_ws_home/iekf-legged-robot-pytorch/ros2_ws/install/unitree_go/include/unitree_go/unitree_go/msg/detail/imu_state__rosidl_typesupport_introspection_c.h
[5.109s] -- Installing: /home/gturrisi-iit.local/other_ws_home/iekf-legged-robot-pytorch/ros2_ws/install/unitree_go/include/unitree_go/unitree_go/msg/rosidl_typesupport_introspection_c__visibility_control.h
[5.109s] -- Installing: /home/gturrisi-iit.local/other_ws_home/iekf-legged-robot-pytorch/ros2_ws/install/unitree_go/lib/libunitree_go__rosidl_typesupport_introspection_c.so
[5.109s] -- Set non-toolchain portion of runtime path of "/home/gturrisi-iit.local/other_ws_home/iekf-legged-robot-pytorch/ros2_ws/install/unitree_go/lib/libunitree_go__rosidl_typesupport_introspection_c.so" to ""
[5.109s] -- Installing: /home/gturrisi-iit.local/other_ws_home/iekf-legged-robot-pytorch/ros2_ws/install/unitree_go/lib/libunitree_go__rosidl_typesupport_c.so
[5.109s] -- Set non-toolchain portion of runtime path of "/home/gturrisi-iit.local/other_ws_home/iekf-legged-robot-pytorch/ros2_ws/install/unitree_go/lib/libunitree_go__rosidl_typesupport_c.so" to ""
[5.109s] -- Up-to-date: /home/gturrisi-iit.local/other_ws_home/iekf-legged-robot-pytorch/ros2_ws/install/unitree_go/include/unitree_go/unitree_go
[5.109s] -- Up-to-date: /home/gturrisi-iit.local/other_ws_home/iekf-legged-robot-pytorch/ros2_ws/install/unitree_go/include/unitree_go/unitree_go/msg
[5.109s] -- Up-to-date: /home/gturrisi-iit.local/other_ws_home/iekf-legged-robot-pytorch/ros2_ws/install/unitree_go/include/unitree_go/unitree_go/msg/detail
[5.109s] -- Installing: /home/gturrisi-iit.local/other_ws_home/iekf-legged-robot-pytorch/ros2_ws/install/unitree_go/include/unitree_go/unitree_go/msg/detail/motor_state__builder.hpp
[5.109s] -- Installing: /home/gturrisi-iit.local/other_ws_home/iekf-legged-robot-pytorch/ros2_ws/install/unitree_go/include/unitree_go/unitree_go/msg/detail/bms_state__type_support.hpp
[5.109s] -- Installing: /home/gturrisi-iit.local/other_ws_home/iekf-legged-robot-pytorch/ros2_ws/install/unitree_go/include/unitree_go/unitree_go/msg/detail/imu_state__builder.hpp
[5.109s] -- Installing: /home/gturrisi-iit.local/other_ws_home/iekf-legged-robot-pytorch/ros2_ws/install/unitree_go/include/unitree_go/unitree_go/msg/detail/bms_state__struct.hpp
[5.109s] -- Installing: /home/gturrisi-iit.local/other_ws_home/iekf-legged-robot-pytorch/ros2_ws/install/unitree_go/include/unitree_go/unitree_go/msg/detail/motor_state__struct.hpp
[5.109s] -- Installing: /home/gturrisi-iit.local/other_ws_home/iekf-legged-robot-pytorch/ros2_ws/install/unitree_go/include/unitree_go/unitree_go/msg/detail/low_state__builder.hpp
[5.109s] -- Installing: /home/gturrisi-iit.local/other_ws_home/iekf-legged-robot-pytorch/ros2_ws/install/unitree_go/include/unitree_go/unitree_go/msg/detail/motor_state__type_support.hpp
[5.109s] -- Installing: /home/gturrisi-iit.local/other_ws_home/iekf-legged-robot-pytorch/ros2_ws/install/unitree_go/include/unitree_go/unitree_go/msg/detail/motor_state__traits.hpp
[5.109s] -- Installing: /home/gturrisi-iit.local/other_ws_home/iekf-legged-robot-pytorch/ros2_ws/install/unitree_go/include/unitree_go/unitree_go/msg/detail/low_state__traits.hpp
[5.110s] -- Installing: /home/gturrisi-iit.local/other_ws_home/iekf-legged-robot-pytorch/ros2_ws/install/unitree_go/include/unitree_go/unitree_go/msg/detail/imu_state__traits.hpp
[5.110s] -- Installing: /home/gturrisi-iit.local/other_ws_home/iekf-legged-robot-pytorch/ros2_ws/install/unitree_go/include/unitree_go/unitree_go/msg/detail/bms_state__builder.hpp
[5.110s] -- Installing: /home/gturrisi-iit.local/other_ws_home/iekf-legged-robot-pytorch/ros2_ws/install/unitree_go/include/unitree_go/unitree_go/msg/detail/imu_state__type_support.hpp
[5.110s] -- Installing: /home/gturrisi-iit.local/other_ws_home/iekf-legged-robot-pytorch/ros2_ws/install/unitree_go/include/unitree_go/unitree_go/msg/detail/low_state__struct.hpp
[5.110s] -- Installing: /home/gturrisi-iit.local/other_ws_home/iekf-legged-robot-pytorch/ros2_ws/install/unitree_go/include/unitree_go/unitree_go/msg/detail/bms_state__traits.hpp
[5.110s] -- Installing: /home/gturrisi-iit.local/other_ws_home/iekf-legged-robot-pytorch/ros2_ws/install/unitree_go/include/unitree_go/unitree_go/msg/detail/imu_state__struct.hpp
[5.110s] -- Installing: /home/gturrisi-iit.local/other_ws_home/iekf-legged-robot-pytorch/ros2_ws/install/unitree_go/include/unitree_go/unitree_go/msg/detail/low_state__type_support.hpp
[5.110s] -- Installing: /home/gturrisi-iit.local/other_ws_home/iekf-legged-robot-pytorch/ros2_ws/install/unitree_go/include/unitree_go/unitree_go/msg/rosidl_generator_cpp__visibility_control.hpp
[5.110s] -- Installing: /home/gturrisi-iit.local/other_ws_home/iekf-legged-robot-pytorch/ros2_ws/install/unitree_go/include/unitree_go/unitree_go/msg/bms_state.hpp
[5.110s] -- Installing: /home/gturrisi-iit.local/other_ws_home/iekf-legged-robot-pytorch/ros2_ws/install/unitree_go/include/unitree_go/unitree_go/msg/imu_state.hpp
[5.110s] -- Installing: /home/gturrisi-iit.local/other_ws_home/iekf-legged-robot-pytorch/ros2_ws/install/unitree_go/include/unitree_go/unitree_go/msg/low_state.hpp
[5.110s] -- Installing: /home/gturrisi-iit.local/other_ws_home/iekf-legged-robot-pytorch/ros2_ws/install/unitree_go/include/unitree_go/unitree_go/msg/motor_state.hpp
[5.110s] -- Up-to-date: /home/gturrisi-iit.local/other_ws_home/iekf-legged-robot-pytorch/ros2_ws/install/unitree_go/include/unitree_go/unitree_go
[5.110s] -- Up-to-date: /home/gturrisi-iit.local/other_ws_home/iekf-legged-robot-pytorch/ros2_ws/install/unitree_go/include/unitree_go/unitree_go/msg
[5.110s] -- Installing: /home/gturrisi-iit.local/other_ws_home/iekf-legged-robot-pytorch/ros2_ws/install/unitree_go/include/unitree_go/unitree_go/msg/rosidl_typesupport_fastrtps_cpp__visibility_control.h
[5.110s] -- Up-to-date: /home/gturrisi-iit.local/other_ws_home/iekf-legged-robot-pytorch/ros2_ws/install/unitree_go/include/unitree_go/unitree_go/msg/detail
[5.110s] -- Installing: /home/gturrisi-iit.local/other_ws_home/iekf-legged-robot-pytorch/ros2_ws/install/unitree_go/include/unitree_go/unitree_go/msg/detail/low_state__rosidl_typesupport_fastrtps_cpp.hpp
[5.110s] -- Installing: /home/gturrisi-iit.local/other_ws_home/iekf-legged-robot-pytorch/ros2_ws/install/unitree_go/include/unitree_go/unitree_go/msg/detail/imu_state__rosidl_typesupport_fastrtps_cpp.hpp
[5.111s] -- Installing: /home/gturrisi-iit.local/other_ws_home/iekf-legged-robot-pytorch/ros2_ws/install/unitree_go/include/unitree_go/unitree_go/msg/detail/bms_state__rosidl_typesupport_fastrtps_cpp.hpp
[5.111s] -- Installing: /home/gturrisi-iit.local/other_ws_home/iekf-legged-robot-pytorch/ros2_ws/install/unitree_go/include/unitree_go/unitree_go/msg/detail/motor_state__rosidl_typesupport_fastrtps_cpp.hpp
[5.111s] -- Installing: /home/gturrisi-iit.local/other_ws_home/iekf-legged-robot-pytorch/ros2_ws/install/unitree_go/include/unitree_go/unitree_go/msg/detail/dds_fastrtps
[5.111s] -- Installing: /home/gturrisi-iit.local/other_ws_home/iekf-legged-robot-pytorch/ros2_ws/install/unitree_go/lib/libunitree_go__rosidl_typesupport_fastrtps_cpp.so
[5.112s] -- Up-to-date: /home/gturrisi-iit.local/other_ws_home/iekf-legged-robot-pytorch/ros2_ws/install/unitree_go/include/unitree_go/unitree_go
[5.112s] -- Up-to-date: /home/gturrisi-iit.local/other_ws_home/iekf-legged-robot-pytorch/ros2_ws/install/unitree_go/include/unitree_go/unitree_go/msg
[5.112s] -- Up-to-date: /home/gturrisi-iit.local/other_ws_home/iekf-legged-robot-pytorch/ros2_ws/install/unitree_go/include/unitree_go/unitree_go/msg/detail
[5.112s] -- Installing: /home/gturrisi-iit.local/other_ws_home/iekf-legged-robot-pytorch/ros2_ws/install/unitree_go/include/unitree_go/unitree_go/msg/detail/bms_state__type_support.cpp
[5.112s] -- Installing: /home/gturrisi-iit.local/other_ws_home/iekf-legged-robot-pytorch/ros2_ws/install/unitree_go/include/unitree_go/unitree_go/msg/detail/imu_state__type_support.cpp
[5.112s] -- Installing: /home/gturrisi-iit.local/other_ws_home/iekf-legged-robot-pytorch/ros2_ws/install/unitree_go/include/unitree_go/unitree_go/msg/detail/low_state__type_support.cpp
[5.112s] -- Installing: /home/gturrisi-iit.local/other_ws_home/iekf-legged-robot-pytorch/ros2_ws/install/unitree_go/include/unitree_go/unitree_go/msg/detail/bms_state__rosidl_typesupport_introspection_cpp.hpp
[5.112s] -- Installing: /home/gturrisi-iit.local/other_ws_home/iekf-legged-robot-pytorch/ros2_ws/install/unitree_go/include/unitree_go/unitree_go/msg/detail/low_state__rosidl_typesupport_introspection_cpp.hpp
[5.112s] -- Installing: /home/gturrisi-iit.local/other_ws_home/iekf-legged-robot-pytorch/ros2_ws/install/unitree_go/include/unitree_go/unitree_go/msg/detail/motor_state__type_support.cpp
[5.112s] -- Installing: /home/gturrisi-iit.local/other_ws_home/iekf-legged-robot-pytorch/ros2_ws/install/unitree_go/include/unitree_go/unitree_go/msg/detail/imu_state__rosidl_typesupport_introspection_cpp.hpp
[5.112s] -- Installing: /home/gturrisi-iit.local/other_ws_home/iekf-legged-robot-pytorch/ros2_ws/install/unitree_go/include/unitree_go/unitree_go/msg/detail/motor_state__rosidl_typesupport_introspection_cpp.hpp
[5.112s] -- Installing: /home/gturrisi-iit.local/other_ws_home/iekf-legged-robot-pytorch/ros2_ws/install/unitree_go/lib/libunitree_go__rosidl_typesupport_introspection_cpp.so
[5.112s] -- Installing: /home/gturrisi-iit.local/other_ws_home/iekf-legged-robot-pytorch/ros2_ws/install/unitree_go/lib/libunitree_go__rosidl_typesupport_cpp.so
[5.112s] -- Installing: /home/gturrisi-iit.local/other_ws_home/iekf-legged-robot-pytorch/ros2_ws/install/unitree_go/share/unitree_go/environment/pythonpath.sh
[5.112s] -- Installing: /home/gturrisi-iit.local/other_ws_home/iekf-legged-robot-pytorch/ros2_ws/install/unitree_go/share/unitree_go/environment/pythonpath.dsv
[5.112s] -- Installing: /home/gturrisi-iit.local/other_ws_home/iekf-legged-robot-pytorch/ros2_ws/install/unitree_go/lib/python3.12/site-packages/unitree_go-0.0.1-py3.12.egg-info
[5.112s] -- Installing: /home/gturrisi-iit.local/other_ws_home/iekf-legged-robot-pytorch/ros2_ws/install/unitree_go/lib/python3.12/site-packages/unitree_go-0.0.1-py3.12.egg-info/dependency_links.txt
[5.112s] -- Installing: /home/gturrisi-iit.local/other_ws_home/iekf-legged-robot-pytorch/ros2_ws/install/unitree_go/lib/python3.12/site-packages/unitree_go-0.0.1-py3.12.egg-info/top_level.txt
[5.112s] -- Installing: /home/gturrisi-iit.local/other_ws_home/iekf-legged-robot-pytorch/ros2_ws/install/unitree_go/lib/python3.12/site-packages/unitree_go-0.0.1-py3.12.egg-info/SOURCES.txt
[5.113s] -- Installing: /home/gturrisi-iit.local/other_ws_home/iekf-legged-robot-pytorch/ros2_ws/install/unitree_go/lib/python3.12/site-packages/unitree_go-0.0.1-py3.12.egg-info/PKG-INFO
[5.113s] -- Installing: /home/gturrisi-iit.local/other_ws_home/iekf-legged-robot-pytorch/ros2_ws/install/unitree_go/lib/python3.12/site-packages/unitree_go
[5.113s] -- Installing: /home/gturrisi-iit.local/other_ws_home/iekf-legged-robot-pytorch/ros2_ws/install/unitree_go/lib/python3.12/site-packages/unitree_go/msg
[5.113s] -- Installing: /home/gturrisi-iit.local/other_ws_home/iekf-legged-robot-pytorch/ros2_ws/install/unitree_go/lib/python3.12/site-packages/unitree_go/msg/_imu_state_s.c
[5.113s] -- Installing: /home/gturrisi-iit.local/other_ws_home/iekf-legged-robot-pytorch/ros2_ws/install/unitree_go/lib/python3.12/site-packages/unitree_go/msg/_low_state.py
[5.113s] -- Installing: /home/gturrisi-iit.local/other_ws_home/iekf-legged-robot-pytorch/ros2_ws/install/unitree_go/lib/python3.12/site-packages/unitree_go/msg/__init__.py
[5.113s] -- Installing: /home/gturrisi-iit.local/other_ws_home/iekf-legged-robot-pytorch/ros2_ws/install/unitree_go/lib/python3.12/site-packages/unitree_go/msg/_imu_state.py
[5.113s] -- Installing: /home/gturrisi-iit.local/other_ws_home/iekf-legged-robot-pytorch/ros2_ws/install/unitree_go/lib/python3.12/site-packages/unitree_go/msg/_motor_state.py
[5.113s] -- Installing: /home/gturrisi-iit.local/other_ws_home/iekf-legged-robot-pytorch/ros2_ws/install/unitree_go/lib/python3.12/site-packages/unitree_go/msg/_bms_state.py
[5.113s] -- Installing: /home/gturrisi-iit.local/other_ws_home/iekf-legged-robot-pytorch/ros2_ws/install/unitree_go/lib/python3.12/site-packages/unitree_go/msg/_low_state_s.c
[5.113s] -- Installing: /home/gturrisi-iit.local/other_ws_home/iekf-legged-robot-pytorch/ros2_ws/install/unitree_go/lib/python3.12/site-packages/unitree_go/msg/_motor_state_s.c
[5.113s] -- Installing: /home/gturrisi-iit.local/other_ws_home/iekf-legged-robot-pytorch/ros2_ws/install/unitree_go/lib/python3.12/site-packages/unitree_go/msg/_bms_state_s.c
[5.113s] -- Installing: /home/gturrisi-iit.local/other_ws_home/iekf-legged-robot-pytorch/ros2_ws/install/unitree_go/lib/python3.12/site-packages/unitree_go/unitree_go_s__rosidl_typesupport_introspection_c.cpython-312-x86_64-linux-gnu.so
[5.113s] -- Installing: /home/gturrisi-iit.local/other_ws_home/iekf-legged-robot-pytorch/ros2_ws/install/unitree_go/lib/python3.12/site-packages/unitree_go/__init__.py
[5.113s] -- Installing: /home/gturrisi-iit.local/other_ws_home/iekf-legged-robot-pytorch/ros2_ws/install/unitree_go/lib/python3.12/site-packages/unitree_go/unitree_go_s__rosidl_typesupport_fastrtps_c.cpython-312-x86_64-linux-gnu.so
[5.113s] -- Installing: /home/gturrisi-iit.local/other_ws_home/iekf-legged-robot-pytorch/ros2_ws/install/unitree_go/lib/python3.12/site-packages/unitree_go/_unitree_go_s.ep.rosidl_typesupport_c.c
[5.113s] -- Installing: /home/gturrisi-iit.local/other_ws_home/iekf-legged-robot-pytorch/ros2_ws/install/unitree_go/lib/python3.12/site-packages/unitree_go/unitree_go_s__rosidl_typesupport_c.cpython-312-x86_64-linux-gnu.so
[5.113s] -- Installing: /home/gturrisi-iit.local/other_ws_home/iekf-legged-robot-pytorch/ros2_ws/install/unitree_go/lib/python3.12/site-packages/unitree_go/libunitree_go__rosidl_generator_py.so
[5.113s] -- Installing: /home/gturrisi-iit.local/other_ws_home/iekf-legged-robot-pytorch/ros2_ws/install/unitree_go/lib/python3.12/site-packages/unitree_go/_unitree_go_s.ep.rosidl_typesupport_fastrtps_c.c
[5.113s] -- Installing: /home/gturrisi-iit.local/other_ws_home/iekf-legged-robot-pytorch/ros2_ws/install/unitree_go/lib/python3.12/site-packages/unitree_go/_unitree_go_s.ep.rosidl_typesupport_introspection_c.c
[5.138s] Listing 'lib/python3.12/site-packages/unitree_go'...
[5.138s] Can't list 'lib/python3.12/site-packages/unitree_go'
[5.142s] -- Installing: /home/gturrisi-iit.local/other_ws_home/iekf-legged-robot-pytorch/ros2_ws/install/unitree_go/lib/python3.12/site-packages/unitree_go/unitree_go_s__rosidl_typesupport_fastrtps_c.cpython-312-x86_64-linux-gnu.so
[5.142s] -- Set non-toolchain portion of runtime path of "/home/gturrisi-iit.local/other_ws_home/iekf-legged-robot-pytorch/ros2_ws/install/unitree_go/lib/python3.12/site-packages/unitree_go/unitree_go_s__rosidl_typesupport_fastrtps_c.cpython-312-x86_64-linux-gnu.so" to ""
[5.142s] -- Installing: /home/gturrisi-iit.local/other_ws_home/iekf-legged-robot-pytorch/ros2_ws/install/unitree_go/lib/python3.12/site-packages/unitree_go/unitree_go_s__rosidl_typesupport_introspection_c.cpython-312-x86_64-linux-gnu.so
[5.142s] -- Set non-toolchain portion of runtime path of "/home/gturrisi-iit.local/other_ws_home/iekf-legged-robot-pytorch/ros2_ws/install/unitree_go/lib/python3.12/site-packages/unitree_go/unitree_go_s__rosidl_typesupport_introspection_c.cpython-312-x86_64-linux-gnu.so" to ""
[5.142s] -- Installing: /home/gturrisi-iit.local/other_ws_home/iekf-legged-robot-pytorch/ros2_ws/install/unitree_go/lib/python3.12/site-packages/unitree_go/unitree_go_s__rosidl_typesupport_c.cpython-312-x86_64-linux-gnu.so
[5.143s] -- Set non-toolchain portion of runtime path of "/home/gturrisi-iit.local/other_ws_home/iekf-legged-robot-pytorch/ros2_ws/install/unitree_go/lib/python3.12/site-packages/unitree_go/unitree_go_s__rosidl_typesupport_c.cpython-312-x86_64-linux-gnu.so" to ""
[5.143s] -- Installing: /home/gturrisi-iit.local/other_ws_home/iekf-legged-robot-pytorch/ros2_ws/install/unitree_go/lib/libunitree_go__rosidl_generator_py.so
[5.143s] -- Set non-toolchain portion of runtime path of "/home/gturrisi-iit.local/other_ws_home/iekf-legged-robot-pytorch/ros2_ws/install/unitree_go/lib/libunitree_go__rosidl_generator_py.so" to ""
[5.143s] -- Installing: /home/gturrisi-iit.local/other_ws_home/iekf-legged-robot-pytorch/ros2_ws/install/unitree_go/share/ament_index/resource_index/rust_packages/unitree_go
[5.143s] -- Installing: /home/gturrisi-iit.local/other_ws_home/iekf-legged-robot-pytorch/ros2_ws/install/unitree_go/share/unitree_go/rust
[5.143s] -- Installing: /home/gturrisi-iit.local/other_ws_home/iekf-legged-robot-pytorch/ros2_ws/install/unitree_go/share/unitree_go/rust/build.rs
[5.143s] -- Installing: /home/gturrisi-iit.local/other_ws_home/iekf-legged-robot-pytorch/ros2_ws/install/unitree_go/share/unitree_go/rust/src
[5.143s] -- Installing: /home/gturrisi-iit.local/other_ws_home/iekf-legged-robot-pytorch/ros2_ws/install/unitree_go/share/unitree_go/rust/src/msg
[5.143s] -- Installing: /home/gturrisi-iit.local/other_ws_home/iekf-legged-robot-pytorch/ros2_ws/install/unitree_go/share/unitree_go/rust/src/msg/rmw.rs
[5.143s] -- Installing: /home/gturrisi-iit.local/other_ws_home/iekf-legged-robot-pytorch/ros2_ws/install/unitree_go/share/unitree_go/rust/src/msg.rs
[5.143s] -- Installing: /home/gturrisi-iit.local/other_ws_home/iekf-legged-robot-pytorch/ros2_ws/install/unitree_go/share/unitree_go/rust/src/lib.rs
[5.143s] -- Installing: /home/gturrisi-iit.local/other_ws_home/iekf-legged-robot-pytorch/ros2_ws/install/unitree_go/share/unitree_go/rust/Cargo.toml
[5.143s] -- Installing: /home/gturrisi-iit.local/other_ws_home/iekf-legged-robot-pytorch/ros2_ws/install/unitree_go/share/unitree_go/msg/BmsState.idl
[5.143s] -- Installing: /home/gturrisi-iit.local/other_ws_home/iekf-legged-robot-pytorch/ros2_ws/install/unitree_go/share/unitree_go/msg/IMUState.idl
[5.143s] -- Installing: /home/gturrisi-iit.local/other_ws_home/iekf-legged-robot-pytorch/ros2_ws/install/unitree_go/share/unitree_go/msg/LowState.idl
[5.143s] -- Installing: /home/gturrisi-iit.local/other_ws_home/iekf-legged-robot-pytorch/ros2_ws/install/unitree_go/share/unitree_go/msg/MotorState.idl
[5.143s] -- Installing: /home/gturrisi-iit.local/other_ws_home/iekf-legged-robot-pytorch/ros2_ws/install/unitree_go/share/unitree_go/msg/BmsState.msg
[5.143s] -- Installing: /home/gturrisi-iit.local/other_ws_home/iekf-legged-robot-pytorch/ros2_ws/install/unitree_go/share/unitree_go/msg/IMUState.msg
[5.143s] -- Installing: /home/gturrisi-iit.local/other_ws_home/iekf-legged-robot-pytorch/ros2_ws/install/unitree_go/share/unitree_go/msg/LowState.msg
[5.143s] -- Installing: /home/gturrisi-iit.local/other_ws_home/iekf-legged-robot-pytorch/ros2_ws/install/unitree_go/share/unitree_go/msg/MotorState.msg
[5.144s] -- Installing: /home/gturrisi-iit.local/other_ws_home/iekf-legged-robot-pytorch/ros2_ws/install/unitree_go/share/ament_index/resource_index/package_run_dependencies/unitree_go
[5.144s] -- Installing: /home/gturrisi-iit.local/other_ws_home/iekf-legged-robot-pytorch/ros2_ws/install/unitree_go/share/ament_index/resource_index/parent_prefix_path/unitree_go
[5.144s] -- Installing: /home/gturrisi-iit.local/other_ws_home/iekf-legged-robot-pytorch/ros2_ws/install/unitree_go/share/unitree_go/environment/ament_prefix_path.sh
[5.144s] -- Installing: /home/gturrisi-iit.local/other_ws_home/iekf-legged-robot-pytorch/ros2_ws/install/unitree_go/share/unitree_go/environment/ament_prefix_path.dsv
[5.144s] -- Installing: /home/gturrisi-iit.local/other_ws_home/iekf-legged-robot-pytorch/ros2_ws/install/unitree_go/share/unitree_go/environment/path.sh
[5.144s] -- Installing: /home/gturrisi-iit.local/other_ws_home/iekf-legged-robot-pytorch/ros2_ws/install/unitree_go/share/unitree_go/environment/path.dsv
[5.144s] -- Installing: /home/gturrisi-iit.local/other_ws_home/iekf-legged-robot-pytorch/ros2_ws/install/unitree_go/share/unitree_go/local_setup.bash
[5.144s] -- Installing: /home/gturrisi-iit.local/other_ws_home/iekf-legged-robot-pytorch/ros2_ws/install/unitree_go/share/unitree_go/local_setup.sh
[5.144s] -- Installing: /home/gturrisi-iit.local/other_ws_home/iekf-legged-robot-pytorch/ros2_ws/install/unitree_go/share/unitree_go/local_setup.zsh
[5.144s] -- Installing: /home/gturrisi-iit.local/other_ws_home/iekf-legged-robot-pytorch/ros2_ws/install/unitree_go/share/unitree_go/local_setup.dsv
[5.144s] -- Installing: /home/gturrisi-iit.local/other_ws_home/iekf-legged-robot-pytorch/ros2_ws/install/unitree_go/share/unitree_go/package.dsv
[5.144s] -- Installing: /home/gturrisi-iit.local/other_ws_home/iekf-legged-robot-pytorch/ros2_ws/install/unitree_go/share/ament_index/resource_index/packages/unitree_go
[5.144s] -- Installing: /home/gturrisi-iit.local/other_ws_home/iekf-legged-robot-pytorch/ros2_ws/install/unitree_go/share/unitree_go/cmake/export_unitree_go__rosidl_generator_cExport.cmake
[5.144s] -- Installing: /home/gturrisi-iit.local/other_ws_home/iekf-legged-robot-pytorch/ros2_ws/install/unitree_go/share/unitree_go/cmake/export_unitree_go__rosidl_generator_cExport-noconfig.cmake
[5.144s] -- Installing: /home/gturrisi-iit.local/other_ws_home/iekf-legged-robot-pytorch/ros2_ws/install/unitree_go/share/unitree_go/cmake/export_unitree_go__rosidl_typesupport_fastrtps_cExport.cmake
[5.144s] -- Installing: /home/gturrisi-iit.local/other_ws_home/iekf-legged-robot-pytorch/ros2_ws/install/unitree_go/share/unitree_go/cmake/export_unitree_go__rosidl_typesupport_fastrtps_cExport-noconfig.cmake
[5.144s] -- Installing: /home/gturrisi-iit.local/other_ws_home/iekf-legged-robot-pytorch/ros2_ws/install/unitree_go/share/unitree_go/cmake/unitree_go__rosidl_typesupport_introspection_cExport.cmake
[5.144s] -- Installing: /home/gturrisi-iit.local/other_ws_home/iekf-legged-robot-pytorch/ros2_ws/install/unitree_go/share/unitree_go/cmake/unitree_go__rosidl_typesupport_introspection_cExport-noconfig.cmake
[5.144s] -- Installing: /home/gturrisi-iit.local/other_ws_home/iekf-legged-robot-pytorch/ros2_ws/install/unitree_go/share/unitree_go/cmake/unitree_go__rosidl_typesupport_cExport.cmake
[5.145s] -- Installing: /home/gturrisi-iit.local/other_ws_home/iekf-legged-robot-pytorch/ros2_ws/install/unitree_go/share/unitree_go/cmake/unitree_go__rosidl_typesupport_cExport-noconfig.cmake
[5.145s] -- Installing: /home/gturrisi-iit.local/other_ws_home/iekf-legged-robot-pytorch/ros2_ws/install/unitree_go/share/unitree_go/cmake/export_unitree_go__rosidl_generator_cppExport.cmake
[5.145s] -- Installing: /home/gturrisi-iit.local/other_ws_home/iekf-legged-robot-pytorch/ros2_ws/install/unitree_go/share/unitree_go/cmake/export_unitree_go__rosidl_typesupport_fastrtps_cppExport.cmake
[5.145s] -- Installing: /home/gturrisi-iit.local/other_ws_home/iekf-legged-robot-pytorch/ros2_ws/install/unitree_go/share/unitree_go/cmake/export_unitree_go__rosidl_typesupport_fastrtps_cppExport-noconfig.cmake
[5.145s] -- Installing: /home/gturrisi-iit.local/other_ws_home/iekf-legged-robot-pytorch/ros2_ws/install/unitree_go/share/unitree_go/cmake/unitree_go__rosidl_typesupport_introspection_cppExport.cmake
[5.145s] -- Installing: /home/gturrisi-iit.local/other_ws_home/iekf-legged-robot-pytorch/ros2_ws/install/unitree_go/share/unitree_go/cmake/unitree_go__rosidl_typesupport_introspection_cppExport-noconfig.cmake
[5.145s] -- Installing: /home/gturrisi-iit.local/other_ws_home/iekf-legged-robot-pytorch/ros2_ws/install/unitree_go/share/unitree_go/cmake/unitree_go__rosidl_typesupport_cppExport.cmake
[5.145s] -- Installing: /home/gturrisi-iit.local/other_ws_home/iekf-legged-robot-pytorch/ros2_ws/install/unitree_go/share/unitree_go/cmake/unitree_go__rosidl_typesupport_cppExport-noconfig.cmake
[5.145s] -- Installing: /home/gturrisi-iit.local/other_ws_home/iekf-legged-robot-pytorch/ros2_ws/install/unitree_go/share/unitree_go/cmake/export_unitree_go__rosidl_generator_pyExport.cmake
[5.145s] -- Installing: /home/gturrisi-iit.local/other_ws_home/iekf-legged-robot-pytorch/ros2_ws/install/unitree_go/share/unitree_go/cmake/export_unitree_go__rosidl_generator_pyExport-noconfig.cmake
[5.145s] -- Installing: /home/gturrisi-iit.local/other_ws_home/iekf-legged-robot-pytorch/ros2_ws/install/unitree_go/share/unitree_go/cmake/rosidl_cmake-extras.cmake
[5.145s] -- Installing: /home/gturrisi-iit.local/other_ws_home/iekf-legged-robot-pytorch/ros2_ws/install/unitree_go/share/unitree_go/cmake/ament_cmake_export_include_directories-extras.cmake
[5.145s] -- Installing: /home/gturrisi-iit.local/other_ws_home/iekf-legged-robot-pytorch/ros2_ws/install/unitree_go/share/unitree_go/cmake/ament_cmake_export_libraries-extras.cmake
[5.145s] -- Installing: /home/gturrisi-iit.local/other_ws_home/iekf-legged-robot-pytorch/ros2_ws/install/unitree_go/share/unitree_go/cmake/ament_cmake_export_targets-extras.cmake
[5.145s] -- Installing: /home/gturrisi-iit.local/other_ws_home/iekf-legged-robot-pytorch/ros2_ws/install/unitree_go/share/unitree_go/cmake/rosidl_cmake_export_typesupport_targets-extras.cmake
[5.145s] -- Installing: /home/gturrisi-iit.local/other_ws_home/iekf-legged-robot-pytorch/ros2_ws/install/unitree_go/share/unitree_go/cmake/ament_cmake_export_dependencies-extras.cmake
[5.145s] -- Installing: /home/gturrisi-iit.local/other_ws_home/iekf-legged-robot-pytorch/ros2_ws/install/unitree_go/share/unitree_go/cmake/rosidl_cmake_export_typesupport_libraries-extras.cmake
[5.145s] -- Installing: /home/gturrisi-iit.local/other_ws_home/iekf-legged-robot-pytorch/ros2_ws/install/unitree_go/share/unitree_go/cmake/unitree_goConfig.cmake
[5.145s] -- Installing: /home/gturrisi-iit.local/other_ws_home/iekf-legged-robot-pytorch/ros2_ws/install/unitree_go/share/unitree_go/cmake/unitree_goConfig-version.cmake
[5.145s] -- Installing: /home/gturrisi-iit.local/other_ws_home/iekf-legged-robot-pytorch/ros2_ws/install/unitree_go/share/unitree_go/package.xml
[5.147s] Invoked command in '/home/gturrisi-iit.local/other_ws_home/iekf-legged-robot-pytorch/ros2_ws/build/unitree_go' returned '0': CONDA_PROMPT_MODIFIER=(ekf_legged_robot_env) DEBUGINFOD_URLS=https://debuginfod.ubuntu.com /home/gturrisi-iit.local/miniforge3/envs/ekf_legged_robot_env/bin/cmake --install /home/gturrisi-iit.local/other_ws_home/iekf-legged-robot-pytorch/ros2_ws/build/unitree_go
