[0.071s] [34mcolcon[0m [1;30mDEBUG[0m [32mCommand line arguments: ['/home/gturrisi-iit.local/miniforge3/envs/ekf_legged_robot_env/bin/colcon', 'build'][0m
[0.071s] [34mcolcon[0m [1;30mDEBUG[0m [32mParsed command line arguments: Namespace(log_base=None, log_level=None, verb_name='build', build_base='build', install_base='install', merge_install=False, symlink_install=False, test_result_base=None, continue_on_error=False, executor='parallel', parallel_workers=16, event_handlers=None, ignore_user_meta=False, metas=['./colcon.meta'], base_paths=['.'], packages_ignore=None, packages_ignore_regex=None, paths=None, packages_up_to=None, packages_up_to_regex=None, packages_above=None, packages_above_and_dependencies=None, packages_above_depth=None, packages_select_by_dep=None, packages_skip_by_dep=None, packages_skip_up_to=None, packages_select_build_failed=False, packages_skip_build_finished=False, packages_select_test_failures=False, packages_skip_test_passed=False, packages_select=None, packages_skip=None, packages_select_regex=None, packages_skip_regex=None, packages_start=None, packages_end=None, cmake_args=None, cmake_target=None, cmake_target_skip_unavailable=False, cmake_clean_cache=False, cmake_clean_first=False, cmake_force_configure=False, ament_cmake_args=None, catkin_cmake_args=None, catkin_skip_building_tests=False, verb_parser=<colcon_defaults.argument_parser.defaults.DefaultArgumentsDecorator object at 0x72351c126a50>, verb_extension=<colcon_core.verb.build.BuildVerb object at 0x72351c0bca40>, main=<bound method BuildVerb.main of <colcon_core.verb.build.BuildVerb object at 0x72351c0bca40>>)[0m
[0.095s] [34mcolcon.colcon_core.package_discovery[0m [1;30mLevel 1[0m discover_packages(colcon_meta) check parameters
[0.095s] [34mcolcon.colcon_core.package_discovery[0m [1;30mLevel 1[0m discover_packages(recursive) check parameters
[0.095s] [34mcolcon.colcon_core.package_discovery[0m [1;30mLevel 1[0m discover_packages(ignore) check parameters
[0.095s] [34mcolcon.colcon_core.package_discovery[0m [1;30mLevel 1[0m discover_packages(path) check parameters
[0.095s] [34mcolcon.colcon_core.package_discovery[0m [1;30mLevel 1[0m discover_packages(colcon_meta) discover
[0.095s] [34mcolcon.colcon_core.package_discovery[0m [1;30mLevel 1[0m discover_packages(recursive) discover
[0.095s] [34mcolcon.colcon_core.package_discovery[0m [1;30mINFO[0m Crawling recursively for packages in '/home/gturrisi-iit.local/other_ws_home/iekf-legged-robot-pytorch/ros2_ws'
[0.095s] [34mcolcon.colcon_core.package_identification[0m [1;30mLevel 1[0m _identify(.) by extensions ['ignore', 'ignore_ament_install']
[0.095s] [34mcolcon.colcon_core.package_identification[0m [1;30mLevel 1[0m _identify(.) by extension 'ignore'
[0.095s] [34mcolcon.colcon_core.package_identification[0m [1;30mLevel 1[0m _identify(.) by extension 'ignore_ament_install'
[0.095s] [34mcolcon.colcon_core.package_identification[0m [1;30mLevel 1[0m _identify(.) by extensions ['colcon_pkg']
[0.096s] [34mcolcon.colcon_core.package_identification[0m [1;30mLevel 1[0m _identify(.) by extension 'colcon_pkg'
[0.096s] [34mcolcon.colcon_core.package_identification[0m [1;30mLevel 1[0m _identify(.) by extensions ['colcon_meta']
[0.096s] [34mcolcon.colcon_core.package_identification[0m [1;30mLevel 1[0m _identify(.) by extension 'colcon_meta'
[0.096s] [34mcolcon.colcon_core.package_identification[0m [1;30mLevel 1[0m _identify(.) by extensions ['ros']
[0.096s] [34mcolcon.colcon_core.package_identification[0m [1;30mLevel 1[0m _identify(.) by extension 'ros'
[0.114s] [34mcolcon.colcon_core.package_identification[0m [1;30mLevel 1[0m _identify(.) by extensions ['cmake', 'python']
[0.114s] [34mcolcon.colcon_core.package_identification[0m [1;30mLevel 1[0m _identify(.) by extension 'cmake'
[0.114s] [34mcolcon.colcon_core.package_identification[0m [1;30mLevel 1[0m _identify(.) by extension 'python'
[0.114s] [34mcolcon.colcon_core.package_identification[0m [1;30mLevel 1[0m _identify(.) by extensions ['python_setup_py']
[0.114s] [34mcolcon.colcon_core.package_identification[0m [1;30mLevel 1[0m _identify(.) by extension 'python_setup_py'
[0.114s] [34mcolcon.colcon_core.package_identification[0m [1;30mLevel 1[0m _identify(build) by extensions ['ignore', 'ignore_ament_install']
[0.114s] [34mcolcon.colcon_core.package_identification[0m [1;30mLevel 1[0m _identify(build) by extension 'ignore'
[0.114s] [34mcolcon.colcon_core.package_identification[0m [1;30mLevel 1[0m _identify(build) ignored
[0.114s] [34mcolcon.colcon_core.package_identification[0m [1;30mLevel 1[0m _identify(install) by extensions ['ignore', 'ignore_ament_install']
[0.114s] [34mcolcon.colcon_core.package_identification[0m [1;30mLevel 1[0m _identify(install) by extension 'ignore'
[0.114s] [34mcolcon.colcon_core.package_identification[0m [1;30mLevel 1[0m _identify(install) ignored
[0.114s] [34mcolcon.colcon_core.package_identification[0m [1;30mLevel 1[0m _identify(log) by extensions ['ignore', 'ignore_ament_install']
[0.114s] [34mcolcon.colcon_core.package_identification[0m [1;30mLevel 1[0m _identify(log) by extension 'ignore'
[0.114s] [34mcolcon.colcon_core.package_identification[0m [1;30mLevel 1[0m _identify(log) ignored
[0.114s] [34mcolcon.colcon_core.package_identification[0m [1;30mLevel 1[0m _identify(src) by extensions ['ignore', 'ignore_ament_install']
[0.114s] [34mcolcon.colcon_core.package_identification[0m [1;30mLevel 1[0m _identify(src) by extension 'ignore'
[0.114s] [34mcolcon.colcon_core.package_identification[0m [1;30mLevel 1[0m _identify(src) by extension 'ignore_ament_install'
[0.114s] [34mcolcon.colcon_core.package_identification[0m [1;30mLevel 1[0m _identify(src) by extensions ['colcon_pkg']
[0.114s] [34mcolcon.colcon_core.package_identification[0m [1;30mLevel 1[0m _identify(src) by extension 'colcon_pkg'
[0.114s] [34mcolcon.colcon_core.package_identification[0m [1;30mLevel 1[0m _identify(src) by extensions ['colcon_meta']
[0.115s] [34mcolcon.colcon_core.package_identification[0m [1;30mLevel 1[0m _identify(src) by extension 'colcon_meta'
[0.115s] [34mcolcon.colcon_core.package_identification[0m [1;30mLevel 1[0m _identify(src) by extensions ['ros']
[0.115s] [34mcolcon.colcon_core.package_identification[0m [1;30mLevel 1[0m _identify(src) by extension 'ros'
[0.115s] [34mcolcon.colcon_core.package_identification[0m [1;30mLevel 1[0m _identify(src) by extensions ['cmake', 'python']
[0.115s] [34mcolcon.colcon_core.package_identification[0m [1;30mLevel 1[0m _identify(src) by extension 'cmake'
[0.115s] [34mcolcon.colcon_core.package_identification[0m [1;30mLevel 1[0m _identify(src) by extension 'python'
[0.115s] [34mcolcon.colcon_core.package_identification[0m [1;30mLevel 1[0m _identify(src) by extensions ['python_setup_py']
[0.115s] [34mcolcon.colcon_core.package_identification[0m [1;30mLevel 1[0m _identify(src) by extension 'python_setup_py'
[0.115s] [34mcolcon.colcon_core.package_identification[0m [1;30mLevel 1[0m _identify(src/dls2_interface) by extensions ['ignore', 'ignore_ament_install']
[0.115s] [34mcolcon.colcon_core.package_identification[0m [1;30mLevel 1[0m _identify(src/dls2_interface) by extension 'ignore'
[0.115s] [34mcolcon.colcon_core.package_identification[0m [1;30mLevel 1[0m _identify(src/dls2_interface) by extension 'ignore_ament_install'
[0.115s] [34mcolcon.colcon_core.package_identification[0m [1;30mLevel 1[0m _identify(src/dls2_interface) by extensions ['colcon_pkg']
[0.115s] [34mcolcon.colcon_core.package_identification[0m [1;30mLevel 1[0m _identify(src/dls2_interface) by extension 'colcon_pkg'
[0.115s] [34mcolcon.colcon_core.package_identification[0m [1;30mLevel 1[0m _identify(src/dls2_interface) by extensions ['colcon_meta']
[0.115s] [34mcolcon.colcon_core.package_identification[0m [1;30mLevel 1[0m _identify(src/dls2_interface) by extension 'colcon_meta'
[0.115s] [34mcolcon.colcon_core.package_identification[0m [1;30mLevel 1[0m _identify(src/dls2_interface) by extensions ['ros']
[0.115s] [34mcolcon.colcon_core.package_identification[0m [1;30mLevel 1[0m _identify(src/dls2_interface) by extension 'ros'
[0.116s] [34mcolcon.colcon_core.package_identification[0m [1;30mDEBUG[0m [32mPackage 'src/dls2_interface' with type 'ros.ament_cmake' and name 'dls2_interface'[0m
[0.116s] [34mcolcon.colcon_core.package_identification[0m [1;30mLevel 1[0m _identify(src/unitree_go) by extensions ['ignore', 'ignore_ament_install']
[0.116s] [34mcolcon.colcon_core.package_identification[0m [1;30mLevel 1[0m _identify(src/unitree_go) by extension 'ignore'
[0.116s] [34mcolcon.colcon_core.package_identification[0m [1;30mLevel 1[0m _identify(src/unitree_go) by extension 'ignore_ament_install'
[0.116s] [34mcolcon.colcon_core.package_identification[0m [1;30mLevel 1[0m _identify(src/unitree_go) by extensions ['colcon_pkg']
[0.116s] [34mcolcon.colcon_core.package_identification[0m [1;30mLevel 1[0m _identify(src/unitree_go) by extension 'colcon_pkg'
[0.116s] [34mcolcon.colcon_core.package_identification[0m [1;30mLevel 1[0m _identify(src/unitree_go) by extensions ['colcon_meta']
[0.116s] [34mcolcon.colcon_core.package_identification[0m [1;30mLevel 1[0m _identify(src/unitree_go) by extension 'colcon_meta'
[0.116s] [34mcolcon.colcon_core.package_identification[0m [1;30mLevel 1[0m _identify(src/unitree_go) by extensions ['ros']
[0.116s] [34mcolcon.colcon_core.package_identification[0m [1;30mLevel 1[0m _identify(src/unitree_go) by extension 'ros'
[0.116s] [34mcolcon.colcon_core.package_identification[0m [1;30mDEBUG[0m [32mPackage 'src/unitree_go' with type 'ros.ament_cmake' and name 'unitree_go'[0m
[0.116s] [34mcolcon.colcon_core.package_discovery[0m [1;30mLevel 1[0m discover_packages(recursive) using defaults
[0.116s] [34mcolcon.colcon_core.package_discovery[0m [1;30mLevel 1[0m discover_packages(ignore) discover
[0.116s] [34mcolcon.colcon_core.package_discovery[0m [1;30mLevel 1[0m discover_packages(ignore) using defaults
[0.116s] [34mcolcon.colcon_core.package_discovery[0m [1;30mLevel 1[0m discover_packages(path) discover
[0.116s] [34mcolcon.colcon_core.package_discovery[0m [1;30mLevel 1[0m discover_packages(path) using defaults
[0.124s] [34mcolcon.colcon_core.verb[0m [1;30mLevel 5[0m set package 'dls2_interface' build argument 'cmake_args' from command line to 'None'
[0.124s] [34mcolcon.colcon_core.verb[0m [1;30mLevel 5[0m set package 'dls2_interface' build argument 'cmake_target' from command line to 'None'
[0.124s] [34mcolcon.colcon_core.verb[0m [1;30mLevel 5[0m set package 'dls2_interface' build argument 'cmake_target_skip_unavailable' from command line to 'False'
[0.124s] [34mcolcon.colcon_core.verb[0m [1;30mLevel 5[0m set package 'dls2_interface' build argument 'cmake_clean_cache' from command line to 'False'
[0.124s] [34mcolcon.colcon_core.verb[0m [1;30mLevel 5[0m set package 'dls2_interface' build argument 'cmake_clean_first' from command line to 'False'
[0.124s] [34mcolcon.colcon_core.verb[0m [1;30mLevel 5[0m set package 'dls2_interface' build argument 'cmake_force_configure' from command line to 'False'
[0.124s] [34mcolcon.colcon_core.verb[0m [1;30mLevel 5[0m set package 'dls2_interface' build argument 'ament_cmake_args' from command line to 'None'
[0.124s] [34mcolcon.colcon_core.verb[0m [1;30mLevel 5[0m set package 'dls2_interface' build argument 'catkin_cmake_args' from command line to 'None'
[0.124s] [34mcolcon.colcon_core.verb[0m [1;30mLevel 5[0m set package 'dls2_interface' build argument 'catkin_skip_building_tests' from command line to 'False'
[0.124s] [34mcolcon.colcon_core.verb[0m [1;30mDEBUG[0m [32mBuilding package 'dls2_interface' with the following arguments: {'ament_cmake_args': None, 'build_base': '/home/gturrisi-iit.local/other_ws_home/iekf-legged-robot-pytorch/ros2_ws/build/dls2_interface', 'catkin_cmake_args': None, 'catkin_skip_building_tests': False, 'cmake_args': None, 'cmake_clean_cache': False, 'cmake_clean_first': False, 'cmake_force_configure': False, 'cmake_target': None, 'cmake_target_skip_unavailable': False, 'install_base': '/home/gturrisi-iit.local/other_ws_home/iekf-legged-robot-pytorch/ros2_ws/install/dls2_interface', 'merge_install': False, 'path': '/home/gturrisi-iit.local/other_ws_home/iekf-legged-robot-pytorch/ros2_ws/src/dls2_interface', 'symlink_install': False, 'test_result_base': None}[0m
[0.124s] [34mcolcon.colcon_core.verb[0m [1;30mLevel 5[0m set package 'unitree_go' build argument 'cmake_args' from command line to 'None'
[0.124s] [34mcolcon.colcon_core.verb[0m [1;30mLevel 5[0m set package 'unitree_go' build argument 'cmake_target' from command line to 'None'
[0.124s] [34mcolcon.colcon_core.verb[0m [1;30mLevel 5[0m set package 'unitree_go' build argument 'cmake_target_skip_unavailable' from command line to 'False'
[0.124s] [34mcolcon.colcon_core.verb[0m [1;30mLevel 5[0m set package 'unitree_go' build argument 'cmake_clean_cache' from command line to 'False'
[0.124s] [34mcolcon.colcon_core.verb[0m [1;30mLevel 5[0m set package 'unitree_go' build argument 'cmake_clean_first' from command line to 'False'
[0.124s] [34mcolcon.colcon_core.verb[0m [1;30mLevel 5[0m set package 'unitree_go' build argument 'cmake_force_configure' from command line to 'False'
[0.124s] [34mcolcon.colcon_core.verb[0m [1;30mLevel 5[0m set package 'unitree_go' build argument 'ament_cmake_args' from command line to 'None'
[0.124s] [34mcolcon.colcon_core.verb[0m [1;30mLevel 5[0m set package 'unitree_go' build argument 'catkin_cmake_args' from command line to 'None'
[0.124s] [34mcolcon.colcon_core.verb[0m [1;30mLevel 5[0m set package 'unitree_go' build argument 'catkin_skip_building_tests' from command line to 'False'
[0.124s] [34mcolcon.colcon_core.verb[0m [1;30mDEBUG[0m [32mBuilding package 'unitree_go' with the following arguments: {'ament_cmake_args': None, 'build_base': '/home/gturrisi-iit.local/other_ws_home/iekf-legged-robot-pytorch/ros2_ws/build/unitree_go', 'catkin_cmake_args': None, 'catkin_skip_building_tests': False, 'cmake_args': None, 'cmake_clean_cache': False, 'cmake_clean_first': False, 'cmake_force_configure': False, 'cmake_target': None, 'cmake_target_skip_unavailable': False, 'install_base': '/home/gturrisi-iit.local/other_ws_home/iekf-legged-robot-pytorch/ros2_ws/install/unitree_go', 'merge_install': False, 'path': '/home/gturrisi-iit.local/other_ws_home/iekf-legged-robot-pytorch/ros2_ws/src/unitree_go', 'symlink_install': False, 'test_result_base': None}[0m
[0.124s] [34mcolcon.colcon_core.executor[0m [1;30mINFO[0m Executing jobs using 'parallel' executor
[0.125s] [34mcolcon.colcon_parallel_executor.executor.parallel[0m [1;30mDEBUG[0m [32mrun_until_complete[0m
[0.125s] [34mcolcon.colcon_ros.task.ament_cmake.build[0m [1;30mINFO[0m Building ROS package in '/home/gturrisi-iit.local/other_ws_home/iekf-legged-robot-pytorch/ros2_ws/src/dls2_interface' with build type 'ament_cmake'
[0.125s] [34mcolcon.colcon_cmake.task.cmake.build[0m [1;30mINFO[0m Building CMake package in '/home/gturrisi-iit.local/other_ws_home/iekf-legged-robot-pytorch/ros2_ws/src/dls2_interface'
[0.126s] [34mcolcon.colcon_core.plugin_system[0m [1;30mINFO[0m Skipping extension 'colcon_core.shell.bat': Not used on non-Windows systems
[0.126s] [34mcolcon.colcon_core.shell[0m [1;30mINFO[0m Skip shell extension 'powershell' for command environment: Not usable outside of PowerShell
[0.126s] [34mcolcon.colcon_core.shell[0m [1;30mDEBUG[0m [32mSkip shell extension 'dsv' for command environment[0m
[0.129s] [34mcolcon.colcon_ros.task.ament_cmake.build[0m [1;30mINFO[0m Building ROS package in '/home/gturrisi-iit.local/other_ws_home/iekf-legged-robot-pytorch/ros2_ws/src/unitree_go' with build type 'ament_cmake'
[0.129s] [34mcolcon.colcon_cmake.task.cmake.build[0m [1;30mINFO[0m Building CMake package in '/home/gturrisi-iit.local/other_ws_home/iekf-legged-robot-pytorch/ros2_ws/src/unitree_go'
[0.129s] [34mcolcon.colcon_core.shell[0m [1;30mINFO[0m Skip shell extension 'powershell' for command environment: Not usable outside of PowerShell
[0.129s] [34mcolcon.colcon_core.shell[0m [1;30mDEBUG[0m [32mSkip shell extension 'dsv' for command environment[0m
[0.134s] [34mcolcon.colcon_core.event_handler.log_command[0m [1;30mDEBUG[0m [32mInvoking command in '/home/gturrisi-iit.local/other_ws_home/iekf-legged-robot-pytorch/ros2_ws/build/dls2_interface': CONDA_PROMPT_MODIFIER=(ekf_legged_robot_env) DEBUGINFOD_URLS=https://debuginfod.ubuntu.com /home/gturrisi-iit.local/miniforge3/envs/ekf_legged_robot_env/bin/cmake /home/gturrisi-iit.local/other_ws_home/iekf-legged-robot-pytorch/ros2_ws/src/dls2_interface -DCMAKE_INSTALL_PREFIX=/home/gturrisi-iit.local/other_ws_home/iekf-legged-robot-pytorch/ros2_ws/install/dls2_interface[0m
[0.136s] [34mcolcon.colcon_core.event_handler.log_command[0m [1;30mDEBUG[0m [32mInvoking command in '/home/gturrisi-iit.local/other_ws_home/iekf-legged-robot-pytorch/ros2_ws/build/unitree_go': CONDA_PROMPT_MODIFIER=(ekf_legged_robot_env) DEBUGINFOD_URLS=https://debuginfod.ubuntu.com /home/gturrisi-iit.local/miniforge3/envs/ekf_legged_robot_env/bin/cmake /home/gturrisi-iit.local/other_ws_home/iekf-legged-robot-pytorch/ros2_ws/src/unitree_go -DCMAKE_INSTALL_PREFIX=/home/gturrisi-iit.local/other_ws_home/iekf-legged-robot-pytorch/ros2_ws/install/unitree_go[0m
[1.907s] [34mcolcon.colcon_core.event_handler.log_command[0m [1;30mDEBUG[0m [32mInvoked command in '/home/gturrisi-iit.local/other_ws_home/iekf-legged-robot-pytorch/ros2_ws/build/unitree_go' returned '0': CONDA_PROMPT_MODIFIER=(ekf_legged_robot_env) DEBUGINFOD_URLS=https://debuginfod.ubuntu.com /home/gturrisi-iit.local/miniforge3/envs/ekf_legged_robot_env/bin/cmake /home/gturrisi-iit.local/other_ws_home/iekf-legged-robot-pytorch/ros2_ws/src/unitree_go -DCMAKE_INSTALL_PREFIX=/home/gturrisi-iit.local/other_ws_home/iekf-legged-robot-pytorch/ros2_ws/install/unitree_go[0m
[1.908s] [34mcolcon.colcon_core.event_handler.log_command[0m [1;30mDEBUG[0m [32mInvoking command in '/home/gturrisi-iit.local/other_ws_home/iekf-legged-robot-pytorch/ros2_ws/build/unitree_go': CONDA_PROMPT_MODIFIER=(ekf_legged_robot_env) DEBUGINFOD_URLS=https://debuginfod.ubuntu.com /home/gturrisi-iit.local/miniforge3/envs/ekf_legged_robot_env/bin/cmake --build /home/gturrisi-iit.local/other_ws_home/iekf-legged-robot-pytorch/ros2_ws/build/unitree_go -- -j16 -l16[0m
[2.352s] [34mcolcon.colcon_core.event_handler.log_command[0m [1;30mDEBUG[0m [32mInvoked command in '/home/gturrisi-iit.local/other_ws_home/iekf-legged-robot-pytorch/ros2_ws/build/dls2_interface' returned '0': CONDA_PROMPT_MODIFIER=(ekf_legged_robot_env) DEBUGINFOD_URLS=https://debuginfod.ubuntu.com /home/gturrisi-iit.local/miniforge3/envs/ekf_legged_robot_env/bin/cmake /home/gturrisi-iit.local/other_ws_home/iekf-legged-robot-pytorch/ros2_ws/src/dls2_interface -DCMAKE_INSTALL_PREFIX=/home/gturrisi-iit.local/other_ws_home/iekf-legged-robot-pytorch/ros2_ws/install/dls2_interface[0m
[2.353s] [34mcolcon.colcon_core.event_handler.log_command[0m [1;30mDEBUG[0m [32mInvoking command in '/home/gturrisi-iit.local/other_ws_home/iekf-legged-robot-pytorch/ros2_ws/build/dls2_interface': CONDA_PROMPT_MODIFIER=(ekf_legged_robot_env) DEBUGINFOD_URLS=https://debuginfod.ubuntu.com /home/gturrisi-iit.local/miniforge3/envs/ekf_legged_robot_env/bin/cmake --build /home/gturrisi-iit.local/other_ws_home/iekf-legged-robot-pytorch/ros2_ws/build/dls2_interface -- -j16 -l16[0m
[5.226s] [34mcolcon.colcon_core.event_handler.log_command[0m [1;30mDEBUG[0m [32mInvoked command in '/home/gturrisi-iit.local/other_ws_home/iekf-legged-robot-pytorch/ros2_ws/build/unitree_go' returned '0': CONDA_PROMPT_MODIFIER=(ekf_legged_robot_env) DEBUGINFOD_URLS=https://debuginfod.ubuntu.com /home/gturrisi-iit.local/miniforge3/envs/ekf_legged_robot_env/bin/cmake --build /home/gturrisi-iit.local/other_ws_home/iekf-legged-robot-pytorch/ros2_ws/build/unitree_go -- -j16 -l16[0m
[5.231s] [34mcolcon.colcon_core.event_handler.log_command[0m [1;30mDEBUG[0m [32mInvoking command in '/home/gturrisi-iit.local/other_ws_home/iekf-legged-robot-pytorch/ros2_ws/build/unitree_go': CONDA_PROMPT_MODIFIER=(ekf_legged_robot_env) DEBUGINFOD_URLS=https://debuginfod.ubuntu.com /home/gturrisi-iit.local/miniforge3/envs/ekf_legged_robot_env/bin/cmake --install /home/gturrisi-iit.local/other_ws_home/iekf-legged-robot-pytorch/ros2_ws/build/unitree_go[0m
[5.276s] [34mcolcon.colcon_core.environment[0m [1;30mLevel 1[0m create_environment_scripts_only(unitree_go)
[5.277s] [34mcolcon.colcon_core.event_handler.log_command[0m [1;30mDEBUG[0m [32mInvoked command in '/home/gturrisi-iit.local/other_ws_home/iekf-legged-robot-pytorch/ros2_ws/build/unitree_go' returned '0': CONDA_PROMPT_MODIFIER=(ekf_legged_robot_env) DEBUGINFOD_URLS=https://debuginfod.ubuntu.com /home/gturrisi-iit.local/miniforge3/envs/ekf_legged_robot_env/bin/cmake --install /home/gturrisi-iit.local/other_ws_home/iekf-legged-robot-pytorch/ros2_ws/build/unitree_go[0m
[5.279s] [34mcolcon.colcon_core.environment[0m [1;30mLevel 1[0m checking '/home/gturrisi-iit.local/other_ws_home/iekf-legged-robot-pytorch/ros2_ws/install/unitree_go' for CMake module files
[5.280s] [34mcolcon.colcon_core.environment[0m [1;30mLevel 1[0m checking '/home/gturrisi-iit.local/other_ws_home/iekf-legged-robot-pytorch/ros2_ws/install/unitree_go' for CMake config files
[5.280s] [34mcolcon.colcon_core.shell[0m [1;30mLevel 1[0m create_environment_hook('unitree_go', 'cmake_prefix_path')
[5.281s] [34mcolcon.colcon_core.shell[0m [1;30mINFO[0m Creating environment hook '/home/gturrisi-iit.local/other_ws_home/iekf-legged-robot-pytorch/ros2_ws/install/unitree_go/share/unitree_go/hook/cmake_prefix_path.ps1'
[5.281s] [34mcolcon.colcon_core.shell[0m [1;30mINFO[0m Creating environment descriptor '/home/gturrisi-iit.local/other_ws_home/iekf-legged-robot-pytorch/ros2_ws/install/unitree_go/share/unitree_go/hook/cmake_prefix_path.dsv'
[5.282s] [34mcolcon.colcon_core.shell[0m [1;30mINFO[0m Creating environment hook '/home/gturrisi-iit.local/other_ws_home/iekf-legged-robot-pytorch/ros2_ws/install/unitree_go/share/unitree_go/hook/cmake_prefix_path.sh'
[5.283s] [34mcolcon.colcon_core.environment[0m [1;30mLevel 1[0m checking '/home/gturrisi-iit.local/other_ws_home/iekf-legged-robot-pytorch/ros2_ws/install/unitree_go/lib'
[5.283s] [34mcolcon.colcon_core.shell[0m [1;30mLevel 1[0m create_environment_hook('unitree_go', 'ld_library_path_lib')
[5.283s] [34mcolcon.colcon_core.shell[0m [1;30mINFO[0m Creating environment hook '/home/gturrisi-iit.local/other_ws_home/iekf-legged-robot-pytorch/ros2_ws/install/unitree_go/share/unitree_go/hook/ld_library_path_lib.ps1'
[5.284s] [34mcolcon.colcon_core.shell[0m [1;30mINFO[0m Creating environment descriptor '/home/gturrisi-iit.local/other_ws_home/iekf-legged-robot-pytorch/ros2_ws/install/unitree_go/share/unitree_go/hook/ld_library_path_lib.dsv'
[5.284s] [34mcolcon.colcon_core.shell[0m [1;30mINFO[0m Creating environment hook '/home/gturrisi-iit.local/other_ws_home/iekf-legged-robot-pytorch/ros2_ws/install/unitree_go/share/unitree_go/hook/ld_library_path_lib.sh'
[5.285s] [34mcolcon.colcon_core.environment[0m [1;30mLevel 1[0m checking '/home/gturrisi-iit.local/other_ws_home/iekf-legged-robot-pytorch/ros2_ws/install/unitree_go/bin'
[5.285s] [34mcolcon.colcon_core.environment[0m [1;30mLevel 1[0m checking '/home/gturrisi-iit.local/other_ws_home/iekf-legged-robot-pytorch/ros2_ws/install/unitree_go/lib/pkgconfig/unitree_go.pc'
[5.286s] [34mcolcon.colcon_core.environment[0m [1;30mLevel 1[0m checking '/home/gturrisi-iit.local/other_ws_home/iekf-legged-robot-pytorch/ros2_ws/install/unitree_go/lib/python3.12/site-packages'
[5.286s] [34mcolcon.colcon_core.shell[0m [1;30mLevel 1[0m create_environment_hook('unitree_go', 'pythonpath')
[5.286s] [34mcolcon.colcon_core.shell[0m [1;30mINFO[0m Creating environment hook '/home/gturrisi-iit.local/other_ws_home/iekf-legged-robot-pytorch/ros2_ws/install/unitree_go/share/unitree_go/hook/pythonpath.ps1'
[5.286s] [34mcolcon.colcon_core.shell[0m [1;30mINFO[0m Creating environment descriptor '/home/gturrisi-iit.local/other_ws_home/iekf-legged-robot-pytorch/ros2_ws/install/unitree_go/share/unitree_go/hook/pythonpath.dsv'
[5.286s] [34mcolcon.colcon_core.shell[0m [1;30mINFO[0m Creating environment hook '/home/gturrisi-iit.local/other_ws_home/iekf-legged-robot-pytorch/ros2_ws/install/unitree_go/share/unitree_go/hook/pythonpath.sh'
[5.287s] [34mcolcon.colcon_core.environment[0m [1;30mLevel 1[0m checking '/home/gturrisi-iit.local/other_ws_home/iekf-legged-robot-pytorch/ros2_ws/install/unitree_go/bin'
[5.287s] [34mcolcon.colcon_core.shell[0m [1;30mINFO[0m Creating package script '/home/gturrisi-iit.local/other_ws_home/iekf-legged-robot-pytorch/ros2_ws/install/unitree_go/share/unitree_go/package.ps1'
[5.288s] [34mcolcon.colcon_core.shell[0m [1;30mINFO[0m Creating package descriptor '/home/gturrisi-iit.local/other_ws_home/iekf-legged-robot-pytorch/ros2_ws/install/unitree_go/share/unitree_go/package.dsv'
[5.288s] [34mcolcon.colcon_core.shell[0m [1;30mINFO[0m Creating package script '/home/gturrisi-iit.local/other_ws_home/iekf-legged-robot-pytorch/ros2_ws/install/unitree_go/share/unitree_go/package.sh'
[5.289s] [34mcolcon.colcon_core.shell[0m [1;30mINFO[0m Creating package script '/home/gturrisi-iit.local/other_ws_home/iekf-legged-robot-pytorch/ros2_ws/install/unitree_go/share/unitree_go/package.bash'
[5.289s] [34mcolcon.colcon_core.shell[0m [1;30mINFO[0m Creating package script '/home/gturrisi-iit.local/other_ws_home/iekf-legged-robot-pytorch/ros2_ws/install/unitree_go/share/unitree_go/package.zsh'
[5.289s] [34mcolcon.colcon_core.environment[0m [1;30mLevel 1[0m create_file_with_runtime_dependencies(/home/gturrisi-iit.local/other_ws_home/iekf-legged-robot-pytorch/ros2_ws/install/unitree_go/share/colcon-core/packages/unitree_go)
[5.290s] [34mcolcon.colcon_core.environment[0m [1;30mLevel 1[0m create_environment_scripts_only(unitree_go)
[5.290s] [34mcolcon.colcon_core.environment[0m [1;30mLevel 1[0m checking '/home/gturrisi-iit.local/other_ws_home/iekf-legged-robot-pytorch/ros2_ws/install/unitree_go' for CMake module files
[5.290s] [34mcolcon.colcon_core.environment[0m [1;30mLevel 1[0m checking '/home/gturrisi-iit.local/other_ws_home/iekf-legged-robot-pytorch/ros2_ws/install/unitree_go' for CMake config files
[5.290s] [34mcolcon.colcon_core.shell[0m [1;30mLevel 1[0m create_environment_hook('unitree_go', 'cmake_prefix_path')
[5.290s] [34mcolcon.colcon_core.shell[0m [1;30mINFO[0m Creating environment hook '/home/gturrisi-iit.local/other_ws_home/iekf-legged-robot-pytorch/ros2_ws/install/unitree_go/share/unitree_go/hook/cmake_prefix_path.ps1'
[5.290s] [34mcolcon.colcon_core.shell[0m [1;30mINFO[0m Creating environment descriptor '/home/gturrisi-iit.local/other_ws_home/iekf-legged-robot-pytorch/ros2_ws/install/unitree_go/share/unitree_go/hook/cmake_prefix_path.dsv'
[5.291s] [34mcolcon.colcon_core.shell[0m [1;30mINFO[0m Creating environment hook '/home/gturrisi-iit.local/other_ws_home/iekf-legged-robot-pytorch/ros2_ws/install/unitree_go/share/unitree_go/hook/cmake_prefix_path.sh'
[5.291s] [34mcolcon.colcon_core.environment[0m [1;30mLevel 1[0m checking '/home/gturrisi-iit.local/other_ws_home/iekf-legged-robot-pytorch/ros2_ws/install/unitree_go/lib'
[5.291s] [34mcolcon.colcon_core.shell[0m [1;30mLevel 1[0m create_environment_hook('unitree_go', 'ld_library_path_lib')
[5.291s] [34mcolcon.colcon_core.shell[0m [1;30mINFO[0m Creating environment hook '/home/gturrisi-iit.local/other_ws_home/iekf-legged-robot-pytorch/ros2_ws/install/unitree_go/share/unitree_go/hook/ld_library_path_lib.ps1'
[5.291s] [34mcolcon.colcon_core.shell[0m [1;30mINFO[0m Creating environment descriptor '/home/gturrisi-iit.local/other_ws_home/iekf-legged-robot-pytorch/ros2_ws/install/unitree_go/share/unitree_go/hook/ld_library_path_lib.dsv'
[5.292s] [34mcolcon.colcon_core.shell[0m [1;30mINFO[0m Creating environment hook '/home/gturrisi-iit.local/other_ws_home/iekf-legged-robot-pytorch/ros2_ws/install/unitree_go/share/unitree_go/hook/ld_library_path_lib.sh'
[5.292s] [34mcolcon.colcon_core.environment[0m [1;30mLevel 1[0m checking '/home/gturrisi-iit.local/other_ws_home/iekf-legged-robot-pytorch/ros2_ws/install/unitree_go/bin'
[5.292s] [34mcolcon.colcon_core.environment[0m [1;30mLevel 1[0m checking '/home/gturrisi-iit.local/other_ws_home/iekf-legged-robot-pytorch/ros2_ws/install/unitree_go/lib/pkgconfig/unitree_go.pc'
[5.292s] [34mcolcon.colcon_core.environment[0m [1;30mLevel 1[0m checking '/home/gturrisi-iit.local/other_ws_home/iekf-legged-robot-pytorch/ros2_ws/install/unitree_go/lib/python3.12/site-packages'
[5.292s] [34mcolcon.colcon_core.shell[0m [1;30mLevel 1[0m create_environment_hook('unitree_go', 'pythonpath')
[5.292s] [34mcolcon.colcon_core.shell[0m [1;30mINFO[0m Creating environment hook '/home/gturrisi-iit.local/other_ws_home/iekf-legged-robot-pytorch/ros2_ws/install/unitree_go/share/unitree_go/hook/pythonpath.ps1'
[5.293s] [34mcolcon.colcon_core.shell[0m [1;30mINFO[0m Creating environment descriptor '/home/gturrisi-iit.local/other_ws_home/iekf-legged-robot-pytorch/ros2_ws/install/unitree_go/share/unitree_go/hook/pythonpath.dsv'
[5.293s] [34mcolcon.colcon_core.shell[0m [1;30mINFO[0m Creating environment hook '/home/gturrisi-iit.local/other_ws_home/iekf-legged-robot-pytorch/ros2_ws/install/unitree_go/share/unitree_go/hook/pythonpath.sh'
[5.293s] [34mcolcon.colcon_core.environment[0m [1;30mLevel 1[0m checking '/home/gturrisi-iit.local/other_ws_home/iekf-legged-robot-pytorch/ros2_ws/install/unitree_go/bin'
[5.294s] [34mcolcon.colcon_core.shell[0m [1;30mINFO[0m Creating package script '/home/gturrisi-iit.local/other_ws_home/iekf-legged-robot-pytorch/ros2_ws/install/unitree_go/share/unitree_go/package.ps1'
[5.294s] [34mcolcon.colcon_core.shell[0m [1;30mINFO[0m Creating package descriptor '/home/gturrisi-iit.local/other_ws_home/iekf-legged-robot-pytorch/ros2_ws/install/unitree_go/share/unitree_go/package.dsv'
[5.295s] [34mcolcon.colcon_core.shell[0m [1;30mINFO[0m Creating package script '/home/gturrisi-iit.local/other_ws_home/iekf-legged-robot-pytorch/ros2_ws/install/unitree_go/share/unitree_go/package.sh'
[5.295s] [34mcolcon.colcon_core.shell[0m [1;30mINFO[0m Creating package script '/home/gturrisi-iit.local/other_ws_home/iekf-legged-robot-pytorch/ros2_ws/install/unitree_go/share/unitree_go/package.bash'
[5.295s] [34mcolcon.colcon_core.shell[0m [1;30mINFO[0m Creating package script '/home/gturrisi-iit.local/other_ws_home/iekf-legged-robot-pytorch/ros2_ws/install/unitree_go/share/unitree_go/package.zsh'
[5.296s] [34mcolcon.colcon_core.environment[0m [1;30mLevel 1[0m create_file_with_runtime_dependencies(/home/gturrisi-iit.local/other_ws_home/iekf-legged-robot-pytorch/ros2_ws/install/unitree_go/share/colcon-core/packages/unitree_go)
[6.333s] [34mcolcon.colcon_core.event_handler.log_command[0m [1;30mDEBUG[0m [32mInvoked command in '/home/gturrisi-iit.local/other_ws_home/iekf-legged-robot-pytorch/ros2_ws/build/dls2_interface' returned '0': CONDA_PROMPT_MODIFIER=(ekf_legged_robot_env) DEBUGINFOD_URLS=https://debuginfod.ubuntu.com /home/gturrisi-iit.local/miniforge3/envs/ekf_legged_robot_env/bin/cmake --build /home/gturrisi-iit.local/other_ws_home/iekf-legged-robot-pytorch/ros2_ws/build/dls2_interface -- -j16 -l16[0m
[6.334s] [34mcolcon.colcon_core.event_handler.log_command[0m [1;30mDEBUG[0m [32mInvoking command in '/home/gturrisi-iit.local/other_ws_home/iekf-legged-robot-pytorch/ros2_ws/build/dls2_interface': CONDA_PROMPT_MODIFIER=(ekf_legged_robot_env) DEBUGINFOD_URLS=https://debuginfod.ubuntu.com /home/gturrisi-iit.local/miniforge3/envs/ekf_legged_robot_env/bin/cmake --install /home/gturrisi-iit.local/other_ws_home/iekf-legged-robot-pytorch/ros2_ws/build/dls2_interface[0m
[6.384s] [34mcolcon.colcon_core.environment[0m [1;30mLevel 1[0m create_environment_scripts_only(dls2_interface)
[6.385s] [34mcolcon.colcon_core.environment[0m [1;30mLevel 1[0m checking '/home/gturrisi-iit.local/other_ws_home/iekf-legged-robot-pytorch/ros2_ws/install/dls2_interface' for CMake module files
[6.385s] [34mcolcon.colcon_core.event_handler.log_command[0m [1;30mDEBUG[0m [32mInvoked command in '/home/gturrisi-iit.local/other_ws_home/iekf-legged-robot-pytorch/ros2_ws/build/dls2_interface' returned '0': CONDA_PROMPT_MODIFIER=(ekf_legged_robot_env) DEBUGINFOD_URLS=https://debuginfod.ubuntu.com /home/gturrisi-iit.local/miniforge3/envs/ekf_legged_robot_env/bin/cmake --install /home/gturrisi-iit.local/other_ws_home/iekf-legged-robot-pytorch/ros2_ws/build/dls2_interface[0m
[6.385s] [34mcolcon.colcon_core.environment[0m [1;30mLevel 1[0m checking '/home/gturrisi-iit.local/other_ws_home/iekf-legged-robot-pytorch/ros2_ws/install/dls2_interface' for CMake config files
[6.385s] [34mcolcon.colcon_core.shell[0m [1;30mLevel 1[0m create_environment_hook('dls2_interface', 'cmake_prefix_path')
[6.386s] [34mcolcon.colcon_core.shell[0m [1;30mINFO[0m Creating environment hook '/home/gturrisi-iit.local/other_ws_home/iekf-legged-robot-pytorch/ros2_ws/install/dls2_interface/share/dls2_interface/hook/cmake_prefix_path.ps1'
[6.386s] [34mcolcon.colcon_core.shell[0m [1;30mINFO[0m Creating environment descriptor '/home/gturrisi-iit.local/other_ws_home/iekf-legged-robot-pytorch/ros2_ws/install/dls2_interface/share/dls2_interface/hook/cmake_prefix_path.dsv'
[6.386s] [34mcolcon.colcon_core.shell[0m [1;30mINFO[0m Creating environment hook '/home/gturrisi-iit.local/other_ws_home/iekf-legged-robot-pytorch/ros2_ws/install/dls2_interface/share/dls2_interface/hook/cmake_prefix_path.sh'
[6.387s] [34mcolcon.colcon_core.environment[0m [1;30mLevel 1[0m checking '/home/gturrisi-iit.local/other_ws_home/iekf-legged-robot-pytorch/ros2_ws/install/dls2_interface/lib'
[6.387s] [34mcolcon.colcon_core.shell[0m [1;30mLevel 1[0m create_environment_hook('dls2_interface', 'ld_library_path_lib')
[6.387s] [34mcolcon.colcon_core.shell[0m [1;30mINFO[0m Creating environment hook '/home/gturrisi-iit.local/other_ws_home/iekf-legged-robot-pytorch/ros2_ws/install/dls2_interface/share/dls2_interface/hook/ld_library_path_lib.ps1'
[6.387s] [34mcolcon.colcon_core.shell[0m [1;30mINFO[0m Creating environment descriptor '/home/gturrisi-iit.local/other_ws_home/iekf-legged-robot-pytorch/ros2_ws/install/dls2_interface/share/dls2_interface/hook/ld_library_path_lib.dsv'
[6.387s] [34mcolcon.colcon_core.shell[0m [1;30mINFO[0m Creating environment hook '/home/gturrisi-iit.local/other_ws_home/iekf-legged-robot-pytorch/ros2_ws/install/dls2_interface/share/dls2_interface/hook/ld_library_path_lib.sh'
[6.387s] [34mcolcon.colcon_core.environment[0m [1;30mLevel 1[0m checking '/home/gturrisi-iit.local/other_ws_home/iekf-legged-robot-pytorch/ros2_ws/install/dls2_interface/bin'
[6.387s] [34mcolcon.colcon_core.environment[0m [1;30mLevel 1[0m checking '/home/gturrisi-iit.local/other_ws_home/iekf-legged-robot-pytorch/ros2_ws/install/dls2_interface/lib/pkgconfig/dls2_interface.pc'
[6.387s] [34mcolcon.colcon_core.environment[0m [1;30mLevel 1[0m checking '/home/gturrisi-iit.local/other_ws_home/iekf-legged-robot-pytorch/ros2_ws/install/dls2_interface/lib/python3.12/site-packages'
[6.387s] [34mcolcon.colcon_core.shell[0m [1;30mLevel 1[0m create_environment_hook('dls2_interface', 'pythonpath')
[6.387s] [34mcolcon.colcon_core.shell[0m [1;30mINFO[0m Creating environment hook '/home/gturrisi-iit.local/other_ws_home/iekf-legged-robot-pytorch/ros2_ws/install/dls2_interface/share/dls2_interface/hook/pythonpath.ps1'
[6.388s] [34mcolcon.colcon_core.shell[0m [1;30mINFO[0m Creating environment descriptor '/home/gturrisi-iit.local/other_ws_home/iekf-legged-robot-pytorch/ros2_ws/install/dls2_interface/share/dls2_interface/hook/pythonpath.dsv'
[6.388s] [34mcolcon.colcon_core.shell[0m [1;30mINFO[0m Creating environment hook '/home/gturrisi-iit.local/other_ws_home/iekf-legged-robot-pytorch/ros2_ws/install/dls2_interface/share/dls2_interface/hook/pythonpath.sh'
[6.388s] [34mcolcon.colcon_core.environment[0m [1;30mLevel 1[0m checking '/home/gturrisi-iit.local/other_ws_home/iekf-legged-robot-pytorch/ros2_ws/install/dls2_interface/bin'
[6.388s] [34mcolcon.colcon_core.shell[0m [1;30mINFO[0m Creating package script '/home/gturrisi-iit.local/other_ws_home/iekf-legged-robot-pytorch/ros2_ws/install/dls2_interface/share/dls2_interface/package.ps1'
[6.389s] [34mcolcon.colcon_core.shell[0m [1;30mINFO[0m Creating package descriptor '/home/gturrisi-iit.local/other_ws_home/iekf-legged-robot-pytorch/ros2_ws/install/dls2_interface/share/dls2_interface/package.dsv'
[6.389s] [34mcolcon.colcon_core.shell[0m [1;30mINFO[0m Creating package script '/home/gturrisi-iit.local/other_ws_home/iekf-legged-robot-pytorch/ros2_ws/install/dls2_interface/share/dls2_interface/package.sh'
[6.390s] [34mcolcon.colcon_core.shell[0m [1;30mINFO[0m Creating package script '/home/gturrisi-iit.local/other_ws_home/iekf-legged-robot-pytorch/ros2_ws/install/dls2_interface/share/dls2_interface/package.bash'
[6.390s] [34mcolcon.colcon_core.shell[0m [1;30mINFO[0m Creating package script '/home/gturrisi-iit.local/other_ws_home/iekf-legged-robot-pytorch/ros2_ws/install/dls2_interface/share/dls2_interface/package.zsh'
[6.390s] [34mcolcon.colcon_core.environment[0m [1;30mLevel 1[0m create_file_with_runtime_dependencies(/home/gturrisi-iit.local/other_ws_home/iekf-legged-robot-pytorch/ros2_ws/install/dls2_interface/share/colcon-core/packages/dls2_interface)
[6.391s] [34mcolcon.colcon_core.environment[0m [1;30mLevel 1[0m create_environment_scripts_only(dls2_interface)
[6.391s] [34mcolcon.colcon_core.environment[0m [1;30mLevel 1[0m checking '/home/gturrisi-iit.local/other_ws_home/iekf-legged-robot-pytorch/ros2_ws/install/dls2_interface' for CMake module files
[6.392s] [34mcolcon.colcon_core.environment[0m [1;30mLevel 1[0m checking '/home/gturrisi-iit.local/other_ws_home/iekf-legged-robot-pytorch/ros2_ws/install/dls2_interface' for CMake config files
[6.393s] [34mcolcon.colcon_core.shell[0m [1;30mLevel 1[0m create_environment_hook('dls2_interface', 'cmake_prefix_path')
[6.393s] [34mcolcon.colcon_core.shell[0m [1;30mINFO[0m Creating environment hook '/home/gturrisi-iit.local/other_ws_home/iekf-legged-robot-pytorch/ros2_ws/install/dls2_interface/share/dls2_interface/hook/cmake_prefix_path.ps1'
[6.393s] [34mcolcon.colcon_core.shell[0m [1;30mINFO[0m Creating environment descriptor '/home/gturrisi-iit.local/other_ws_home/iekf-legged-robot-pytorch/ros2_ws/install/dls2_interface/share/dls2_interface/hook/cmake_prefix_path.dsv'
[6.394s] [34mcolcon.colcon_core.shell[0m [1;30mINFO[0m Creating environment hook '/home/gturrisi-iit.local/other_ws_home/iekf-legged-robot-pytorch/ros2_ws/install/dls2_interface/share/dls2_interface/hook/cmake_prefix_path.sh'
[6.394s] [34mcolcon.colcon_core.environment[0m [1;30mLevel 1[0m checking '/home/gturrisi-iit.local/other_ws_home/iekf-legged-robot-pytorch/ros2_ws/install/dls2_interface/lib'
[6.394s] [34mcolcon.colcon_core.shell[0m [1;30mLevel 1[0m create_environment_hook('dls2_interface', 'ld_library_path_lib')
[6.395s] [34mcolcon.colcon_core.shell[0m [1;30mINFO[0m Creating environment hook '/home/gturrisi-iit.local/other_ws_home/iekf-legged-robot-pytorch/ros2_ws/install/dls2_interface/share/dls2_interface/hook/ld_library_path_lib.ps1'
[6.395s] [34mcolcon.colcon_core.shell[0m [1;30mINFO[0m Creating environment descriptor '/home/gturrisi-iit.local/other_ws_home/iekf-legged-robot-pytorch/ros2_ws/install/dls2_interface/share/dls2_interface/hook/ld_library_path_lib.dsv'
[6.395s] [34mcolcon.colcon_core.shell[0m [1;30mINFO[0m Creating environment hook '/home/gturrisi-iit.local/other_ws_home/iekf-legged-robot-pytorch/ros2_ws/install/dls2_interface/share/dls2_interface/hook/ld_library_path_lib.sh'
[6.395s] [34mcolcon.colcon_core.environment[0m [1;30mLevel 1[0m checking '/home/gturrisi-iit.local/other_ws_home/iekf-legged-robot-pytorch/ros2_ws/install/dls2_interface/bin'
[6.396s] [34mcolcon.colcon_core.environment[0m [1;30mLevel 1[0m checking '/home/gturrisi-iit.local/other_ws_home/iekf-legged-robot-pytorch/ros2_ws/install/dls2_interface/lib/pkgconfig/dls2_interface.pc'
[6.396s] [34mcolcon.colcon_core.environment[0m [1;30mLevel 1[0m checking '/home/gturrisi-iit.local/other_ws_home/iekf-legged-robot-pytorch/ros2_ws/install/dls2_interface/lib/python3.12/site-packages'
[6.396s] [34mcolcon.colcon_core.shell[0m [1;30mLevel 1[0m create_environment_hook('dls2_interface', 'pythonpath')
[6.396s] [34mcolcon.colcon_core.shell[0m [1;30mINFO[0m Creating environment hook '/home/gturrisi-iit.local/other_ws_home/iekf-legged-robot-pytorch/ros2_ws/install/dls2_interface/share/dls2_interface/hook/pythonpath.ps1'
[6.396s] [34mcolcon.colcon_core.shell[0m [1;30mINFO[0m Creating environment descriptor '/home/gturrisi-iit.local/other_ws_home/iekf-legged-robot-pytorch/ros2_ws/install/dls2_interface/share/dls2_interface/hook/pythonpath.dsv'
[6.397s] [34mcolcon.colcon_core.shell[0m [1;30mINFO[0m Creating environment hook '/home/gturrisi-iit.local/other_ws_home/iekf-legged-robot-pytorch/ros2_ws/install/dls2_interface/share/dls2_interface/hook/pythonpath.sh'
[6.397s] [34mcolcon.colcon_core.environment[0m [1;30mLevel 1[0m checking '/home/gturrisi-iit.local/other_ws_home/iekf-legged-robot-pytorch/ros2_ws/install/dls2_interface/bin'
[6.397s] [34mcolcon.colcon_core.shell[0m [1;30mINFO[0m Creating package script '/home/gturrisi-iit.local/other_ws_home/iekf-legged-robot-pytorch/ros2_ws/install/dls2_interface/share/dls2_interface/package.ps1'
[6.398s] [34mcolcon.colcon_core.shell[0m [1;30mINFO[0m Creating package descriptor '/home/gturrisi-iit.local/other_ws_home/iekf-legged-robot-pytorch/ros2_ws/install/dls2_interface/share/dls2_interface/package.dsv'
[6.398s] [34mcolcon.colcon_core.shell[0m [1;30mINFO[0m Creating package script '/home/gturrisi-iit.local/other_ws_home/iekf-legged-robot-pytorch/ros2_ws/install/dls2_interface/share/dls2_interface/package.sh'
[6.398s] [34mcolcon.colcon_core.shell[0m [1;30mINFO[0m Creating package script '/home/gturrisi-iit.local/other_ws_home/iekf-legged-robot-pytorch/ros2_ws/install/dls2_interface/share/dls2_interface/package.bash'
[6.399s] [34mcolcon.colcon_core.shell[0m [1;30mINFO[0m Creating package script '/home/gturrisi-iit.local/other_ws_home/iekf-legged-robot-pytorch/ros2_ws/install/dls2_interface/share/dls2_interface/package.zsh'
[6.399s] [34mcolcon.colcon_core.environment[0m [1;30mLevel 1[0m create_file_with_runtime_dependencies(/home/gturrisi-iit.local/other_ws_home/iekf-legged-robot-pytorch/ros2_ws/install/dls2_interface/share/colcon-core/packages/dls2_interface)
[6.399s] [34mcolcon.colcon_parallel_executor.executor.parallel[0m [1;30mDEBUG[0m [32mclosing loop[0m
[6.400s] [34mcolcon.colcon_parallel_executor.executor.parallel[0m [1;30mDEBUG[0m [32mloop closed[0m
[6.400s] [34mcolcon.colcon_parallel_executor.executor.parallel[0m [1;30mDEBUG[0m [32mrun_until_complete finished with '0'[0m
[6.400s] [34mcolcon.colcon_core.event_reactor[0m [1;30mDEBUG[0m [32mjoining thread[0m
[6.400s] [34mcolcon.colcon_core.event_reactor[0m [1;30mDEBUG[0m [32mjoined thread[0m
[6.401s] [34mcolcon.colcon_core.shell[0m [1;30mINFO[0m Creating prefix script '/home/gturrisi-iit.local/other_ws_home/iekf-legged-robot-pytorch/ros2_ws/install/local_setup.ps1'
[6.402s] [34mcolcon.colcon_core.shell[0m [1;30mINFO[0m Creating prefix util module '/home/gturrisi-iit.local/other_ws_home/iekf-legged-robot-pytorch/ros2_ws/install/_local_setup_util_ps1.py'
[6.403s] [34mcolcon.colcon_core.shell[0m [1;30mINFO[0m Creating prefix chain script '/home/gturrisi-iit.local/other_ws_home/iekf-legged-robot-pytorch/ros2_ws/install/setup.ps1'
[6.403s] [34mcolcon.colcon_core.shell[0m [1;30mINFO[0m Creating prefix script '/home/gturrisi-iit.local/other_ws_home/iekf-legged-robot-pytorch/ros2_ws/install/local_setup.sh'
[6.404s] [34mcolcon.colcon_core.shell[0m [1;30mINFO[0m Creating prefix util module '/home/gturrisi-iit.local/other_ws_home/iekf-legged-robot-pytorch/ros2_ws/install/_local_setup_util_sh.py'
[6.404s] [34mcolcon.colcon_core.shell[0m [1;30mINFO[0m Creating prefix chain script '/home/gturrisi-iit.local/other_ws_home/iekf-legged-robot-pytorch/ros2_ws/install/setup.sh'
[6.405s] [34mcolcon.colcon_core.shell[0m [1;30mINFO[0m Creating prefix script '/home/gturrisi-iit.local/other_ws_home/iekf-legged-robot-pytorch/ros2_ws/install/local_setup.bash'
[6.405s] [34mcolcon.colcon_core.shell[0m [1;30mINFO[0m Creating prefix chain script '/home/gturrisi-iit.local/other_ws_home/iekf-legged-robot-pytorch/ros2_ws/install/setup.bash'
[6.405s] [34mcolcon.colcon_core.shell[0m [1;30mINFO[0m Creating prefix script '/home/gturrisi-iit.local/other_ws_home/iekf-legged-robot-pytorch/ros2_ws/install/local_setup.zsh'
[6.406s] [34mcolcon.colcon_core.shell[0m [1;30mINFO[0m Creating prefix chain script '/home/gturrisi-iit.local/other_ws_home/iekf-legged-robot-pytorch/ros2_ws/install/setup.zsh'
